###############################################################################
#                                                                             #
# IAR ELF Linker V6.70.1.5641/W32 for ARM               02/Jul/2014  14:53:37 #
# Copyright 2007-2013 IAR Systems AB.                                         #
#                                                                             #
#    Output file  =  C:\Texas Instruments\Z-Stack Home                        #
#                    1.2.0\Projects\zstack\HomeAutomation_test\Smartmeter_wan #
#                    g\CC2538\EndDevice\Exe\SmartMeter.out                    #
#    Map file     =  C:\Texas Instruments\Z-Stack Home                        #
#                    1.2.0\Projects\zstack\HomeAutomation_test\Smartmeter_wan #
#                    g\CC2538\EndDevice\List\SmartMeter.map                   #
#    Command line =  "C:\Texas Instruments\Z-Stack Home                       #
#                    1.2.0\Projects\zstack\HomeAutomation_test\Smartmeter_wan #
#                    g\CC2538\EndDevice\Obj\AF.o" "C:\Texas                   #
#                    Instruments\Z-Stack Home 1.2.0\Projects\zstack\HomeAutom #
#                    ation_test\Smartmeter_wang\CC2538\EndDevice\Obj\armcm3fl #
#                    ashutil.o" "C:\Texas Instruments\Z-Stack Home            #
#                    1.2.0\Projects\zstack\HomeAutomation_test\Smartmeter_wan #
#                    g\CC2538\EndDevice\Obj\BindingTable.o" "C:\Texas         #
#                    Instruments\Z-Stack Home 1.2.0\Projects\zstack\HomeAutom #
#                    ation_test\Smartmeter_wang\CC2538\EndDevice\Obj\DebugTra #
#                    ce.o" "C:\Texas Instruments\Z-Stack Home                 #
#                    1.2.0\Projects\zstack\HomeAutomation_test\Smartmeter_wan #
#                    g\CC2538\EndDevice\Obj\hal_adc.o" "C:\Texas              #
#                    Instruments\Z-Stack Home 1.2.0\Projects\zstack\HomeAutom #
#                    ation_test\Smartmeter_wang\CC2538\EndDevice\Obj\hal_aes. #
#                    o" "C:\Texas Instruments\Z-Stack Home                    #
#                    1.2.0\Projects\zstack\HomeAutomation_test\Smartmeter_wan #
#                    g\CC2538\EndDevice\Obj\hal_assert.o" "C:\Texas           #
#                    Instruments\Z-Stack Home 1.2.0\Projects\zstack\HomeAutom #
#                    ation_test\Smartmeter_wang\CC2538\EndDevice\Obj\hal_ccm. #
#                    o" "C:\Texas Instruments\Z-Stack Home                    #
#                    1.2.0\Projects\zstack\HomeAutomation_test\Smartmeter_wan #
#                    g\CC2538\EndDevice\Obj\hal_drivers.o" "C:\Texas          #
#                    Instruments\Z-Stack Home 1.2.0\Projects\zstack\HomeAutom #
#                    ation_test\Smartmeter_wang\CC2538\EndDevice\Obj\hal_key. #
#                    o" "C:\Texas Instruments\Z-Stack Home                    #
#                    1.2.0\Projects\zstack\HomeAutomation_test\Smartmeter_wan #
#                    g\CC2538\EndDevice\Obj\hal_lcd.o" "C:\Texas              #
#                    Instruments\Z-Stack Home 1.2.0\Projects\zstack\HomeAutom #
#                    ation_test\Smartmeter_wang\CC2538\EndDevice\Obj\hal_led. #
#                    o" "C:\Texas Instruments\Z-Stack Home                    #
#                    1.2.0\Projects\zstack\HomeAutomation_test\Smartmeter_wan #
#                    g\CC2538\EndDevice\Obj\hal_mac_cfg.o" "C:\Texas          #
#                    Instruments\Z-Stack Home 1.2.0\Projects\zstack\HomeAutom #
#                    ation_test\Smartmeter_wang\CC2538\EndDevice\Obj\hal_slee #
#                    p.o" "C:\Texas Instruments\Z-Stack Home                  #
#                    1.2.0\Projects\zstack\HomeAutomation_test\Smartmeter_wan #
#                    g\CC2538\EndDevice\Obj\hal_sys_ctrl.o" "C:\Texas         #
#                    Instruments\Z-Stack Home 1.2.0\Projects\zstack\HomeAutom #
#                    ation_test\Smartmeter_wang\CC2538\EndDevice\Obj\hal_syst #
#                    ick.o" "C:\Texas Instruments\Z-Stack Home                #
#                    1.2.0\Projects\zstack\HomeAutomation_test\Smartmeter_wan #
#                    g\CC2538\EndDevice\Obj\hal_uart.o" "C:\Texas             #
#                    Instruments\Z-Stack Home 1.2.0\Projects\zstack\HomeAutom #
#                    ation_test\Smartmeter_wang\CC2538\EndDevice\Obj\mac_auto #
#                    pend.o" "C:\Texas Instruments\Z-Stack Home               #
#                    1.2.0\Projects\zstack\HomeAutomation_test\Smartmeter_wan #
#                    g\CC2538\EndDevice\Obj\mac_backoff_timer.o" "C:\Texas    #
#                    Instruments\Z-Stack Home 1.2.0\Projects\zstack\HomeAutom #
#                    ation_test\Smartmeter_wang\CC2538\EndDevice\Obj\mac_cfg. #
#                    o" "C:\Texas Instruments\Z-Stack Home                    #
#                    1.2.0\Projects\zstack\HomeAutomation_test\Smartmeter_wan #
#                    g\CC2538\EndDevice\Obj\mac_csp_tx.o" "C:\Texas           #
#                    Instruments\Z-Stack Home 1.2.0\Projects\zstack\HomeAutom #
#                    ation_test\Smartmeter_wang\CC2538\EndDevice\Obj\mac_low_ #
#                    level.o" "C:\Texas Instruments\Z-Stack Home              #
#                    1.2.0\Projects\zstack\HomeAutomation_test\Smartmeter_wan #
#                    g\CC2538\EndDevice\Obj\mac_mcu.o" "C:\Texas              #
#                    Instruments\Z-Stack Home 1.2.0\Projects\zstack\HomeAutom #
#                    ation_test\Smartmeter_wang\CC2538\EndDevice\Obj\mac_mem. #
#                    o" "C:\Texas Instruments\Z-Stack Home                    #
#                    1.2.0\Projects\zstack\HomeAutomation_test\Smartmeter_wan #
#                    g\CC2538\EndDevice\Obj\mac_pib.o" "C:\Texas              #
#                    Instruments\Z-Stack Home 1.2.0\Projects\zstack\HomeAutom #
#                    ation_test\Smartmeter_wang\CC2538\EndDevice\Obj\mac_radi #
#                    o.o" "C:\Texas Instruments\Z-Stack Home                  #
#                    1.2.0\Projects\zstack\HomeAutomation_test\Smartmeter_wan #
#                    g\CC2538\EndDevice\Obj\mac_radio_defs.o" "C:\Texas       #
#                    Instruments\Z-Stack Home 1.2.0\Projects\zstack\HomeAutom #
#                    ation_test\Smartmeter_wang\CC2538\EndDevice\Obj\mac_rffr #
#                    ontend.o" "C:\Texas Instruments\Z-Stack Home             #
#                    1.2.0\Projects\zstack\HomeAutomation_test\Smartmeter_wan #
#                    g\CC2538\EndDevice\Obj\mac_rx.o" "C:\Texas               #
#                    Instruments\Z-Stack Home 1.2.0\Projects\zstack\HomeAutom #
#                    ation_test\Smartmeter_wang\CC2538\EndDevice\Obj\mac_rx_o #
#                    noff.o" "C:\Texas Instruments\Z-Stack Home               #
#                    1.2.0\Projects\zstack\HomeAutomation_test\Smartmeter_wan #
#                    g\CC2538\EndDevice\Obj\mac_sleep.o" "C:\Texas            #
#                    Instruments\Z-Stack Home 1.2.0\Projects\zstack\HomeAutom #
#                    ation_test\Smartmeter_wang\CC2538\EndDevice\Obj\mac_tx.o #
#                    " "C:\Texas Instruments\Z-Stack Home                     #
#                    1.2.0\Projects\zstack\HomeAutomation_test\Smartmeter_wan #
#                    g\CC2538\EndDevice\Obj\MT.o" "C:\Texas                   #
#                    Instruments\Z-Stack Home 1.2.0\Projects\zstack\HomeAutom #
#                    ation_test\Smartmeter_wang\CC2538\EndDevice\Obj\MT_AF.o" #
#                     "C:\Texas Instruments\Z-Stack Home                      #
#                    1.2.0\Projects\zstack\HomeAutomation_test\Smartmeter_wan #
#                    g\CC2538\EndDevice\Obj\MT_APP.o" "C:\Texas               #
#                    Instruments\Z-Stack Home 1.2.0\Projects\zstack\HomeAutom #
#                    ation_test\Smartmeter_wang\CC2538\EndDevice\Obj\MT_DEBUG #
#                    .o" "C:\Texas Instruments\Z-Stack Home                   #
#                    1.2.0\Projects\zstack\HomeAutomation_test\Smartmeter_wan #
#                    g\CC2538\EndDevice\Obj\MT_NWK.o" "C:\Texas               #
#                    Instruments\Z-Stack Home 1.2.0\Projects\zstack\HomeAutom #
#                    ation_test\Smartmeter_wang\CC2538\EndDevice\Obj\MT_SYS.o #
#                    " "C:\Texas Instruments\Z-Stack Home                     #
#                    1.2.0\Projects\zstack\HomeAutomation_test\Smartmeter_wan #
#                    g\CC2538\EndDevice\Obj\MT_TASK.o" "C:\Texas              #
#                    Instruments\Z-Stack Home 1.2.0\Projects\zstack\HomeAutom #
#                    ation_test\Smartmeter_wang\CC2538\EndDevice\Obj\MT_UART. #
#                    o" "C:\Texas Instruments\Z-Stack Home                    #
#                    1.2.0\Projects\zstack\HomeAutomation_test\Smartmeter_wan #
#                    g\CC2538\EndDevice\Obj\MT_UTIL.o" "C:\Texas              #
#                    Instruments\Z-Stack Home 1.2.0\Projects\zstack\HomeAutom #
#                    ation_test\Smartmeter_wang\CC2538\EndDevice\Obj\MT_VERSI #
#                    ON.o" "C:\Texas Instruments\Z-Stack Home                 #
#                    1.2.0\Projects\zstack\HomeAutomation_test\Smartmeter_wan #
#                    g\CC2538\EndDevice\Obj\MT_ZDO.o" "C:\Texas               #
#                    Instruments\Z-Stack Home 1.2.0\Projects\zstack\HomeAutom #
#                    ation_test\Smartmeter_wang\CC2538\EndDevice\Obj\nwk_glob #
#                    als.o" "C:\Texas Instruments\Z-Stack Home                #
#                    1.2.0\Projects\zstack\HomeAutomation_test\Smartmeter_wan #
#                    g\CC2538\EndDevice\Obj\OnBoard.o" "C:\Texas              #
#                    Instruments\Z-Stack Home 1.2.0\Projects\zstack\HomeAutom #
#                    ation_test\Smartmeter_wang\CC2538\EndDevice\Obj\OSAL.o"  #
#                    "C:\Texas Instruments\Z-Stack Home                       #
#                    1.2.0\Projects\zstack\HomeAutomation_test\Smartmeter_wan #
#                    g\CC2538\EndDevice\Obj\OSAL_Clock.o" "C:\Texas           #
#                    Instruments\Z-Stack Home 1.2.0\Projects\zstack\HomeAutom #
#                    ation_test\Smartmeter_wang\CC2538\EndDevice\Obj\OSAL_Mem #
#                    ory.o" "C:\Texas Instruments\Z-Stack Home                #
#                    1.2.0\Projects\zstack\HomeAutomation_test\Smartmeter_wan #
#                    g\CC2538\EndDevice\Obj\osal_nv.o" "C:\Texas              #
#                    Instruments\Z-Stack Home 1.2.0\Projects\zstack\HomeAutom #
#                    ation_test\Smartmeter_wang\CC2538\EndDevice\Obj\OSAL_Pwr #
#                    Mgr.o" "C:\Texas Instruments\Z-Stack Home                #
#                    1.2.0\Projects\zstack\HomeAutomation_test\Smartmeter_wan #
#                    g\CC2538\EndDevice\Obj\OSAL_SmartMeter.o" "C:\Texas      #
#                    Instruments\Z-Stack Home 1.2.0\Projects\zstack\HomeAutom #
#                    ation_test\Smartmeter_wang\CC2538\EndDevice\Obj\OSAL_Tim #
#                    ers.o" "C:\Texas Instruments\Z-Stack Home                #
#                    1.2.0\Projects\zstack\HomeAutomation_test\Smartmeter_wan #
#                    g\CC2538\EndDevice\Obj\saddr.o" "C:\Texas                #
#                    Instruments\Z-Stack Home 1.2.0\Projects\zstack\HomeAutom #
#                    ation_test\Smartmeter_wang\CC2538\EndDevice\Obj\startup_ #
#                    ewarm.o" "C:\Texas Instruments\Z-Stack Home              #
#                    1.2.0\Projects\zstack\HomeAutomation_test\Smartmeter_wan #
#                    g\CC2538\EndDevice\Obj\stub_aps.o" "C:\Texas             #
#                    Instruments\Z-Stack Home 1.2.0\Projects\zstack\HomeAutom #
#                    ation_test\Smartmeter_wang\CC2538\EndDevice\Obj\uartstdi #
#                    o.o" "C:\Texas Instruments\Z-Stack Home                  #
#                    1.2.0\Projects\zstack\HomeAutomation_test\Smartmeter_wan #
#                    g\CC2538\EndDevice\Obj\zcl.o" "C:\Texas                  #
#                    Instruments\Z-Stack Home 1.2.0\Projects\zstack\HomeAutom #
#                    ation_test\Smartmeter_wang\CC2538\EndDevice\Obj\zcl_ezmo #
#                    de.o" "C:\Texas Instruments\Z-Stack Home                 #
#                    1.2.0\Projects\zstack\HomeAutomation_test\Smartmeter_wan #
#                    g\CC2538\EndDevice\Obj\zcl_general.o" "C:\Texas          #
#                    Instruments\Z-Stack Home 1.2.0\Projects\zstack\HomeAutom #
#                    ation_test\Smartmeter_wang\CC2538\EndDevice\Obj\zcl_ha.o #
#                    " "C:\Texas Instruments\Z-Stack Home                     #
#                    1.2.0\Projects\zstack\HomeAutomation_test\Smartmeter_wan #
#                    g\CC2538\EndDevice\Obj\zcl_ms.o" "C:\Texas               #
#                    Instruments\Z-Stack Home 1.2.0\Projects\zstack\HomeAutom #
#                    ation_test\Smartmeter_wang\CC2538\EndDevice\Obj\zcl_Smar #
#                    tMeter.o" "C:\Texas Instruments\Z-Stack Home             #
#                    1.2.0\Projects\zstack\HomeAutomation_test\Smartmeter_wan #
#                    g\CC2538\EndDevice\Obj\zcl_SmartMeter_data.o" "C:\Texas  #
#                    Instruments\Z-Stack Home 1.2.0\Projects\zstack\HomeAutom #
#                    ation_test\Smartmeter_wang\CC2538\EndDevice\Obj\ZDApp.o" #
#                     "C:\Texas Instruments\Z-Stack Home                      #
#                    1.2.0\Projects\zstack\HomeAutomation_test\Smartmeter_wan #
#                    g\CC2538\EndDevice\Obj\ZDConfig.o" "C:\Texas             #
#                    Instruments\Z-Stack Home 1.2.0\Projects\zstack\HomeAutom #
#                    ation_test\Smartmeter_wang\CC2538\EndDevice\Obj\ZDNwkMgr #
#                    .o" "C:\Texas Instruments\Z-Stack Home                   #
#                    1.2.0\Projects\zstack\HomeAutomation_test\Smartmeter_wan #
#                    g\CC2538\EndDevice\Obj\ZDObject.o" "C:\Texas             #
#                    Instruments\Z-Stack Home 1.2.0\Projects\zstack\HomeAutom #
#                    ation_test\Smartmeter_wang\CC2538\EndDevice\Obj\ZDProfil #
#                    e.o" "C:\Texas Instruments\Z-Stack Home                  #
#                    1.2.0\Projects\zstack\HomeAutomation_test\Smartmeter_wan #
#                    g\CC2538\EndDevice\Obj\ZDSecMgr.o" "C:\Texas             #
#                    Instruments\Z-Stack Home 1.2.0\Projects\zstack\HomeAutom #
#                    ation_test\Smartmeter_wang\CC2538\EndDevice\Obj\ZGlobals #
#                    .o" "C:\Texas Instruments\Z-Stack Home                   #
#                    1.2.0\Projects\zstack\HomeAutomation_test\Smartmeter_wan #
#                    g\CC2538\EndDevice\Obj\zmac.o" "C:\Texas                 #
#                    Instruments\Z-Stack Home 1.2.0\Projects\zstack\HomeAutom #
#                    ation_test\Smartmeter_wang\CC2538\EndDevice\Obj\zmac_cb. #
#                    o" "C:\Texas Instruments\Z-Stack Home                    #
#                    1.2.0\Projects\zstack\HomeAutomation_test\Smartmeter_wan #
#                    g\CC2538\EndDevice\Obj\ZMain.o" --redirect               #
#                    _Printf=_PrintfTiny --redirect _Scanf=_ScanfSmall -o     #
#                    "C:\Texas Instruments\Z-Stack Home                       #
#                    1.2.0\Projects\zstack\HomeAutomation_test\Smartmeter_wan #
#                    g\CC2538\EndDevice\Exe\SmartMeter.out" --map "C:\Texas   #
#                    Instruments\Z-Stack Home 1.2.0\Projects\zstack\HomeAutom #
#                    ation_test\Smartmeter_wang\CC2538\EndDevice\List\SmartMe #
#                    ter.map" --config "C:\Texas Instruments\Z-Stack Home     #
#                    1.2.0\Projects\zstack\HomeAutomation_test\Smartmeter_wan #
#                    g\CC2538\..\..\..\Tools\CC2538DB\CC2538.icf"             #
#                    --semihosting "C:\Texas Instruments\Z-Stack Home         #
#                    1.2.0\Projects\zstack\HomeAutomation_test\Smartmeter_wan #
#                    g\CC2538\..\..\..\Libraries\CC2538\bin\EndDevice.a"      #
#                    "C:\Texas Instruments\Z-Stack Home                       #
#                    1.2.0\Projects\zstack\HomeAutomation_test\Smartmeter_wan #
#                    g\CC2538\..\..\..\Libraries\TIMAC\bin\TIMAC-CC2538.a"    #
#                    "C:\Texas Instruments\Z-Stack Home                       #
#                    1.2.0\Projects\zstack\HomeAutomation_test\Smartmeter_wan #
#                    g\CC2538\..\..\..\..\..\Components\driverlib\cc2538\bin\ #
#                    iar\sdriverlib.lib" "C:\Texas Instruments\Z-Stack Home   #
#                    1.2.0\Projects\zstack\HomeAutomation_test\Smartmeter_wan #
#                    g\CC2538\..\..\..\..\..\Components\bsp\srf06eb_cc2538\dr #
#                    ivers\bin\iar\bsp.lib" --entry __iar_program_start --vfe #
#                                                                             #
#                                                                             #
###############################################################################

*******************************************************************************
*** RUNTIME MODEL ATTRIBUTES
***

CppFlavor       = *
__SystemLibrary = DLib


*******************************************************************************
*** PLACEMENT SUMMARY
***

"A1":  place at start of [0x00200000-0x0027c7ff] { ro section .intvec };
"A2":  place at start of [0x0027ffd4-0x0027ffdf] { ro section .cca };
"P1":  place in [from 0x00200000 to 0x0027c7ff] { ro };
"A7":  place at start of [0x20004000-0x20008fff] { section VTABLE };
"P2":  place in [from 0x20004000 to 0x20008fff] { rw, block HEAP };

  Section             Kind        Address     Size  Object
  -------             ----        -------     ----  ------
"A1":                                        0x100
  .intvec             const    0x00200000    0x100  startup_ewarm.o [1]
                             - 0x00200100    0x100

"P1":                                      0x1b360
  .text               ro code  0x00200100   0x1f5a  zcl.o [1]
  .text               ro code  0x0020205a     0x22  zero_init3.o [8]
  .text               ro code  0x0020207c    0x7a4  OSAL.o [1]
  .text               ro code  0x00202820     0x76  ABImemcpy_unaligned.o [8]
  .rodata             const    0x00202896      0x2  MT_SYS.o [1]
  .text               ro code  0x00202898    0x20c  OSAL_Memory.o [1]
  .text               ro code  0x00202aa4    0x68c  AF.o [1]
  .text               ro code  0x00203130     0x36  strlen.o [8]
  .text               ro code  0x00203166     0x14  memset.o [6]
  .rodata             const    0x0020317a      0x2  MT_SYS.o [1]
  .text               ro code  0x0020317c      0x6  ABImemclr4.o [8]
  .rodata             const    0x00203182      0x2  nwk_globals.o [1]
  .text               ro code  0x00203184    0x10e  OnBoard.o [1]
  .rodata             const    0x00203292      0x2  nwk_globals.o [1]
  .text               ro code  0x00203294     0x44  strcpy_unaligned.o [8]
  .text               ro code  0x002032d8     0x1c  strcat.o [6]
  .text               ro code  0x002032f4    0x250  interrupt.o [9]
  .text               ro code  0x00203544    0x308  OSAL_Timers.o [1]
  .text               ro code  0x0020384c     0x14  OSAL_PwrMgr.o [1]
  .text               ro code  0x00203860     0x88  OSAL_SmartMeter.o [1]
  .text               ro code  0x002038e8     0x98  hal_drivers.o [1]
  .text               ro code  0x00203980    0x29c  hal_assert.o [1]
  .text               ro code  0x00203c1c     0x58  aps_groups.o [3]
  .text               ro code  0x00203c74    0xfdc  nwk_util.o [3]
  .text               ro code  0x00204c50    0x704  rtg.o [3]
  .text               ro code  0x00205354     0xa6  saddr.o [1]
  .rodata             const    0x002053fa      0x2  nwk_globals.o [1]
  .text               ro code  0x002053fc    0xac8  APSMEDE.o [3]
  .text               ro code  0x00205ec4     0x66  ABImemset.o [8]
  .rodata             const    0x00205f2a      0x2  nwk_globals.o [1]
  .text               ro code  0x00205f2c     0x32  ABImemset48.o [8]
  .rodata             const    0x00205f5e      0x2  zcl_SmartMeter.o [1]
  .text               ro code  0x00205f60    0x194  hal_key.o [1]
  .text               ro code  0x002060f4    0x6f8  mac_mcu.o [1]
  .text               ro code  0x002067ec     0x10  cpu.o [9]
  .text               ro code  0x002067fc   0x1dac  mac_beacon.o [4]
  .text               ro code  0x002085a8    0xb2c  nwk.o [3]
  .text               ro code  0x002090d4    0x190  MT_TASK.o [1]
  .text               ro code  0x00209264    0x6c8  APS.o [3]
  .text               ro code  0x0020992c    0x63c  aps_frag.o [3]
  .text               ro code  0x00209f68   0x14b0  ZDApp.o [1]
  .text               ro code  0x0020b418   0x170c  zcl_SmartMeter.o [1]
  .text               ro code  0x0020cb24     0x5c  hal_aes.o [1]
  .text               ro code  0x0020cb80    0x114  hal_lcd.o [1]
  .text               ro code  0x0020cc94    0x36c  hal_led.o [1]
  .text               ro code  0x0020d000    0x556  hal_uart.o [1]
  .rodata             const    0x0020d556      0x2  zcl_SmartMeter.o [1]
  .text               ro code  0x0020d558    0x198  hal_sys_ctrl.o [1]
  .text               ro code  0x0020d6f0    0x1c0  gpio.o [9]
  .text               ro code  0x0020d8b0    0x424  nwk_bufs.o [3]
  .text               ro code  0x0020dcd4    0x230  NLMEDE_CB.o [3]
  .text               ro code  0x0020df04    0x548  ssp.o [3]
  .text               ro code  0x0020e44c    0x210  zmac.o [1]
  .text               ro code  0x0020e65c    0x3d8  NLMEDE.o [3]
  .text               ro code  0x0020ea34    0x264  nwk_globals.o [1]
  .text               ro code  0x0020ec98    0x41c  AddrMgr.o [3]
  .text               ro code  0x0020f0b4    0x134  AssocList.o [3]
  .text               ro code  0x0020f1e8   0x1122  osal_nv.o [1]
  .rodata             const    0x0021030a      0x2  zcl_SmartMeter.o [1]
  .text               ro code  0x0021030c    0xa54  ZDSecMgr.o [1]
  .text               ro code  0x00210d60    0x144  APSMEDE_CB.o [3]
  .text               ro code  0x00210ea4    0x30c  bsp_key.o [5]
  .text               ro code  0x002111b0    0x204  mac_rx_onoff.o [1]
  .text               ro code  0x002113b4    0x170  mac_backoff_timer.o [1]
  .text               ro code  0x00211524    0x5b4  mac_csp_tx.o [1]
  .text               ro code  0x00211ad8    0xab0  mac_rx.o [1]
  .text               ro code  0x00212588    0x2d0  zmac_cb.o [1]
  .text               ro code  0x00212858    0x4a4  mac_tx.o [1]
  .text               ro code  0x00212cfc    0x2f0  mac_radio.o [1]
  .text               ro code  0x00212fec    0x200  mac_pib.o [1]
  .text               ro code  0x002131ec     0x68  mac_low_level.o [1]
  .text               ro code  0x00213254    0x25c  MT_UART.o [1]
  .text               ro code  0x002134b0    0x102  MT.o [1]
  .rodata             const    0x002135b2      0x2  zcl_SmartMeter_data.o [1]
  .text               ro code  0x002135b4     0xc8  MT_AF.o [1]
  .text               ro code  0x0021367c    0x8b4  MT_SYS.o [1]
  .text               ro code  0x00213f30     0xc2  MT_DEBUG.o [1]
  .rodata             const    0x00213ff2      0x1  nwk_globals.o [1]
  .rodata             const    0x00213ff3      0x1  nwk_globals.o [1]
  .text               ro code  0x00213ff4    0x8bc  BindingTable.o [1]
  .text               ro code  0x002148b0    0x148  reflecttrack.o [3]
  .text               ro code  0x002149f8    0x228  aps_util.o [3]
  .text               ro code  0x00214c20    0xb06  ZDObject.o [1]
  .rodata             const    0x00215726      0x1  nwk_globals.o [1]
  .rodata             const    0x00215727      0x1  nwk_globals.o [1]
  .text               ro code  0x00215728    0x204  ZGlobals.o [1]
  .text               ro code  0x0021592c    0x23c  sys_ctrl.o [9]
  .text               ro code  0x00215b68     0xf0  ZDConfig.o [1]
  .text               ro code  0x00215c58    0xe30  ZDProfile.o [1]
  .text               ro code  0x00216a88     0x64  zcl_ha.o [1]
  .text               ro code  0x00216aec    0x274  zcl_general.o [1]
  .text               ro code  0x00216d60    0x39c  zcl_ezmode.o [1]
  .text               ro code  0x002170fc     0x22  I64Shl.o [8]
  .rodata             const    0x0021711e      0x1  nwk_globals.o [1]
  .rodata             const    0x0021711f      0x1  nwk_globals.o [1]
  .text               ro code  0x00217120     0x40  systick.o [9]
  .text               ro code  0x00217160     0x1e  U64Shr.o [8]
  .rodata             const    0x0021717e      0x1  nwk_globals.o [1]
  .rodata             const    0x0021717f      0x1  nwk_globals.o [1]
  .text               ro code  0x00217180     0x1c  I32ToDbl.o [7]
  .text               ro code  0x0021719c    0x1a2  DblMul.o [7]
  .rodata             const    0x0021733e      0x1  nwk_globals.o [1]
  .rodata             const    0x0021733f      0x1  nwk_globals.o [1]
  .text               ro code  0x00217340     0x4c  DblToI32.o [7]
  .text               ro code  0x0021738c     0xf0  sqrt.o [7]
  .text               ro code  0x0021747c     0xee  I64DivMod.o [8]
  .rodata             const    0x0021756a      0x1  nwk_globals.o [1]
  .rodata             const    0x0021756b      0x1  nwk_globals.o [1]
  .text               ro code  0x0021756c     0x40  I64ToDbl.o [7]
  .text               ro code  0x002175ac     0x50  adc.o [9]
  .text               ro code  0x002175fc     0xe0  rand.o [6]
  .text               ro code  0x002176dc    0x2e4  ioc.o [9]
  .text               ro code  0x002179c0     0x8c  uartstdio.o [1]
  .text               ro code  0x00217a4c    0x1ec  aes.o [9]
  .text               ro code  0x00217c38     0xb4  bsp.o [5]
  .text               ro code  0x00217cec    0x120  lcd_srf06eb.o [5]
  .text               ro code  0x00217e0c     0x4c  DebugTrace.o [1]
  .text               ro code  0x00217e58      0xc  memcpy.o [6]
  .text               ro code  0x00217e64     0xe4  lcd_dogm128_6.o [5]
  .text               ro code  0x00217f48     0xea  uart.o [9]
  .text               ro code  0x00218032    0x2b2  ssp_hash.o [3]
  .text               ro code  0x002182e4    0x102  hal_ccm.o [1]
  .rodata             const    0x002183e6      0x1  nwk_globals.o [1]
  .rodata             const    0x002183e7      0x1  nwk_globals.o [1]
  .text               ro code  0x002183e8    0x46c  mac_autopend.o [1]
  .text               ro code  0x00218854    0x1b6  armcm3flashutil.o [1]
  .rodata             const    0x00218a0a      0x1  nwk_globals.o [1]
  .rodata             const    0x00218a0b      0x1  nwk_globals.o [1]
  .text               ro code  0x00218a0c     0x38  hal_adc.o [1]
  .text               ro code  0x00218a44    0x350  io_pin_int.o [5]
  .text               ro code  0x00218d94     0x74  mac_mem.o [1]
  .text               ro code  0x00218e08     0x68  mac_sleep.o [1]
  .text               ro code  0x00218e70    0xcc0  MT_ZDO.o [1]
  .text               ro code  0x00219b30    0x308  OSAL_Clock.o [1]
  .text               ro code  0x00219e38      0xc  iarEdom.o [8]
  .text               ro code  0x00219e44      0x2  I64DivZer.o [8]
  .text               ro code  0x00219e46      0x2  xtls.o [6]
  .text               ro code  0x00219e48     0x8a  ssi.o [9]
  .rodata             const    0x00219ed2      0x1  nwk_globals.o [1]
  .rodata             const    0x00219ed3      0x1  OSAL_SmartMeter.o [1]
  .text               ro code  0x00219ed4      0x6  ABImemclr.o [8]
  .rodata             const    0x00219eda      0x1  zcl_SmartMeter_data.o [1]
  .rodata             const    0x00219edb      0x1  zcl_SmartMeter_data.o [1]
  .text               ro code  0x00219edc    0x3b0  ccm.o [9]
  .text               ro code  0x0021a28c     0x38  flash.o [9]
  .text               ro code  0x0021a2c4     0x90  mac_radio_defs.o [1]
  .text               ro code  0x0021a354      0xc  errno.o [6]
  .text               ro code  0x0021a360    0x29c  ZMain.o [1]
  .text               ro code  0x0021a5fc     0x2a  hal_systick.o [1]
  .rodata             const    0x0021a626      0x1  zcl_SmartMeter_data.o [1]
  .rodata             const    0x0021a627      0x1  ZDProfile.o [1]
  .rodata             const    0x0021a628    0x1d8  lcd_dogm128_6_alphabet.o [5]
  .rodata             const    0x0021a800    0x190  ZGlobals.o [1]
  .text               ro code  0x0021a990     0xd4  packbits_init.o [8]
  .text               ro code  0x0021aa64      0x6  abort.o [6]
  .text               ro code  0x0021aa6c     0x14  exit.o [10]
  .text               ro code  0x0021aa80     0xce  MT_APP.o [1]
  .rodata             const    0x0021ab50     0xcc  zcl_SmartMeter_data.o [1]
  .rodata             const    0x0021ac1c     0xcc  mac_beacon.o [4]
  .rodata             const    0x0021ace8     0xb8  zcl.o [1]
  .rodata             const    0x0021ada0     0x90  mac_pib.o [1]
  .rodata             const    0x0021ae30     0x58  ZDProfile.o [1]
  .rodata             const    0x0021ae88     0x4c  mac_pib.o [1]
  .text               ro code  0x0021aed4     0x42  startup_ewarm.o [1]
  .text               ro code  0x0021af16      0xc  cstartup_M.o [8]
  .text               ro code  0x0021af24     0x1a  cmain.o [8]
  .text               ro code  0x0021af3e      0x4  low_level_init.o [6]
  .text               ro code  0x0021af44     0x28  data_init.o [8]
  .text               ro code  0x0021af6c      0x4  exit.o [6]
  .text               ro code  0x0021af70      0xa  cexit.o [8]
  .rodata             const    0x0021af7c     0x24  mac_radio_defs.o [1]
  .rodata             const    0x0021afa0     0x24  OSAL_SmartMeter.o [1]
  .iar.init_table     const    0x0021afc4     0x34  - Linker created -
  .rodata             const    0x0021aff8     0x20  zcl_SmartMeter.o [1]
  .rodata             const    0x0021b018     0x18  hal_lcd.o [1]
  .rodata             const    0x0021b030     0x18  zcl_SmartMeter.o [1]
  .rodata             const    0x0021b048     0x18  ZMain.o [1]
  .rodata             const    0x0021b060     0x14  hal_uart.o [1]
  .rodata             const    0x0021b074     0x14  zcl_SmartMeter.o [1]
  .rodata             const    0x0021b088     0x14  zcl_SmartMeter.o [1]
  .rodata             const    0x0021b09c     0x14  zcl_SmartMeter.o [1]
  .rodata             const    0x0021b0b0     0x14  zcl_SmartMeter.o [1]
  .rodata             const    0x0021b0c4     0x14  zcl_SmartMeter.o [1]
  .rodata             const    0x0021b0d8     0x14  zcl_SmartMeter.o [1]
  .rodata             const    0x0021b0ec     0x14  zcl_SmartMeter.o [1]
  .rodata             const    0x0021b100     0x14  zcl_SmartMeter_data.o [1]
  .rodata             const    0x0021b114     0x14  zcl_SmartMeter_data.o [1]
  .rodata             const    0x0021b128     0x14  zcl_SmartMeter_data.o [1]
  .rodata             const    0x0021b13c     0x14  zmac_cb.o [1]
  .rodata             const    0x0021b150     0x14  ZMain.o [1]
  .rodata             const    0x0021b164     0x10  nwk_globals.o [1]
  .rodata             const    0x0021b174     0x10  nwk_globals.o [1]
  .rodata             const    0x0021b184     0x10  nwk_globals.o [1]
  .rodata             const    0x0021b194     0x10  nwk_globals.o [1]
  .rodata             const    0x0021b1a4     0x10  zcl_SmartMeter.o [1]
  .rodata             const    0x0021b1b4     0x10  zcl_SmartMeter.o [1]
  .rodata             const    0x0021b1c4     0x10  zcl_SmartMeter.o [1]
  .rodata             const    0x0021b1d4     0x10  zcl_SmartMeter.o [1]
  .rodata             const    0x0021b1e4     0x10  zcl_SmartMeter.o [1]
  .rodata             const    0x0021b1f4     0x10  zcl_SmartMeter.o [1]
  .rodata             const    0x0021b204     0x10  zcl_SmartMeter.o [1]
  .rodata             const    0x0021b214     0x10  ZDObject.o [1]
  .rodata             const    0x0021b224     0x10  ZDObject.o [1]
  .rodata             const    0x0021b234     0x10  ZDObject.o [1]
  .rodata             const    0x0021b244     0x10  ZDObject.o [1]
  .rodata             const    0x0021b254      0xc  nwk_globals.o [1]
  .rodata             const    0x0021b260      0xc  nwk_globals.o [1]
  .rodata             const    0x0021b26c      0xc  nwk_globals.o [1]
  .rodata             const    0x0021b278      0xc  zcl_SmartMeter.o [1]
  .rodata             const    0x0021b284      0xc  zcl_SmartMeter.o [1]
  .rodata             const    0x0021b290      0xc  ZDObject.o [1]
  .rodata             const    0x0021b29c      0xc  ZDObject.o [1]
  .text               ro code  0x0021b2a8      0xa  hal_sleep.o [1]
  .rodata             const    0x0021b2b4      0x8  mac_cfg.o [1]
  .rodata             const    0x0021b2bc      0x8  MT_SYS.o [1]
  .rodata             const    0x0021b2c4      0x8  MT_VERSION.o [1]
  .rodata             const    0x0021b2cc      0x8  nwk_globals.o [1]
  .rodata             const    0x0021b2d4      0x8  nwk_globals.o [1]
  .rodata             const    0x0021b2dc      0x8  osal_nv.o [1]
  .rodata             const    0x0021b2e4      0x8  uartstdio.o [1]
  .rodata             const    0x0021b2ec      0x8  uartstdio.o [1]
  .rodata             const    0x0021b2f4      0x8  zcl_SmartMeter.o [1]
  .rodata             const    0x0021b2fc      0x8  zcl_SmartMeter.o [1]
  .rodata             const    0x0021b304      0x8  zcl_SmartMeter.o [1]
  .rodata             const    0x0021b30c      0x8  zcl_SmartMeter.o [1]
  .rodata             const    0x0021b314      0x8  zcl_SmartMeter.o [1]
  .rodata             const    0x0021b31c      0x8  zcl_SmartMeter.o [1]
  .rodata             const    0x0021b324      0x8  zcl_SmartMeter.o [1]
  .rodata             const    0x0021b32c      0x8  zcl_SmartMeter_data.o [1]
  .rodata             const    0x0021b334      0x8  ZDSecMgr.o [1]
  .rodata             const    0x0021b33c      0x8  ZMain.o [1]
  .rodata             const    0x0021b344      0x8  ZMain.o [1]
  .rodata             const    0x0021b34c      0x4  mac_rx.o [1]
  .rodata             const    0x0021b350      0x4  nwk_globals.o [1]
  .rodata             const    0x0021b354      0x0  zero_init3.o [8]
  .rodata             const    0x0021b354      0x0  packbits_init.o [8]
  Initializer bytes   ro data  0x0021b354    0x10b  <for P2 s0>
                             - 0x0021b45f  0x1b35f

Absolute sections:                          0x3000
  .noinit             uninit   0x0027c800   0x3000  osal_nv.o [1]
                             - 0x0027f800   0x3000

"A2":                                          0xc
  .cca                const    0x0027ffd4      0xc  startup_ewarm.o [1]
                             - 0x0027ffe0      0xc

"A7":                                        0x100
  VTABLE              zero     0x20004000    0x100  interrupt.o [9]
                             - 0x20004100    0x100

"P2", part 1 of 3:                           0x2c0
  P2 s0                        0x20004100    0x2bd  <Init block>
    __DLIB_PERTHREAD  inited   0x20004100     0x8c  rand.o [6]
    .data             inited   0x2000418c     0x80  mac_beacon.o [4]
    .data             inited   0x2000420c     0x5c  mac_beacon.o [4]
    .data             inited   0x20004268     0x48  MT.o [1]
    .data             inited   0x200042b0     0x30  zcl_SmartMeter.o [1]
    .data             inited   0x200042e0     0x18  APS.o [3]
    .data             inited   0x200042f8     0x14  zcl_SmartMeter_data.o [1]
    .data             inited   0x2000430c     0x14  zcl_SmartMeter_data.o [1]
    .data             inited   0x20004320     0x10  zcl_SmartMeter.o [1]
    .data             inited   0x20004330     0x10  ZDApp.o [1]
    .data             inited   0x20004340     0x10  nwk_util.o [3]
    .data             inited   0x20004350      0xc  aps_frag.o [3]
    .data             inited   0x2000435c      0x8  reflecttrack.o [3]
    .data             inited   0x20004364      0x4  osal_nv.o [1]
    .data             inited   0x20004368      0x4  zcl_SmartMeter.o [1]
    .data             inited   0x2000436c      0x4  ZDProfile.o [1]
    .data             inited   0x20004370      0x4  ZGlobals.o [1]
    .data             inited   0x20004374      0x4  mac_beacon.o [4]
    __DLIB_PERTHREAD  inited   0x20004378      0x4  errno.o [6]
    .data             inited   0x2000437c      0x2  zcl_SmartMeter.o [1]
    .data             inited   0x2000437e      0x2  ZDApp.o [1]
    .data             inited   0x20004380      0x2  ZGlobals.o [1]
    .data             inited   0x20004382      0x2  ZGlobals.o [1]
    .data             inited   0x20004384      0x2  ZGlobals.o [1]
    .data             inited   0x20004386      0x2  ZGlobals.o [1]
    .data             inited   0x20004388      0x2  ZGlobals.o [1]
    .data             inited   0x2000438a      0x2  ZGlobals.o [1]
    .data             inited   0x2000438c      0x2  ZGlobals.o [1]
    .data             inited   0x2000438e      0x2  ZGlobals.o [1]
    .data             inited   0x20004390      0x2  ZGlobals.o [1]
    .data             inited   0x20004392      0x2  ZGlobals.o [1]
    .data             inited   0x20004394      0x2  NLMEDE.o [3]
    .data             inited   0x20004396      0x2  reflecttrack.o [3]
    .data             inited   0x20004398      0x1  AF.o [1]
    .data             inited   0x20004399      0x1  mac_sleep.o [1]
    .data             inited   0x2000439a      0x1  nwk_globals.o [1]
    .data             inited   0x2000439b      0x1  OnBoard.o [1]
    .data             inited   0x2000439c      0x1  OSAL.o [1]
    .data             inited   0x2000439d      0x1  zcl.o [1]
    .data             inited   0x2000439e      0x1  zcl_SmartMeter.o [1]
    .data             inited   0x2000439f      0x1  zcl_SmartMeter_data.o [1]
    .data             inited   0x200043a0      0x1  ZDApp.o [1]
    .data             inited   0x200043a1      0x1  ZDApp.o [1]
    .data             inited   0x200043a2      0x1  ZGlobals.o [1]
    .data             inited   0x200043a3      0x1  ZGlobals.o [1]
    .data             inited   0x200043a4      0x1  ZGlobals.o [1]
    .data             inited   0x200043a5      0x1  ZGlobals.o [1]
    .data             inited   0x200043a6      0x1  ZGlobals.o [1]
    .data             inited   0x200043a7      0x1  ZGlobals.o [1]
    .data             inited   0x200043a8      0x1  ZGlobals.o [1]
    .data             inited   0x200043a9      0x1  ZGlobals.o [1]
    .data             inited   0x200043aa      0x1  ZGlobals.o [1]
    .data             inited   0x200043ab      0x1  ZGlobals.o [1]
    .data             inited   0x200043ac      0x1  ZGlobals.o [1]
    .data             inited   0x200043ad      0x1  ZGlobals.o [1]
    .data             inited   0x200043ae      0x1  ZGlobals.o [1]
    .data             inited   0x200043af      0x1  ZGlobals.o [1]
    .data             inited   0x200043b0      0x1  ZGlobals.o [1]
    .data             inited   0x200043b1      0x1  ZGlobals.o [1]
    .data             inited   0x200043b2      0x1  ZGlobals.o [1]
    .data             inited   0x200043b3      0x1  ZGlobals.o [1]
    .data             inited   0x200043b4      0x1  ZGlobals.o [1]
    .data             inited   0x200043b5      0x1  ZGlobals.o [1]
    .data             inited   0x200043b6      0x1  ZGlobals.o [1]
    .data             inited   0x200043b7      0x1  ZGlobals.o [1]
    .data             inited   0x200043b8      0x1  ZGlobals.o [1]
    .data             inited   0x200043b9      0x1  ZGlobals.o [1]
    .data             inited   0x200043ba      0x1  ZGlobals.o [1]
    .data             inited   0x200043bb      0x1  ZGlobals.o [1]
    .data             inited   0x200043bc      0x1  ZGlobals.o [1]
                             - 0x200043bd    0x2bd

"P2", part 2 of 3:                           0xec0
  .bss                zero     0x200043c0    0x400  lcd_dogm128_6.o [5]
  .bss                zero     0x200047c0    0x1f8  nwk_globals.o [1]
  .bss                zero     0x200049b8    0x140  nwk_globals.o [1]
  .bss                zero     0x20004af8     0x78  nwk.o [3]
  .bss                zero     0x20004b70     0x70  nwk_globals.o [1]
  .bss                zero     0x20004be0     0x70  io_pin_int.o [5]
  .bss                zero     0x20004c50     0x60  mac_beacon.o [4]
  .bss                zero     0x20004cb0     0x50  nwk_globals.o [1]
  .bss                zero     0x20004d00     0x50  ZDProfile.o [1]
  .bss                zero     0x20004d50     0x4c  mac_pib.o [1]
  .bss                zero     0x20004d9c     0x38  nwk_globals.o [1]
  .bss                zero     0x20004dd4     0x38  mac_beacon.o [4]
  .bss                zero     0x20004e0c     0x34  hal_led.o [1]
  .bss                zero     0x20004e40     0x34  ZDObject.o [1]
  .bss                zero     0x20004e74     0x2c  hal_uart.o [1]
  .bss                zero     0x20004ea0     0x24  ZDSecMgr.o [1]
  .bss                zero     0x20004ec4     0x20  bsp_key.o [5]
  .bss                zero     0x20004ee4     0x20  mac_beacon.o [4]
  .bss                zero     0x20004f04     0x20  io_pin_int.o [5]
  .bss                zero     0x20004f24     0x1c  zcl_SmartMeter.o [1]
  .bss                zero     0x20004f40     0x1c  ZDApp.o [1]
  .bss                zero     0x20004f5c     0x18  nwk_globals.o [1]
  .bss                zero     0x20004f74     0x14  zcl_SmartMeter.o [1]
  .bss                zero     0x20004f88     0x14  APSMEDE.o [3]
  .bss                zero     0x20004f9c     0x14  aes.o [9]
  .bss                zero     0x20004fb0     0x10  zcl_ezmode.o [1]
  .bss                zero     0x20004fc0     0x10  zcl_ezmode.o [1]
  .bss                zero     0x20004fd0     0x10  ZDConfig.o [1]
  .bss                zero     0x20004fe0     0x10  APS.o [3]
  .bss                zero     0x20004ff0      0xc  nwk_globals.o [1]
  .bss                zero     0x20004ffc      0xc  osal_nv.o [1]
  .bss                zero     0x20005008      0xc  osal_nv.o [1]
  .bss                zero     0x20005014      0xc  zcl_SmartMeter.o [1]
  .bss                zero     0x20005020      0xc  ZDApp.o [1]
  .bss                zero     0x2000502c      0xc  ZDSecMgr.o [1]
  .bss                zero     0x20005038      0xc  nwk_util.o [3]
  .bss                zero     0x20005044      0xc  nwk_util.o [3]
  .bss                zero     0x20005050      0xc  nwk_util.o [3]
  .bss                zero     0x2000505c      0xc  NLMEDE.o [3]
  .bss                zero     0x20005068      0x8  OnBoard.o [1]
  .bss                zero     0x20005070      0x8  osal_nv.o [1]
  .bss                zero     0x20005078      0x8  OSAL_PwrMgr.o [1]
  .bss                zero     0x20005080      0x8  zcl_SmartMeter.o [1]
  .bss                zero     0x20005088      0x8  zcl_SmartMeter.o [1]
  .bss                zero     0x20005090      0x8  zcl_SmartMeter.o [1]
  .bss                zero     0x20005098      0x8  zcl_SmartMeter.o [1]
  .bss                zero     0x200050a0      0x8  ZDApp.o [1]
  .bss                zero     0x200050a8      0x8  ZGlobals.o [1]
  .bss                zero     0x200050b0      0x8  ZGlobals.o [1]
  .bss                zero     0x200050b8      0x8  ZGlobals.o [1]
  .bss                zero     0x200050c0      0x8  AddrMgr.o [3]
  .bss                zero     0x200050c8      0x8  ssp.o [3]
  .bss                zero     0x200050d0      0x8  ssp.o [3]
  .bss                zero     0x200050d8      0x4  AF.o [1]
  .bss                zero     0x200050dc      0x4  BindingTable.o [1]
  .bss                zero     0x200050e0      0x4  BindingTable.o [1]
  .bss                zero     0x200050e4      0x4  BindingTable.o [1]
  .bss                zero     0x200050e8      0x4  BindingTable.o [1]
  .bss                zero     0x200050ec      0x4  BindingTable.o [1]
  .bss                zero     0x200050f0      0x4  BindingTable.o [1]
  .bss                zero     0x200050f4      0x4  BindingTable.o [1]
  .bss                zero     0x200050f8      0x4  hal_aes.o [1]
  .bss                zero     0x200050fc      0x4  hal_key.o [1]
  .bss                zero     0x20005100      0x4  mac_backoff_timer.o [1]
  .bss                zero     0x20005104      0x4  mac_backoff_timer.o [1]
  .bss                zero     0x20005108      0x4  mac_mcu.o [1]
  .bss                zero     0x2000510c      0x4  mac_mcu.o [1]
  .bss                zero     0x20005110      0x4  mac_mcu.o [1]
  .bss                zero     0x20005114      0x4  mac_rx.o [1]
  .bss                zero     0x20005118      0x4  mac_rx.o [1]
  .bss                zero     0x2000511c      0x4  mac_rx.o [1]
  .bss                zero     0x20005120      0x4  MT_AF.o [1]
  .bss                zero     0x20005124      0x4  MT_AF.o [1]
  .bss                zero     0x20005128      0x4  MT_UART.o [1]
  .bss                zero     0x2000512c      0x4  MT_ZDO.o [1]
  .bss                zero     0x20005130      0x4  OSAL.o [1]
  .bss                zero     0x20005134      0x4  OSAL_Clock.o [1]
  .bss                zero     0x20005138      0x4  OSAL_Clock.o [1]
  .bss                zero     0x2000513c      0x4  osal_nv.o [1]
  .bss                zero     0x20005140      0x4  OSAL_SmartMeter.o [1]
  .bss                zero     0x20005144      0x4  OSAL_Timers.o [1]
  .bss                zero     0x20005148      0x4  OSAL_Timers.o [1]
  .bss                zero     0x2000514c      0x4  uartstdio.o [1]
  .bss                zero     0x20005150      0x4  zcl.o [1]
  .bss                zero     0x20005154      0x4  zcl.o [1]
  .bss                zero     0x20005158      0x4  zcl.o [1]
  .bss                zero     0x2000515c      0x4  zcl.o [1]
  .bss                zero     0x20005160      0x4  zcl.o [1]
  .bss                zero     0x20005164      0x4  zcl_general.o [1]
  .bss                zero     0x20005168      0x4  zcl_SmartMeter.o [1]
  .bss                zero     0x2000516c      0x4  zcl_SmartMeter.o [1]
  .bss                zero     0x20005170      0x4  zcl_SmartMeter.o [1]
  .bss                zero     0x20005174      0x4  zcl_SmartMeter.o [1]
  .bss                zero     0x20005178      0x4  zcl_SmartMeter.o [1]
  .bss                zero     0x2000517c      0x4  zcl_SmartMeter.o [1]
  .bss                zero     0x20005180      0x4  zcl_SmartMeter.o [1]
  .bss                zero     0x20005184      0x4  ZDApp.o [1]
  .bss                zero     0x20005188      0x4  ZDApp.o [1]
  .bss                zero     0x2000518c      0x4  ZDConfig.o [1]
  .bss                zero     0x20005190      0x4  ZDObject.o [1]
  .bss                zero     0x20005194      0x4  ZDProfile.o [1]
  .bss                zero     0x20005198      0x4  ZDSecMgr.o [1]
  .bss                zero     0x2000519c      0x4  zmac.o [1]
  .bss                zero     0x200051a0      0x4  zmac.o [1]
  .bss                zero     0x200051a4      0x4  zmac_cb.o [1]
  .bss                zero     0x200051a8      0x4  APSMEDE.o [3]
  .bss                zero     0x200051ac      0x4  aps_groups.o [3]
  .bss                zero     0x200051b0      0x4  APS.o [3]
  .bss                zero     0x200051b4      0x4  APS.o [3]
  .bss                zero     0x200051b8      0x4  APS.o [3]
  .bss                zero     0x200051bc      0x4  mac_beacon.o [4]
  .bss                zero     0x200051c0      0x4  nwk_bufs.o [3]
  .bss                zero     0x200051c4      0x4  nwk_bufs.o [3]
  .bss                zero     0x200051c8      0x4  NLMEDE.o [3]
  .bss                zero     0x200051cc      0x4  NLMEDE.o [3]
  .bss                zero     0x200051d0      0x2  zcl_ezmode.o [1]
  .bss                zero     0x200051d2      0x2  zcl_SmartMeter.o [1]
  .bss                zero     0x200051d4      0x2  zcl_SmartMeter.o [1]
  .bss                zero     0x200051d6      0x2  zcl_SmartMeter.o [1]
  .bss                zero     0x200051d8      0x2  zcl_SmartMeter.o [1]
  .bss                zero     0x200051da      0x2  zcl_SmartMeter.o [1]
  .bss                zero     0x200051dc      0x2  zcl_SmartMeter.o [1]
  .bss                zero     0x200051de      0x2  zcl_SmartMeter.o [1]
  .bss                zero     0x200051e0      0x2  zcl_SmartMeter.o [1]
  .bss                zero     0x200051e2      0x2  zcl_SmartMeter.o [1]
  .bss                zero     0x200051e4      0x2  zcl_SmartMeter.o [1]
  .bss                zero     0x200051e6      0x2  zcl_SmartMeter.o [1]
  .bss                zero     0x200051e8      0x2  zcl_SmartMeter.o [1]
  .bss                zero     0x200051ea      0x2  zcl_SmartMeter.o [1]
  .bss                zero     0x200051ec      0x2  zcl_SmartMeter.o [1]
  .bss                zero     0x200051ee      0x2  zcl_SmartMeter.o [1]
  .bss                zero     0x200051f0      0x2  zcl_SmartMeter.o [1]
  .bss                zero     0x200051f2      0x2  zcl_SmartMeter.o [1]
  .bss                zero     0x200051f4      0x2  zcl_SmartMeter.o [1]
  .bss                zero     0x200051f6      0x2  zcl_SmartMeter.o [1]
  .bss                zero     0x200051f8      0x2  zcl_SmartMeter.o [1]
  .bss                zero     0x200051fa      0x2  zcl_SmartMeter.o [1]
  .bss                zero     0x200051fc      0x2  zcl_SmartMeter.o [1]
  .bss                zero     0x200051fe      0x2  zcl_SmartMeter.o [1]
  .bss                zero     0x20005200      0x2  zcl_SmartMeter.o [1]
  .bss                zero     0x20005202      0x2  zcl_SmartMeter.o [1]
  .bss                zero     0x20005204      0x2  zcl_SmartMeter.o [1]
  .bss                zero     0x20005206      0x2  zcl_SmartMeter.o [1]
  .bss                zero     0x20005208      0x2  zcl_SmartMeter.o [1]
  .bss                zero     0x2000520a      0x2  zcl_SmartMeter.o [1]
  .bss                zero     0x2000520c      0x2  zcl_SmartMeter.o [1]
  .bss                zero     0x2000520e      0x2  zcl_SmartMeter.o [1]
  .bss                zero     0x20005210      0x2  zcl_SmartMeter.o [1]
  .bss                zero     0x20005212      0x2  zcl_SmartMeter.o [1]
  .bss                zero     0x20005214      0x2  zcl_SmartMeter.o [1]
  .bss                zero     0x20005216      0x2  zcl_SmartMeter_data.o [1]
  .bss                zero     0x20005218      0x2  zcl_SmartMeter_data.o [1]
  .bss                zero     0x2000521a      0x2  zcl_SmartMeter_data.o [1]
  .bss                zero     0x2000521c      0x2  zcl_SmartMeter_data.o [1]
  .bss                zero     0x2000521e      0x2  zcl_SmartMeter_data.o [1]
  .bss                zero     0x20005220      0x2  NLMEDE.o [3]
  .bss                zero     0x20005222      0x1  BindingTable.o [1]
  .bss                zero     0x20005223      0x1  hal_assert.o [1]
  .bss                zero     0x20005224      0x1  hal_drivers.o [1]
  .bss                zero     0x20005225      0x1  hal_key.o [1]
  .bss                zero     0x20005226      0x1  hal_key.o [1]
  .bss                zero     0x20005227      0x1  hal_key.o [1]
  .bss                zero     0x20005228      0x1  hal_led.o [1]
  .bss                zero     0x20005229      0x1  hal_led.o [1]
  .bss                zero     0x2000522a      0x1  hal_uart.o [1]
  .bss                zero     0x2000522b      0x1  mac_autopend.o [1]
  .bss                zero     0x2000522c      0x1  mac_autopend.o [1]
  .bss                zero     0x2000522d      0x1  mac_mcu.o [1]
  .bss                zero     0x2000522e      0x1  mac_mcu.o [1]
  .bss                zero     0x2000522f      0x1  mac_radio.o [1]
  .bss                zero     0x20005230      0x1  mac_radio.o [1]
  .bss                zero     0x20005231      0x1  mac_radio.o [1]
  .bss                zero     0x20005232      0x1  mac_radio.o [1]
  .bss                zero     0x20005233      0x1  mac_rx.o [1]
  .bss                zero     0x20005234      0x1  mac_rx.o [1]
  .bss                zero     0x20005235      0x1  mac_rx.o [1]
  .bss                zero     0x20005236      0x1  mac_rx.o [1]
  .bss                zero     0x20005237      0x1  mac_rx.o [1]
  .bss                zero     0x20005238      0x1  mac_rx.o [1]
  .bss                zero     0x20005239      0x1  mac_rx.o [1]
  .bss                zero     0x2000523a      0x1  mac_rx.o [1]
  .bss                zero     0x2000523b      0x1  mac_rx.o [1]
  .bss                zero     0x2000523c      0x1  mac_rx.o [1]
  .bss                zero     0x2000523d      0x1  mac_rx.o [1]
  .bss                zero     0x2000523e      0x1  mac_rx_onoff.o [1]
  .bss                zero     0x2000523f      0x1  mac_rx_onoff.o [1]
  .bss                zero     0x20005240      0x1  mac_tx.o [1]
  .bss                zero     0x20005241      0x1  mac_tx.o [1]
  .bss                zero     0x20005242      0x1  mac_tx.o [1]
  .bss                zero     0x20005243      0x1  mac_tx.o [1]
  .bss                zero     0x20005244      0x1  mac_tx.o [1]
  .bss                zero     0x20005245      0x1  mac_tx.o [1]
  .bss                zero     0x20005246      0x1  mac_tx.o [1]
  .bss                zero     0x20005247      0x1  mac_tx.o [1]
  .bss                zero     0x20005248      0x1  mac_tx.o [1]
  .bss                zero     0x20005249      0x1  MT.o [1]
  .bss                zero     0x2000524a      0x1  MT.o [1]
  .bss                zero     0x2000524b      0x1  MT_TASK.o [1]
  .bss                zero     0x2000524c      0x1  MT_UART.o [1]
  .bss                zero     0x2000524d      0x1  MT_UART.o [1]
  .bss                zero     0x2000524e      0x1  MT_UART.o [1]
  .bss                zero     0x2000524f      0x1  MT_UART.o [1]
  .bss                zero     0x20005250      0x1  MT_UART.o [1]
  .bss                zero     0x20005251      0x1  OnBoard.o [1]
  .bss                zero     0x20005252      0x1  OSAL_Memory.o [1]
  .bss                zero     0x20005253      0x1  osal_nv.o [1]
  .bss                zero     0x20005254      0x1  zcl.o [1]
  .bss                zero     0x20005255      0x1  zcl.o [1]
  .bss                zero     0x20005256      0x1  zcl_ezmode.o [1]
  .bss                zero     0x20005257      0x1  zcl_ezmode.o [1]
  .bss                zero     0x20005258      0x1  zcl_ezmode.o [1]
  .bss                zero     0x20005259      0x1  zcl_ezmode.o [1]
  .bss                zero     0x2000525a      0x1  zcl_ezmode.o [1]
  .bss                zero     0x2000525b      0x1  zcl_ezmode.o [1]
  .bss                zero     0x2000525c      0x1  zcl_general.o [1]
  .bss                zero     0x2000525d      0x1  zcl_SmartMeter.o [1]
  .bss                zero     0x2000525e      0x1  zcl_SmartMeter.o [1]
  .bss                zero     0x2000525f      0x1  zcl_SmartMeter.o [1]
  .bss                zero     0x20005260      0x1  zcl_SmartMeter_data.o [1]
  .bss                zero     0x20005261      0x1  zcl_SmartMeter_data.o [1]
  .bss                zero     0x20005262      0x1  ZDApp.o [1]
  .bss                zero     0x20005263      0x1  ZDApp.o [1]
  .bss                zero     0x20005264      0x1  ZDApp.o [1]
  .bss                zero     0x20005265      0x1  ZDApp.o [1]
  .bss                zero     0x20005266      0x1  ZDApp.o [1]
  .bss                zero     0x20005267      0x1  ZDApp.o [1]
  .bss                zero     0x20005268      0x1  ZDApp.o [1]
  .bss                zero     0x20005269      0x1  ZDApp.o [1]
  .bss                zero     0x2000526a      0x1  ZDObject.o [1]
  .bss                zero     0x2000526b      0x1  ZDProfile.o [1]
  .bss                zero     0x2000526c      0x1  ZDProfile.o [1]
  .bss                zero     0x2000526d      0x1  ZGlobals.o [1]
  .bss                zero     0x2000526e      0x1  ZGlobals.o [1]
  .bss                zero     0x2000526f      0x1  ZGlobals.o [1]
  .bss                zero     0x20005270      0x1  ZGlobals.o [1]
  .bss                zero     0x20005271      0x1  ZGlobals.o [1]
  .bss                zero     0x20005272      0x1  ZGlobals.o [1]
  .bss                zero     0x20005273      0x1  ZGlobals.o [1]
  .bss                zero     0x20005274      0x1  ZGlobals.o [1]
  .bss                zero     0x20005275      0x1  zmac_cb.o [1]
  .bss                zero     0x20005276      0x1  nwk_util.o [3]
  .bss                zero     0x20005277      0x1  nwk_util.o [3]
  .bss                zero     0x20005278      0x1  nwk_util.o [3]
  .bss                zero     0x20005279      0x1  rtg.o [3]
  .bss                zero     0x2000527a      0x1  nwk.o [3]
  .bss                zero     0x2000527b      0x1  nwk.o [3]
  .bss                zero     0x2000527c      0x1  nwk.o [3]
  .bss                zero     0x2000527d      0x1  bsp.o [5]
                             - 0x2000527e    0xebe

"P2", part 3 of 3:                          0x2004
  .noinit             uninit   0x20005280   0x1800  OSAL_Memory.o [1]
  .noinit             uninit   0x20006a80    0x800  startup_ewarm.o [1]
  .noinit             uninit   0x20007280      0x4  OSAL_Memory.o [1]
                             - 0x20007284   0x2004


*******************************************************************************
*** INIT TABLE
***

          Address     Size
          -------     ----
Zero (__iar_zero_init3)
    2 destination ranges, total size 0xfbe:
          0x20004000  0x100
          0x200043c0  0xebe

Copy/packbits (__iar_packbits_init3)
    1 source range, total size 0x10b (38% of destination):
          0x0021b354  0x10b
    1 destination range, total size 0x2bd:
          0x20004100  0x2bd



*******************************************************************************
*** MODULE SUMMARY
***

    Module                    ro code  ro data  rw data  rw data
                                                          (abs)
    ------                    -------  -------  -------  -------
C:\Texas Instruments\Z-Stack Home 1.2.0\Projects\zstack\HomeAutomation_test\Smartmeter_wang\CC2538\EndDevice\Obj: [1]
    AF.o                        1 676        1        5
    BindingTable.o              2 236                29
    DebugTrace.o                   76
    MT.o                          258       27       74
    MT_AF.o                       200                 8
    MT_APP.o                      206
    MT_DEBUG.o                    194
    MT_SYS.o                    2 228       12
    MT_TASK.o                     400                 1
    MT_UART.o                     604                 9
    MT_VERSION.o                             8
    MT_ZDO.o                    3 264                 4
    OSAL.o                      1 956                 5
    OSAL_Clock.o                  776                 8
    OSAL_Memory.o                 524             6 149
    OSAL_PwrMgr.o                  20                 8
    OSAL_SmartMeter.o             136       37        4
    OSAL_Timers.o                 776                 8
    OnBoard.o                     270                10
    ZDApp.o                     5 296        7       84
    ZDConfig.o                    240                20
    ZDObject.o                  2 822       88       57
    ZDProfile.o                 3 632       90       90
    ZDSecMgr.o                  2 644        8       52
    ZGlobals.o                    516      421       83
    ZMain.o                       668       60
    armcm3flashutil.o             438
    hal_adc.o                      56
    hal_aes.o                      92                 4
    hal_assert.o                  668                 1
    hal_ccm.o                     258
    hal_drivers.o                 152                 1
    hal_key.o                     404                 7
    hal_lcd.o                     276       24
    hal_led.o                     876                54
    hal_sleep.o                    10
    hal_sys_ctrl.o                408
    hal_systick.o                  42
    hal_uart.o                  1 366       20       45
    mac_autopend.o              1 132                 2
    mac_backoff_timer.o           368                 8
    mac_cfg.o                                8
    mac_csp_tx.o                1 460
    mac_low_level.o               104
    mac_mcu.o                   1 784                14
    mac_mem.o                     116
    mac_pib.o                     512      220       76
    mac_radio.o                   752                 4
    mac_radio_defs.o              144       36
    mac_rx.o                    2 736        4       23
    mac_rx_onoff.o                516                 2
    mac_sleep.o                   104                 1
    mac_tx.o                    1 188                 9
    nwk_globals.o                 612      146    1 109
    osal_nv.o                   4 386        9       41   12 288
    saddr.o                       166
    startup_ewarm.o                66      268    2 048
    uartstdio.o                   140       16        4
    zcl.o                       8 026      185       23
    zcl_SmartMeter.o            5 900      421      262
    zcl_SmartMeter_data.o                  293       53
    zcl_ezmode.o                  924                40
    zcl_general.o                 628                 5
    zcl_ha.o                      100
    zmac.o                        528                 8
    zmac_cb.o                     720       20        5
    ------------------------------------------------------------
    Total:                     69 776    2 429   10 557   12 288

command line: [2]
    ------------------------------------------------------------
    Total:

EndDevice.a: [3]
    APS.o                       1 736        9       52
    APSMEDE.o                   2 760                24
    APSMEDE_CB.o                  324
    AddrMgr.o                   1 052                 8
    AssocList.o                   308
    NLMEDE.o                      984        1       24
    NLMEDE_CB.o                   560
    aps_frag.o                  1 596        5       12
    aps_groups.o                   88                 4
    aps_util.o                    552
    nwk.o                       2 860               123
    nwk_bufs.o                  1 060                 8
    nwk_util.o                  4 060        6       55
    reflecttrack.o                328        3       10
    rtg.o                       1 796                 1
    ssp.o                       1 352                16
    ssp_hash.o                    690
    ------------------------------------------------------------
    Total:                     22 106       24      337

TIMAC-CC2538.a: [4]
    mac_beacon.o                7 596      289      412
    ------------------------------------------------------------
    Total:                      7 596      289      412

bsp.lib: [5]
    bsp.o                         180                 1
    bsp_key.o                     780                32
    io_pin_int.o                  848               144
    lcd_dogm128_6.o               228             1 024
    lcd_dogm128_6_alphabet.o               472
    lcd_srf06eb.o                 288
    ------------------------------------------------------------
    Total:                      2 324      472    1 201

dl7M_tln.a: [6]
    abort.o                         6
    errno.o                        12        2        4
    exit.o                          4
    low_level_init.o                4
    memcpy.o                       12
    memset.o                       20
    rand.o                        224       53      140
    strcat.o                       28
    xtls.o                          2
    ------------------------------------------------------------
    Total:                        312       55      144

m7M_tl.a: [7]
    DblMul.o                      418
    DblToI32.o                     76
    I32ToDbl.o                     28
    I64ToDbl.o                     64
    sqrt.o                        240
    ------------------------------------------------------------
    Total:                        826

rt7M_tl.a: [8]
    ABImemclr.o                     6
    ABImemclr4.o                    6
    ABImemcpy_unaligned.o         118
    ABImemset.o                   102
    ABImemset48.o                  50
    I64DivMod.o                   238
    I64DivZer.o                     2
    I64Shl.o                       34
    U64Shr.o                       30
    cexit.o                        10
    cmain.o                        26
    cstartup_M.o                   12
    data_init.o                    40
    iarEdom.o                      12
    packbits_init.o               212
    strcpy_unaligned.o             68
    strlen.o                       54
    zero_init3.o                   34
    ------------------------------------------------------------
    Total:                      1 054

sdriverlib.lib: [9]
    adc.o                          80
    aes.o                         492                20
    ccm.o                         944
    cpu.o                          16
    flash.o                        56
    gpio.o                        448
    interrupt.o                   592               256
    ioc.o                         740
    ssi.o                         138
    sys_ctrl.o                    572
    systick.o                      64
    uart.o                        234
    ------------------------------------------------------------
    Total:                      4 376               276

shb_l.a: [10]
    exit.o                         20
    ------------------------------------------------------------
    Total:                         20

    Gaps                            6        6
    Linker created                          52
----------------------------------------------------------------
    Grand Total:              108 396    3 327   12 927   12 288


*******************************************************************************
*** ENTRY LIST
***

Entry                      Address    Size  Type      Object
-----                      -------    ----  ----      ------
?main                   0x0021af25          Code  Gb  cmain.o [8]
ADC_DELAY               0x200051f4     0x2  Data  Gb  zcl_SmartMeter.o [1]
ADD_0                   0x20005214     0x2  Data  Gb  zcl_SmartMeter.o [1]
ADD_1                   0x20005212     0x2  Data  Gb  zcl_SmartMeter.o [1]
ADD_2                   0x20005210     0x2  Data  Gb  zcl_SmartMeter.o [1]
ADD_3                   0x2000520e     0x2  Data  Gb  zcl_SmartMeter.o [1]
AESECBCheckResult       0x00217ba5    0x16  Code  Gb  aes.o [9]
AESECBGetResult         0x00217bbb    0x5a  Code  Gb  aes.o [9]
AESECBStart             0x00217b1d    0x88  Code  Gb  aes.o [9]
AESLoadKey              0x00217a4d    0xce  Code  Gb  aes.o [9]
AF_DataRequest          0x00202dd5   0x206  Code  Gb  AF.o [1]
AF_DataRequestDiscoverRoute
                        0x20004398     0x1  Data  Gb  AF.o [1]
AIB_apsTrustCenterAddress
                        0x200042e4     0x4  Data  Gb  APS.o [3]
AIB_apsUseExtendedPANID
                        0x200042f0     0x8  Data  Gb  APS.o [3]
AIB_apsUseInsecureJoin  0x200042e2     0x1  Data  Gb  APS.o [3]
APSDE_DataCnf           0x00210d79     0xa  Code  Gb  APSMEDE_CB.o [3]
APSDE_DataConfirm       0x00210d61    0x18  Code  Gb  APSMEDE_CB.o [3]
APSDE_DataIndication    0x00210d83    0xa0  Code  Gb  APSMEDE_CB.o [3]
APSDE_DataReq           0x002053fd   0x1da  Code  Gb  APSMEDE.o [3]
APSDE_DataReqMTU        0x002055d7    0x28  Code  Gb  APSMEDE.o [3]
APSDE_FrameAlloc        0x00205cc9   0x114  Code  Gb  APSMEDE.o [3]
APSDE_FrameHdrSet       0x00205add    0xee  Code  Gb  APSMEDE.o [3]
APSDE_FrameSend         0x00205ddd    0x42  Code  Gb  APSMEDE.o [3]
APSDE_ParseMsg          0x002149f9   0x102  Code  Gb  aps_util.o [3]
APSF_AllocRxObj         0x00209c61    0xf6  Code  Lc  aps_frag.o [3]
APSF_FindObj            0x00209953    0x2a  Code  Lc  aps_frag.o [3]
APSF_FreeObj            0x0020997d    0x28  Code  Lc  aps_frag.o [3]
APSF_IncomingData       0x00209d57   0x136  Code  Lc  aps_frag.o [3]
APSF_Init               0x0020992d    0x26  Code  Gb  aps_frag.o [3]
APSF_ObjList            0x20004354     0x4  Data  Lc  aps_frag.o [3]
APSF_ProcessAck         0x00209bdd    0x84  Code  Gb  aps_frag.o [3]
APSF_ProcessEvent       0x00209e97    0xb0  Code  Gb  aps_frag.o [3]
APSF_SendFragmented     0x002099a5   0x134  Code  Gb  aps_frag.o [3]
APSF_SendOsalMsg        0x00209e8d     0xa  Code  Gb  aps_frag.o [3]
APSF_TxNextFrame        0x00209ad9   0x102  Code  Lc  aps_frag.o [3]
APSF_taskID             0x20004350     0x1  Data  Gb  aps_frag.o [3]
APSME_BindRequest       0x002055ff    0x26  Code  Gb  APSMEDE.o [3]
APSME_CmdPkt            0x00205c85    0x3e  Code  Gb  APSMEDE.o [3]
APSME_CmdPktCM_ED       0x00205c57    0x14  Code  Gb  APSMEDE.o [3]
APSME_CmdPktHook        0x20004f98     0x4  Data  Gb  APSMEDE.o [3]
APSME_CmdTransportKey   0x00205bd1    0x86  Code  Gb  APSMEDE.o [3]
APSME_FrameSecApplyCM   0x00205a6d    0x6c  Code  Gb  APSMEDE.o [3]
APSME_FrameSecApplyExtCM
                        0x00205ad9     0x4  Code  Gb  APSMEDE.o [3]
APSME_FrameSecApplyExtHook
                        0x20004f90     0x4  Data  Gb  APSMEDE.o [3]
APSME_FrameSecApplyHook
                        0x20004f8c     0x4  Data  Gb  APSMEDE.o [3]
APSME_FrameSecKeySetup  0x002058f7    0x76  Code  Gb  APSMEDE.o [3]
APSME_FrameSecKeySync   0x00205895    0x62  Code  Gb  APSMEDE.o [3]
APSME_FrameSecRemoveCM  0x002059f1    0x7c  Code  Gb  APSMEDE.o [3]
APSME_FrameSecRemoveHook
                        0x20004f94     0x4  Data  Gb  APSMEDE.o [3]
APSME_FrameSecSetupCM   0x0020596d    0x84  Code  Gb  APSMEDE.o [3]
APSME_FrameSecSetupHook
                        0x20004f88     0x4  Data  Gb  APSMEDE.o [3]
APSME_FrameSecurityRemove
                        0x00205e25    0x20  Code  Gb  APSMEDE.o [3]
APSME_GetRequest        0x00205639    0x4c  Code  Gb  APSMEDE.o [3]
APSME_HoldDataRequests  0x00209859    0x2a  Code  Gb  APS.o [3]
APSME_IsDefaultTCLK     0x00210b15    0x10  Code  Gb  ZDSecMgr.o [1]
APSME_IsDistributedSecurity
                        0x00205e91     0xc  Code  Gb  APSMEDE.o [3]
APSME_LinkKeyLoad       0x00205817    0x7e  Code  Gb  APSMEDE.o [3]
APSME_LinkKeyNVIdGet    0x0021082b    0x2a  Code  Gb  ZDSecMgr.o [1]
APSME_LinkKeySet        0x00210725    0xa4  Code  Gb  ZDSecMgr.o [1]
APSME_LinkKeySync       0x0020576f    0x5e  Code  Gb  APSMEDE.o [3]
APSME_LookupExtAddr     0x002056a1    0x3e  Code  Gb  APSMEDE.o [3]
APSME_LookupNwkAddr     0x002056df    0x2e  Code  Gb  APSMEDE.o [3]
APSME_NwkKeyLoad        0x002057cd    0x4a  Code  Gb  APSMEDE.o [3]
APSME_NwkKeySync        0x00205745    0x2a  Code  Gb  APSMEDE.o [3]
APSME_SecurityCM_ED     0x00205e79    0x18  Code  Gb  APSMEDE.o [3]
APSME_SetRequest        0x00205685    0x1c  Code  Gb  APSMEDE.o [3]
APSME_SwitchKeyInd      0x00210e71    0x28  Code  Gb  APSMEDE_CB.o [3]
APSME_TCLinkKeyInit     0x00210855    0xb6  Code  Gb  ZDSecMgr.o [1]
APSME_TCLinkKeyLoad     0x00210a21    0xf4  Code  Gb  ZDSecMgr.o [1]
APSME_TCLinkKeySync     0x00210911   0x110  Code  Gb  ZDSecMgr.o [1]
APSME_TransportKeyInd   0x00210e23    0x40  Code  Gb  APSMEDE_CB.o [3]
APSME_UnBindRequest     0x00205625    0x14  Code  Gb  APSMEDE.o [3]
APS_AllowDataRequests   0x200042e3     0x1  Data  Gb  APS.o [3]
APS_CmdInd              0x0020937d    0x60  Code  Gb  APS.o [3]
APS_Counter             0x200042e1     0x1  Data  Gb  APS.o [3]
APS_DataConfirmReflect  0x002094c1    0x18  Code  Lc  APS.o [3]
APS_DataIndReflect      0x002094d9   0x11c  Code  Lc  APS.o [3]
APS_GetBind             0x00209419    0xa8  Code  Lc  APS.o [3]
APS_Init                0x00209289    0x28  Code  Gb  APS.o [3]
APS_IsDuplicate         0x00209883    0x82  Code  Lc  APS.o [3]
APS_ReReflect           0x0020973d    0x78  Code  Lc  APS.o [3]
APS_Reflect             0x002095fb   0x142  Code  Lc  APS.o [3]
APS_ReflectMonitor      0x002097b5    0x58  Code  Lc  APS.o [3]
APS_ReflectorInit       0x00209265    0x24  Code  Gb  APS.o [3]
APS_TaskID              0x200042e0     0x1  Data  Gb  APS.o [3]
APS_UnBind              0x002093e1    0x38  Code  Lc  APS.o [3]
APS_event_loop          0x002092b1    0xc6  Code  Gb  APS.o [3]
AddrMgrEntryAdd         0x0020ed05    0x58  Code  Lc  AddrMgr.o [3]
AddrMgrEntryAddRef      0x0020ee53    0x3c  Code  Gb  AddrMgr.o [3]
AddrMgrEntryData        0x200050c4     0x4  Data  Lc  AddrMgr.o [3]
AddrMgrEntryGet         0x0020ef47    0x46  Code  Gb  AddrMgr.o [3]
AddrMgrEntryLookupExt   0x0020eeed    0x5a  Code  Gb  AddrMgr.o [3]
AddrMgrEntryLookupNwk   0x0020ee8f    0x5e  Code  Gb  AddrMgr.o [3]
AddrMgrEntryRelease     0x0020ee1f    0x34  Code  Gb  AddrMgr.o [3]
AddrMgrEntrySet         0x0020ecbd    0x48  Code  Lc  AddrMgr.o [3]
AddrMgrEntryTotal       0x200050c0     0x2  Data  Lc  AddrMgr.o [3]
AddrMgrEntryUpdate      0x0020ef8d   0x124  Code  Gb  AddrMgr.o [3]
AddrMgrEntryValidate    0x0020ec99    0x24  Code  Lc  AddrMgr.o [3]
AddrMgrExtAddrEqual     0x0020edaf    0x18  Code  Gb  AddrMgr.o [3]
AddrMgrExtAddrLookup    0x0020edc7    0x28  Code  Gb  AddrMgr.o [3]
AddrMgrExtAddrSet       0x0020ed87     0xe  Code  Gb  AddrMgr.o [3]
AddrMgrExtAddrValid     0x0020ed95    0x1a  Code  Gb  AddrMgr.o [3]
AddrMgrInit             0x0020ed5d    0x2a  Code  Gb  AddrMgr.o [3]
AddrMgrNwkAddrLookup    0x0020edef    0x30  Code  Gb  AddrMgr.o [3]
AddrMgrWriteNVRequest   0x0020b03d     0x2  Code  Gb  ZDApp.o [1]
App_TaskID              0x2000524c     0x1  Data  Gb  MT_UART.o [1]
ApsLinkKeyFrmCntr       0x20004ea0    0x24  Data  Gb  ZDSecMgr.o [1]
AssocChangeNwkAddr      0x0020f0b5    0x62  Code  Gb  AssocList.o [3]
AssocCnfFailStr         0x0021b184    0x10  Data  Gb  nwk_globals.o [1]
AssocCnfStr             0x0021b254     0xc  Data  Gb  nwk_globals.o [1]
AssocGetWithAddress     0x0020f14b    0x74  Code  Gb  AssocList.o [3]
AssocGetWithShort       0x0020f117    0x34  Code  Gb  AssocList.o [3]
AssociatedDevList       0x200047c0   0x1f8  Data  Gb  nwk_globals.o [1]
BUILD_UINT32_16         0x0020c7a1     0xe  Code  Gb  zcl_SmartMeter.o [1]
BUILD_UINT64_16         0x0020c7af    0x46  Code  Gb  zcl_SmartMeter.o [1]
BindInitNV              0x002145e1    0x2e  Code  Gb  BindingTable.o [1]
BindRestoreFromNV       0x00214629    0x46  Code  Gb  BindingTable.o [1]
BindSetDefaultNV        0x00214611    0x16  Code  Gb  BindingTable.o [1]
BindWriteNV             0x00214671    0x6e  Code  Gb  BindingTable.o [1]
BindingTable            0x20004d9c    0x38  Data  Gb  nwk_globals.o [1]
CCMAuthEncryptCheckResult
                        0x00219ff9    0x16  Code  Gb  ccm.o [9]
CCMAuthEncryptGetResult
                        0x0021a011    0x88  Code  Gb  ccm.o [9]
CCMAuthEncryptStart     0x00219edd   0x11c  Code  Gb  ccm.o [9]
CCMInvAuthDecryptCheckResult
                        0x0021a1ad     0x2  Code  Gb  ccm.o [9]
CCMInvAuthDecryptGetResult
                        0x0021a1b1    0xae  Code  Gb  ccm.o [9]
CCMInvAuthDecryptStart  0x0021a099   0x114  Code  Gb  ccm.o [9]
CPUcpsid                0x002067ed     0x8  Code  Gb  cpu.o [9]
CPUcpsie                0x002067f5     0x8  Code  Gb  cpu.o [9]
ENERGY_RESET_VALUE      0x20005168     0x4  Data  Gb  zcl_SmartMeter.o [1]
ENERGY_RESET_VALUE_0    0x200051da     0x2  Data  Gb  zcl_SmartMeter.o [1]
ENERGY_RESET_VALUE_1    0x200051d8     0x2  Data  Gb  zcl_SmartMeter.o [1]
EndDeviceStr            0x0021b260     0xc  Data  Gb  nwk_globals.o [1]
EnergyLevelStr          0x0021b194    0x10  Data  Gb  nwk_globals.o [1]
FSC_Token               0x2000524f     0x1  Data  Gb  MT_UART.o [1]
FaultISR                0x0021af13     0x2  Code  Lc  startup_ewarm.o [1]
FlashCacheModeSet       0x0021a2ad    0x12  Code  Gb  flash.o [9]
FlashMainPageErase      0x0021a28d    0x10  Code  Gb  flash.o [9]
GPIODirModeSet          0x0020d71f    0x28  Code  Gb  gpio.o [9]
GPIOGetIntNumber        0x0020d6f1    0x2e  Code  Gb  gpio.o [9]
GPIOIntTypeSet          0x0020d747    0x38  Code  Gb  gpio.o [9]
GPIOIntWakeupDisable    0x0020d88d     0xc  Code  Gb  gpio.o [9]
GPIOIntWakeupEnable     0x0020d883     0xa  Code  Gb  gpio.o [9]
GPIOPinIntClear         0x0020d7a9     0x6  Code  Gb  gpio.o [9]
GPIOPinIntDisable       0x0020d78b     0xe  Code  Gb  gpio.o [9]
GPIOPinIntEnable        0x0020d77f     0xc  Code  Gb  gpio.o [9]
GPIOPinIntStatus        0x0020d799    0x10  Code  Gb  gpio.o [9]
GPIOPinRead             0x0020d7c9     0x6  Code  Gb  gpio.o [9]
GPIOPinTypeGPIOInput    0x0020d7d5     0xa  Code  Gb  gpio.o [9]
GPIOPinTypeGPIOOutput   0x0020d7df     0xa  Code  Gb  gpio.o [9]
GPIOPinTypeSSI          0x0020d7e9     0x2  Code  Gb  gpio.o [9]
GPIOPinTypeUARTInput    0x0020d803     0x4  Code  Gb  gpio.o [9]
GPIOPinTypeUARTOutput   0x0020d807    0x1a  Code  Gb  gpio.o [9]
GPIOPinWrite            0x0020d7cf     0x6  Code  Gb  gpio.o [9]
GPIOPortIntRegister     0x0020d7af    0x1a  Code  Gb  gpio.o [9]
GPIOPowIntClear         0x0020d857    0x22  Code  Gb  gpio.o [9]
GPIOPowIntTypeSet       0x0020d821    0x36  Code  Gb  gpio.o [9]
GetBindingTableEntry    0x00214831    0x4a  Code  Gb  BindingTable.o [1]
HalAdcCheckVdd          0x00218a15    0x22  Code  Gb  hal_adc.o [1]
HalAdcRead              0x00218a0d     0x8  Code  Gb  hal_adc.o [1]
HalAesInit              0x0020cb25    0x1a  Code  Gb  hal_aes.o [1]
HalDriverInit           0x002038ef    0x18  Code  Gb  hal_drivers.o [1]
HalKeyConfig            0x00205feb    0x6a  Code  Gb  hal_key.o [1]
HalKeyInit              0x00205f61     0xe  Code  Gb  hal_key.o [1]
HalKeyPoll              0x00206075    0x3c  Code  Gb  hal_key.o [1]
HalKeyRead              0x00206055    0x20  Code  Gb  hal_key.o [1]
HalLcdInit              0x0020cb81     0xe  Code  Gb  hal_lcd.o [1]
HalLcdWriteScreen       0x0020cbcb    0x18  Code  Gb  hal_lcd.o [1]
HalLcdWriteString       0x0020cb8f    0x18  Code  Gb  hal_lcd.o [1]
HalLcdWriteStringValue  0x0020cbe3    0x5a  Code  Gb  hal_lcd.o [1]
HalLcdWriteValue        0x0020cba7    0x24  Code  Gb  hal_lcd.o [1]
HalLcd_HW_WriteLine     0x0020cc3d    0x4c  Code  Gb  hal_lcd.o [1]
HalLedBlink             0x0020cd39    0xd2  Code  Gb  hal_led.o [1]
HalLedInit              0x0020cc95    0x16  Code  Gb  hal_led.o [1]
HalLedOnOff             0x0020cf43    0xa8  Code  Gb  hal_led.o [1]
HalLedSet               0x0020ccab    0x8e  Code  Gb  hal_led.o [1]
[...]
sm_rand                 0x0020c78d    0x14  Code  Gb  zcl_SmartMeter.o [1]
sqrt                    0x0021738d          Code  Gb  sqrt.o [7]
sqrtl                   0x0021738d          Code  Gb  sqrt.o [7]
sspAesEncryptHW         0x0020cb59    0x26  Code  Gb  hal_aes.o [1]
sspMMOHash              0x002180d7   0x1b6  Code  Gb  ssp_hash.o [3]
ssp_HW_KeyInit          0x0020cb49     0xe  Code  Gb  hal_aes.o [1]
state                   0x2000524d     0x1  Data  Gb  MT_UART.o [1]
status                  0x20005202     0x2  Data  Gb  zcl_SmartMeter.o [1]
strcat                  0x002032d9    0x1c  Code  Gb  strcat.o [6]
strlen                  0x00203131          Code  Gb  strlen.o [8]
tasksArr                0x0021afa0    0x24  Data  Gb  OSAL_SmartMeter.o [1]
tasksCnt                0x00219ed3     0x1  Data  Gb  OSAL_SmartMeter.o [1]
tasksEvents             0x20005140     0x4  Data  Gb  OSAL_SmartMeter.o [1]
tempDataLen             0x20005250     0x1  Data  Gb  MT_UART.o [1]
theHeap                 0x20005280  0x1800  Data  Lc  OSAL_Memory.o [1]
timeMSec                0x20005134     0x4  Data  Lc  OSAL_Clock.o [1]
timerAlignedQ           0x20004258     0x4  Data  Gb  mac_beacon.o [4]
timerHead               0x20005144     0x4  Data  Gb  OSAL_Timers.o [1]
timerUnalignedQ         0x20004254     0x4  Data  Gb  mac_beacon.o [4]
txAckReq                0x20005247     0x1  Data  Lc  mac_tx.o [1]
txComplete              0x00212c71    0x26  Code  Lc  mac_tx.o [1]
txCsmaGo                0x00212a75    0x2c  Code  Lc  mac_tx.o [1]
txCsmaPrep              0x002129e5    0x2c  Code  Lc  mac_tx.o [1]
txGo                    0x00212a3f    0x36  Code  Lc  mac_tx.o [1]
txGreenPowerPrep        0x00212a11    0x2e  Code  Lc  mac_tx.o [1]
txMT                    0x2000522a     0x1  Data  Lc  hal_uart.o [1]
txRetransmitFlag        0x20005248     0x1  Data  Lc  mac_tx.o [1]
txSeqn                  0x20005246     0x1  Data  Lc  mac_tx.o [1]
uartRecord              0x20004e74    0x2c  Data  Lc  hal_uart.o [1]
ui8BspKeyMode           0x20004ee0     0x4  Data  Lc  bsp_key.o [5]
ui8PortAPinHasIsr       0x20004c40     0x4  Data  Lc  io_pin_int.o [5]
ui8PortBPinHasIsr       0x20004c44     0x4  Data  Lc  io_pin_int.o [5]
ui8PortCPinHasIsr       0x20004c48     0x4  Data  Lc  io_pin_int.o [5]
ui8PortDPinHasIsr       0x20004c4c     0x4  Data  Lc  io_pin_int.o [5]
updateRolloverflag      0x2000522e     0x1  Data  Lc  mac_mcu.o [1]
writeBuf                0x0020f9a7   0x16c  Code  Lc  osal_nv.o [1]
writeItem               0x0020fcc9   0x17c  Code  Lc  osal_nv.o [1]
xferBuf                 0x0020fb13   0x1b6  Code  Lc  osal_nv.o [1]
zclAnalogDataType       0x00200f17    0x26  Code  Gb  zcl.o [1]
zclAuthorizeRead        0x002011e3    0x2c  Code  Lc  zcl.o [1]
zclAuthorizeWrite       0x002012f7    0x2c  Code  Lc  zcl.o [1]
zclBuildHdr             0x00200b4b    0x60  Code  Lc  zcl.o [1]
zclCalcHdrSize          0x00200bab    0x14  Code  Lc  zcl.o [1]
zclCmdTable             0x0021ace8    0xb8  Data  Lc  zcl.o [1]
zclEZModeErr            0x20005257     0x1  Data  Gb  zcl_ezmode.o [1]
zclEZModeInvokeData     0x20004fc0    0x10  Data  Gb  zcl_ezmode.o [1]
zclEZModeMatched        0x2000525a     0x1  Data  Gb  zcl_ezmode.o [1]
zclEZModeOpener         0x20005259     0x1  Data  Gb  zcl_ezmode.o [1]
zclEZModeQueryRspEP     0x2000525b     0x1  Data  Gb  zcl_ezmode.o [1]
zclEZModeQueryRspNwkAddr
                        0x200051d0     0x2  Data  Gb  zcl_ezmode.o [1]
zclEZModeRegisterData   0x20004fb0    0x10  Data  Gb  zcl_ezmode.o [1]
zclEZModeRegistered     0x20005256     0x1  Data  Gb  zcl_ezmode.o [1]
zclEZModeState          0x20005258     0x1  Data  Gb  zcl_ezmode.o [1]
zclFindAttrRec          0x00200c0d    0x78  Code  Gb  zcl.o [1]
zclFindAttrRecsList     0x00200be7    0x20  Code  Lc  zcl.o [1]
zclFindClusterOption    0x00200cb9    0x4a  Code  Lc  zcl.o [1]
zclFindPlugin           0x00200bbf    0x28  Code  Lc  zcl.o [1]
zclGenCBs               0x20005164     0x4  Data  Lc  zcl_general.o [1]
zclGenPluginRegisted    0x2000525c     0x1  Data  Lc  zcl_general.o [1]
zclGeneral_FindCallbacks
                        0x00216b9b    0x20  Code  Lc  zcl_general.o [1]
zclGeneral_HdlInSpecificCommands
                        0x00216bf9    0x46  Code  Lc  zcl_general.o [1]
zclGeneral_HdlIncoming  0x00216bc5    0x34  Code  Lc  zcl_general.o [1]
zclGeneral_ProcessInBasic
                        0x00216c3f    0x28  Code  Lc  zcl_general.o [1]
zclGeneral_ProcessInIdentity
                        0x00216c67    0xfa  Code  Lc  zcl_general.o [1]
zclGeneral_RegisterCmdCallbacks
                        0x00216aed    0x5c  Code  Gb  zcl_general.o [1]
zclGeneral_SendIdentifyQueryResponse
                        0x00216b49    0x52  Code  Gb  zcl_general.o [1]
zclGetAttrDataLength    0x00201095    0x46  Code  Gb  zcl.o [1]
zclGetAttrDataLengthUsingCB
                        0x00201165    0x38  Code  Lc  zcl.o [1]
zclGetAuthorizeCB       0x00200c9f    0x1a  Code  Lc  zcl.o [1]
zclGetClusterOption     0x00200d03    0x26  Code  Lc  zcl.o [1]
zclGetDataTypeLength    0x00200f9b    0xfa  Code  Gb  zcl.o [1]
zclGetReadWriteCB       0x00200c85    0x1a  Code  Lc  zcl.o [1]
zclHA_Init              0x00216a89    0x26  Code  Gb  zcl_ha.o [1]
zclHA_uint16toa         0x00216aaf    0x3a  Code  Gb  zcl_ha.o [1]
zclIsLittleEndianMachine
                        0x00200f3d    0x10  Code  Lc  zcl.o [1]
zclParseHdr             0x00200acd    0x7e  Code  Gb  zcl.o [1]
zclParseInConfigReportCmd
                        0x002015ff   0x17e  Code  Gb  zcl.o [1]
zclParseInConfigReportRspCmd
                        0x0020177d    0x62  Code  Lc  zcl.o [1]
zclParseInDefaultRspCmd
                        0x00201abf    0x20  Code  Lc  zcl.o [1]
zclParseInReadCmd       0x00201323    0x46  Code  Gb  zcl.o [1]
zclParseInReadReportCfgCmd
                        0x002017df    0x56  Code  Gb  zcl.o [1]
zclParseInReadReportCfgRspCmd
                        0x00201835   0x184  Code  Lc  zcl.o [1]
zclParseInReadRspCmd    0x00201369   0x132  Code  Lc  zcl.o [1]
zclParseInReportCmd     0x002019b9   0x106  Code  Gb  zcl.o [1]
zclParseInWriteCmd      0x0020149b   0x106  Code  Gb  zcl.o [1]
zclParseInWriteRspCmd   0x002015a1    0x5e  Code  Lc  zcl.o [1]
zclProcessInReadCmd     0x00201adf    0xea  Code  Lc  zcl.o [1]
zclProcessInWriteCmd    0x00201bc9   0x16a  Code  Lc  zcl.o [1]
zclProcessInWriteUndividedCmd
                        0x00201da9   0x2b2  Code  Lc  zcl.o [1]
zclReadAttrData         0x002010db    0x32  Code  Gb  zcl.o [1]
zclReadAttrDataUsingCB  0x0020119d    0x46  Code  Lc  zcl.o [1]
zclRevertWriteUndividedCmd
                        0x00201d33    0x76  Code  Lc  zcl.o [1]
zclSerializeData        0x00200d5d   0x1ba  Code  Gb  zcl.o [1]
zclSetSecurityOption    0x00200d29    0x34  Code  Lc  zcl.o [1]
zclSmartMeterSeqNum     0x2000525e     0x1  Data  Gb  zcl_SmartMeter.o [1]
zclSmartMeter_ADC_init  0x0020c70d    0x24  Code  Gb  zcl_SmartMeter.o [1]
zclSmartMeter_Add_MeasuredValue
                        0x2000521c     0x2  Data  Gb  zcl_SmartMeter_data.o [1]
zclSmartMeter_Attrs     0x0021ab50    0xcc  Data  Gb  zcl_SmartMeter_data.o [1]
zclSmartMeter_BasicResetCB
                        0x0020c871    0x12  Code  Lc  zcl_SmartMeter.o [1]
zclSmartMeter_CmdCallbacks
                        0x200042b0    0x30  Data  Lc  zcl_SmartMeter.o [1]
zclSmartMeter_Com_MeasuredValue
                        0x2000521e     0x2  Data  Gb  zcl_SmartMeter_data.o [1]
zclSmartMeter_Data_MeasuredValue
                        0x2000521a     0x2  Data  Gb  zcl_SmartMeter_data.o [1]
zclSmartMeter_DateCode  0x0021b128    0x14  Data  Gb  zcl_SmartMeter_data.o [1]
zclSmartMeter_DeviceEnable
                        0x2000439f     0x1  Data  Gb  zcl_SmartMeter_data.o [1]
zclSmartMeter_DstAddr   0x20005014     0xc  Data  Gb  zcl_SmartMeter.o [1]
zclSmartMeter_EZModeCB  0x0020c97b    0xf0  Code  Lc  zcl_SmartMeter.o [1]
zclSmartMeter_HWRevision
                        0x00219eda     0x1  Data  Gb  zcl_SmartMeter_data.o [1]
zclSmartMeter_HandleKeys
                        0x0020b657     0xc  Code  Lc  zcl_SmartMeter.o [1]
zclSmartMeter_IdentifyCB
                        0x0020c88d    0x10  Code  Lc  zcl_SmartMeter.o [1]
zclSmartMeter_IdentifyQueryRspCB
                        0x0020c8a9    0x12  Code  Lc  zcl_SmartMeter.o [1]
zclSmartMeter_IdentifyTime
                        0x20005216     0x2  Data  Gb  zcl_SmartMeter_data.o [1]
zclSmartMeter_InClusterList
                        0x0021b32c     0x8  Data  Gb  zcl_SmartMeter_data.o [1]
zclSmartMeter_Init      0x0020b419   0x12c  Code  Gb  zcl_SmartMeter.o [1]
zclSmartMeter_LCDDisplayUpdate
                        0x0020b6e5    0xb8  Code  Gb  zcl_SmartMeter.o [1]
zclSmartMeter_LcdDisplayTestMode
                        0x0020b79d    0xf6  Code  Gb  zcl_SmartMeter.o [1]
zclSmartMeter_LocationDescription
                        0x200042f8    0x14  Data  Gb  zcl_SmartMeter_data.o [1]
zclSmartMeter_ManufacturerName
                        0x0021b100    0x14  Data  Gb  zcl_SmartMeter_data.o [1]
zclSmartMeter_ModelId   0x0021b114    0x14  Data  Gb  zcl_SmartMeter_data.o [1]
zclSmartMeter_NwkState  0x2000439e     0x1  Data  Gb  zcl_SmartMeter.o [1]
zclSmartMeter_OnOff     0x20005261     0x1  Data  Gb  zcl_SmartMeter_data.o [1]
zclSmartMeter_OutClusterList
                        0x002135b2     0x2  Data  Gb  zcl_SmartMeter_data.o [1]
zclSmartMeter_Parameter_MeasuredValue
                        0x20005218     0x2  Data  Gb  zcl_SmartMeter_data.o [1]
zclSmartMeter_PhysicalEnvironment
                        0x20005260     0x1  Data  Gb  zcl_SmartMeter_data.o [1]
zclSmartMeter_PowerSource
                        0x0021a626     0x1  Data  Gb  zcl_SmartMeter_data.o [1]
zclSmartMeter_ProcessIdentifyTimeChange
                        0x0020c823    0x4e  Code  Lc  zcl_SmartMeter.o [1]
zclSmartMeter_ProcessInDefaultRspCmd
                        0x0020c94d     0x6  Code  Lc  zcl_SmartMeter.o [1]
zclSmartMeter_ProcessInReadRspCmd
                        0x0020c919    0x1a  Code  Lc  zcl_SmartMeter.o [1]
zclSmartMeter_ProcessInReportCmd
                        0x0020be01   0x4a0  Code  Lc  zcl_SmartMeter.o [1]
zclSmartMeter_ProcessInWriteRspCmd
                        0x0020c933    0x1a  Code  Lc  zcl_SmartMeter.o [1]
zclSmartMeter_ProcessIncomingMsg
                        0x0020c8bb    0x5e  Code  Lc  zcl_SmartMeter.o [1]
zclSmartMeter_ProcessZDOMsgs
                        0x0020c953    0x28  Code  Lc  zcl_SmartMeter.o [1]
zclSmartMeter_RegisterEZModeData
                        0x0021b204    0x10  Data  Lc  zcl_SmartMeter.o [1]
zclSmartMeter_SendAdd   0x0020bccb    0xac  Code  Lc  zcl_SmartMeter.o [1]
zclSmartMeter_SendData  0x0020b9e1   0x144  Code  Lc  zcl_SmartMeter.o [1]
zclSmartMeter_SendParam
                        0x0020b893   0x142  Code  Lc  zcl_SmartMeter.o [1]
zclSmartMeter_SendRelay
                        0x0020bbbf    0x86  Code  Lc  zcl_SmartMeter.o [1]
zclSmartMeter_SendReset
                        0x0020bb25    0x9a  Code  Lc  zcl_SmartMeter.o [1]
zclSmartMeter_SendRestart
                        0x0020bc45    0x86  Code  Lc  zcl_SmartMeter.o [1]
zclSmartMeter_SimpleDesc
                        0x2000430c    0x14  Data  Gb  zcl_SmartMeter_data.o [1]
zclSmartMeter_TaskID    0x2000525d     0x1  Data  Gb  zcl_SmartMeter.o [1]
zclSmartMeter_UpdateDataReg
                        0x0020c62b    0xd8  Code  Lc  zcl_SmartMeter.o [1]
zclSmartMeter_ZCLVersion
                        0x00219edb     0x1  Data  Gb  zcl_SmartMeter_data.o [1]
zclSmartMeter_calPowerInc
                        0x0020c405   0x1e6  Code  Lc  zcl_SmartMeter.o [1]
zclSmartMeter_dataRegInit
                        0x0020c74f    0x1c  Code  Lc  zcl_SmartMeter.o [1]
zclSmartMeter_event_loop
                        0x0020b545   0x112  Code  Gb  zcl_SmartMeter.o [1]
zclSmartMeter_map       0x0020c611    0x1a  Code  Gb  zcl_SmartMeter.o [1]
zclSmartMeter_nvReadParam
                        0x0020bd77    0x24  Code  Lc  zcl_SmartMeter.o [1]
zclSmartMeter_nvWriteParam
                        0x0020bd9b    0x24  Code  Lc  zcl_SmartMeter.o [1]
zclSmartMeter_parameterInit
                        0x0020c2c5    0xfe  Code  Lc  zcl_SmartMeter.o [1]
zclWriteAttrData        0x0020120f    0x70  Code  Lc  zcl.o [1]
zclWriteAttrDataUsingCB
                        0x00201299    0x5e  Code  Lc  zcl.o [1]
zcl_BuildAnalogData     0x00200f4d    0x4e  Code  Lc  zcl.o [1]
zcl_DeviceOperational   0x0020028b    0x5c  Code  Lc  zcl.o [1]
zcl_EZModeAction        0x00216deb   0x130  Code  Gb  zcl_ezmode.o [1]
zcl_HandleExternal      0x00200189    0x58  Code  Gb  zcl.o [1]
zcl_Init                0x00200101     0x8  Code  Gb  zcl.o [1]
zcl_InvokeEZMode        0x00216d7b    0x70  Code  Gb  zcl_ezmode.o [1]
zcl_ProcessEZMode       0x00216f3b   0x19a  Code  Lc  zcl_ezmode.o [1]
zcl_ProcessMessageMSG   0x002007d3   0x2fa  Code  Gb  zcl.o [1]
zcl_ReadAttrData        0x0020110d    0x58  Code  Gb  zcl.o [1]
zcl_RegisterEZMode      0x00216d61    0x1a  Code  Gb  zcl_ezmode.o [1]
zcl_RegisteredMsgTaskID
                        0x2000439d     0x1  Data  Gb  zcl.o [1]
zcl_SendCommand         0x002002e7   0x160  Code  Gb  zcl.o [1]
zcl_SendDefaultRspCmd   0x0020077b    0x58  Code  Gb  zcl.o [1]
zcl_SendReadRsp         0x0020045d   0x168  Code  Gb  zcl.o [1]
zcl_SendReportCmd       0x0020068f    0xec  Code  Gb  zcl.o [1]
zcl_SendWriteRsp        0x002005c5    0xca  Code  Gb  zcl.o [1]
zcl_SetEZModeError      0x00216f35     0x6  Code  Lc  zcl_ezmode.o [1]
zcl_SetEZModeState      0x00216f1b    0x1a  Code  Lc  zcl_ezmode.o [1]
zcl_TaskID              0x20005254     0x1  Data  Gb  zcl.o [1]
zcl_TransID             0x20005255     0x1  Data  Lc  zcl.o [1]
zcl_ValidateAttrDataCB  0x20005150     0x4  Data  Gb  zcl.o [1]
zcl_event_loop          0x00200109    0x6a  Code  Gb  zcl.o [1]
zcl_getRawAFMsg         0x002001e1     0x6  Code  Gb  zcl.o [1]
zcl_registerAttrList    0x00200237    0x54  Code  Gb  zcl.o [1]
zcl_registerForMsg      0x00200173    0x16  Code  Gb  zcl.o [1]
zcl_registerPlugin      0x002001e7    0x50  Code  Gb  zcl.o [1]
zclsmartmeter_startEZmode
                        0x0020b663    0x82  Code  Lc  zcl_SmartMeter.o [1]
zdappHoldKeys           0x20005269     0x1  Data  Lc  ZDApp.o [1]
zdoCBFunc               0x20004f40    0x1c  Data  Gb  ZDApp.o [1]
zdoDiscCounter          0x200043a0     0x1  Data  Gb  ZDApp.o [1]
zdoMsgCBs               0x20005194     0x4  Data  Gb  ZDProfile.o [1]
zdoSendStateChangeMsg   0x00214d2d    0x46  Code  Lc  ZDObject.o [1]
zdpMsgProcs             0x0021ae30    0x58  Data  Gb  ZDProfile.o [1]
zdpProcessAddrReq       0x0021612f   0x112  Code  Gb  ZDProfile.o [1]
zgApsAckWaitMultiplier  0x200043b3     0x1  Data  Gb  ZGlobals.o [1]
zgApsAllowR19Sec        0x20005274     0x1  Data  Gb  ZGlobals.o [1]
zgApsDefaultMaxBindingTime
                        0x2000438a     0x2  Data  Gb  ZGlobals.o [1]
zgApsLinkKeyType        0x200043b7     0x1  Data  Gb  ZGlobals.o [1]
zgApsMinDupRejTableSize
                        0x20004390     0x2  Data  Gb  ZGlobals.o [1]
zgApsNonMemberRadius    0x200043b5     0x1  Data  Gb  ZGlobals.o [1]
zgApsTrustCenterAddr    0x200050a8     0x8  Data  Gb  ZGlobals.o [1]
zgApsUseExtendedPANID   0x200050b8     0x8  Data  Gb  ZGlobals.o [1]
zgApsUseInsecureJoin    0x200043b4     0x1  Data  Gb  ZGlobals.o [1]
zgApscAckWaitDurationPolled
                        0x20004388     0x2  Data  Gb  ZGlobals.o [1]
zgApscDupRejTimeoutCount
                        0x200043b6     0x1  Data  Gb  ZGlobals.o [1]
zgApscDupRejTimeoutInc  0x2000438e     0x2  Data  Gb  ZGlobals.o [1]
zgApscMaxFrameRetries   0x200043b2     0x1  Data  Gb  ZGlobals.o [1]
zgBcastDeliveryTime     0x200043ad     0x1  Data  Gb  ZGlobals.o [1]
zgChildAgingEnable      0x20005271     0x1  Data  Gb  ZGlobals.o [1]
zgConcentratorDiscoveryTime
                        0x2000526e     0x1  Data  Gb  ZGlobals.o [1]
zgConcentratorEnable    0x2000526d     0x1  Data  Gb  ZGlobals.o [1]
zgConcentratorRC        0x2000526f     0x1  Data  Gb  ZGlobals.o [1]
zgConcentratorRadius    0x200043af     0x1  Data  Gb  ZGlobals.o [1]
zgConfigPANID           0x20004392     0x2  Data  Gb  ZGlobals.o [1]
zgDefaultChannelList    0x20004370     0x4  Data  Gb  ZGlobals.o [1]
zgDefaultStartingScanDuration
                        0x200043a4     0x1  Data  Gb  ZGlobals.o [1]
zgDeviceLogicalType     0x200043b8     0x1  Data  Gb  ZGlobals.o [1]
zgExtendedPANID         0x200050b0     0x8  Data  Gb  ZGlobals.o [1]
zgIndirectMsgTimeout    0x200043a6     0x1  Data  Gb  ZGlobals.o [1]
zgInit                  0x00215783    0x42  Code  Gb  ZGlobals.o [1]
zgInitItems             0x002157c5    0x42  Code  Gb  ZGlobals.o [1]
zgItemInit              0x00215729    0x5a  Code  Lc  ZGlobals.o [1]
zgItemTable             0x0021a800   0x190  Data  Lc  ZGlobals.o [1]
zgMaxBcastRetires       0x200043ab     0x1  Data  Gb  ZGlobals.o [1]
zgMaxDataRetries        0x200043a2     0x1  Data  Gb  ZGlobals.o [1]
zgMaxPollFailureRetries
                        0x200043a3     0x1  Data  Gb  ZGlobals.o [1]
zgNwkCommissionedNwkAddr
                        0x2000438c     0x2  Data  Gb  ZGlobals.o [1]
zgNwkLeaveRequestAllowed
                        0x200043b1     0x1  Data  Gb  ZGlobals.o [1]
zgNwkMgrMinTransmissions
                        0x200043ba     0x1  Data  Gb  ZGlobals.o [1]
zgNwkMgrMode            0x200043bb     0x1  Data  Gb  ZGlobals.o [1]
zgNwkMode               0x200043ae     0x1  Data  Gb  ZGlobals.o [1]
zgNwkSrcRtgExpiryTime   0x200043b0     0x1  Data  Gb  ZGlobals.o [1]
zgPassiveAckTimeout     0x200043ac     0x1  Data  Gb  ZGlobals.o [1]
zgPollRate              0x20004380     0x2  Data  Gb  ZGlobals.o [1]
zgPreConfigKeys         0x20005272     0x1  Data  Gb  ZGlobals.o [1]
zgPreconfigKeyInit      0x002158d5    0x48  Code  Lc  ZGlobals.o [1]
zgQueuedPollRate        0x20004382     0x2  Data  Gb  ZGlobals.o [1]
zgReadStartupOptions    0x00215807    0x28  Code  Gb  ZGlobals.o [1]
zgRejoinPollRate        0x20004386     0x2  Data  Gb  ZGlobals.o [1]
zgResponsePollRate      0x20004384     0x2  Data  Gb  ZGlobals.o [1]
zgRouteDiscoveryTime    0x200043a9     0x1  Data  Gb  ZGlobals.o [1]
zgRouteExpiryTime       0x200043aa     0x1  Data  Gb  ZGlobals.o [1]
zgRouterOffAssocCleanup
                        0x20005270     0x1  Data  Gb  ZGlobals.o [1]
zgSapiEndpoint          0x200043bc     0x1  Data  Gb  ZGlobals.o [1]
zgSecurePermitJoin      0x200043a8     0x1  Data  Gb  ZGlobals.o [1]
zgSecurityMode          0x200043a7     0x1  Data  Gb  ZGlobals.o [1]
zgSetItem               0x00215885    0x50  Code  Gb  ZGlobals.o [1]
zgStackProfile          0x200043a5     0x1  Data  Gb  ZGlobals.o [1]
zgStartDelay            0x200043b9     0x1  Data  Gb  ZGlobals.o [1]
zgUseDefaultTCLK        0x20005273     0x1  Data  Gb  ZGlobals.o [1]
zgWriteStartupOptions   0x0021582f    0x56  Code  Gb  ZGlobals.o [1]
zmacCBSizeTable         0x0021b13c    0x14  Data  Gb  zmac_cb.o [1]
zmain_dev_info          0x0021a541    0x70  Code  Lc  ZMain.o [1]
zmain_ext_addr          0x0021a439   0x108  Code  Lc  ZMain.o [1]
zmain_lcd_init          0x0021a5b1    0x14  Code  Lc  ZMain.o [1]


[1] = C:\Texas Instruments\Z-Stack Home 1.2.0\Projects\zstack\HomeAutomation_test\Smartmeter_wang\CC2538\EndDevice\Obj
[2] = command line
[3] = EndDevice.a
[4] = TIMAC-CC2538.a
[5] = bsp.lib
[6] = dl7M_tln.a
[7] = m7M_tl.a
[8] = rt7M_tl.a
[9] = sdriverlib.lib
[10] = shb_l.a

  108 396 bytes of readonly  code memory
    3 327 bytes of readonly  data memory
   12 927 bytes of readwrite data memory (+ 12 288 absolute)

Errors: none
Warnings: none
