###############################################################################
#                                                                             #
# IAR ELF Linker V6.70.1.5641/W32 for ARM               02/Jul/2014  14:56:30 #
# Copyright 2007-2013 IAR Systems AB.                                         #
#                                                                             #
#    Output file  =  C:\Texas Instruments\Z-Stack Home                        #
#                    1.2.0\Projects\zstack\HomeAutomation_test\Coordinator_wa #
#                    ng\CC2538\Coordinator\Exe\Coordinator.out                #
#    Map file     =  C:\Texas Instruments\Z-Stack Home                        #
#                    1.2.0\Projects\zstack\HomeAutomation_test\Coordinator_wa #
#                    ng\CC2538\Coordinator\List\Coordinator.map               #
#    Command line =  "C:\Texas Instruments\Z-Stack Home                       #
#                    1.2.0\Projects\zstack\HomeAutomation_test\Coordinator_wa #
#                    ng\CC2538\Coordinator\Obj\AF.o" "C:\Texas                #
#                    Instruments\Z-Stack Home 1.2.0\Projects\zstack\HomeAutom #
#                    ation_test\Coordinator_wang\CC2538\Coordinator\Obj\armcm #
#                    3flashutil.o" "C:\Texas Instruments\Z-Stack Home         #
#                    1.2.0\Projects\zstack\HomeAutomation_test\Coordinator_wa #
#                    ng\CC2538\Coordinator\Obj\BindingTable.o" "C:\Texas      #
#                    Instruments\Z-Stack Home 1.2.0\Projects\zstack\HomeAutom #
#                    ation_test\Coordinator_wang\CC2538\Coordinator\Obj\Debug #
#                    Trace.o" "C:\Texas Instruments\Z-Stack Home              #
#                    1.2.0\Projects\zstack\HomeAutomation_test\Coordinator_wa #
#                    ng\CC2538\Coordinator\Obj\hal_adc.o" "C:\Texas           #
#                    Instruments\Z-Stack Home 1.2.0\Projects\zstack\HomeAutom #
#                    ation_test\Coordinator_wang\CC2538\Coordinator\Obj\hal_a #
#                    es.o" "C:\Texas Instruments\Z-Stack Home                 #
#                    1.2.0\Projects\zstack\HomeAutomation_test\Coordinator_wa #
#                    ng\CC2538\Coordinator\Obj\hal_assert.o" "C:\Texas        #
#                    Instruments\Z-Stack Home 1.2.0\Projects\zstack\HomeAutom #
#                    ation_test\Coordinator_wang\CC2538\Coordinator\Obj\hal_c #
#                    cm.o" "C:\Texas Instruments\Z-Stack Home                 #
#                    1.2.0\Projects\zstack\HomeAutomation_test\Coordinator_wa #
#                    ng\CC2538\Coordinator\Obj\hal_drivers.o" "C:\Texas       #
#                    Instruments\Z-Stack Home 1.2.0\Projects\zstack\HomeAutom #
#                    ation_test\Coordinator_wang\CC2538\Coordinator\Obj\hal_k #
#                    ey.o" "C:\Texas Instruments\Z-Stack Home                 #
#                    1.2.0\Projects\zstack\HomeAutomation_test\Coordinator_wa #
#                    ng\CC2538\Coordinator\Obj\hal_lcd.o" "C:\Texas           #
#                    Instruments\Z-Stack Home 1.2.0\Projects\zstack\HomeAutom #
#                    ation_test\Coordinator_wang\CC2538\Coordinator\Obj\hal_l #
#                    ed.o" "C:\Texas Instruments\Z-Stack Home                 #
#                    1.2.0\Projects\zstack\HomeAutomation_test\Coordinator_wa #
#                    ng\CC2538\Coordinator\Obj\hal_mac_cfg.o" "C:\Texas       #
#                    Instruments\Z-Stack Home 1.2.0\Projects\zstack\HomeAutom #
#                    ation_test\Coordinator_wang\CC2538\Coordinator\Obj\hal_s #
#                    leep.o" "C:\Texas Instruments\Z-Stack Home               #
#                    1.2.0\Projects\zstack\HomeAutomation_test\Coordinator_wa #
#                    ng\CC2538\Coordinator\Obj\hal_sys_ctrl.o" "C:\Texas      #
#                    Instruments\Z-Stack Home 1.2.0\Projects\zstack\HomeAutom #
#                    ation_test\Coordinator_wang\CC2538\Coordinator\Obj\hal_s #
#                    ystick.o" "C:\Texas Instruments\Z-Stack Home             #
#                    1.2.0\Projects\zstack\HomeAutomation_test\Coordinator_wa #
#                    ng\CC2538\Coordinator\Obj\hal_uart.o" "C:\Texas          #
#                    Instruments\Z-Stack Home 1.2.0\Projects\zstack\HomeAutom #
#                    ation_test\Coordinator_wang\CC2538\Coordinator\Obj\mac_a #
#                    utopend.o" "C:\Texas Instruments\Z-Stack Home            #
#                    1.2.0\Projects\zstack\HomeAutomation_test\Coordinator_wa #
#                    ng\CC2538\Coordinator\Obj\mac_backoff_timer.o"           #
#                    "C:\Texas Instruments\Z-Stack Home                       #
#                    1.2.0\Projects\zstack\HomeAutomation_test\Coordinator_wa #
#                    ng\CC2538\Coordinator\Obj\mac_cfg.o" "C:\Texas           #
#                    Instruments\Z-Stack Home 1.2.0\Projects\zstack\HomeAutom #
#                    ation_test\Coordinator_wang\CC2538\Coordinator\Obj\mac_c #
#                    sp_tx.o" "C:\Texas Instruments\Z-Stack Home              #
#                    1.2.0\Projects\zstack\HomeAutomation_test\Coordinator_wa #
#                    ng\CC2538\Coordinator\Obj\mac_low_level.o" "C:\Texas     #
#                    Instruments\Z-Stack Home 1.2.0\Projects\zstack\HomeAutom #
#                    ation_test\Coordinator_wang\CC2538\Coordinator\Obj\mac_m #
#                    cu.o" "C:\Texas Instruments\Z-Stack Home                 #
#                    1.2.0\Projects\zstack\HomeAutomation_test\Coordinator_wa #
#                    ng\CC2538\Coordinator\Obj\mac_mem.o" "C:\Texas           #
#                    Instruments\Z-Stack Home 1.2.0\Projects\zstack\HomeAutom #
#                    ation_test\Coordinator_wang\CC2538\Coordinator\Obj\mac_p #
#                    ib.o" "C:\Texas Instruments\Z-Stack Home                 #
#                    1.2.0\Projects\zstack\HomeAutomation_test\Coordinator_wa #
#                    ng\CC2538\Coordinator\Obj\mac_radio.o" "C:\Texas         #
#                    Instruments\Z-Stack Home 1.2.0\Projects\zstack\HomeAutom #
#                    ation_test\Coordinator_wang\CC2538\Coordinator\Obj\mac_r #
#                    adio_defs.o" "C:\Texas Instruments\Z-Stack Home          #
#                    1.2.0\Projects\zstack\HomeAutomation_test\Coordinator_wa #
#                    ng\CC2538\Coordinator\Obj\mac_rffrontend.o" "C:\Texas    #
#                    Instruments\Z-Stack Home 1.2.0\Projects\zstack\HomeAutom #
#                    ation_test\Coordinator_wang\CC2538\Coordinator\Obj\mac_r #
#                    x.o" "C:\Texas Instruments\Z-Stack Home                  #
#                    1.2.0\Projects\zstack\HomeAutomation_test\Coordinator_wa #
#                    ng\CC2538\Coordinator\Obj\mac_rx_onoff.o" "C:\Texas      #
#                    Instruments\Z-Stack Home 1.2.0\Projects\zstack\HomeAutom #
#                    ation_test\Coordinator_wang\CC2538\Coordinator\Obj\mac_s #
#                    leep.o" "C:\Texas Instruments\Z-Stack Home               #
#                    1.2.0\Projects\zstack\HomeAutomation_test\Coordinator_wa #
#                    ng\CC2538\Coordinator\Obj\mac_tx.o" "C:\Texas            #
#                    Instruments\Z-Stack Home 1.2.0\Projects\zstack\HomeAutom #
#                    ation_test\Coordinator_wang\CC2538\Coordinator\Obj\MT.o" #
#                     "C:\Texas Instruments\Z-Stack Home                      #
#                    1.2.0\Projects\zstack\HomeAutomation_test\Coordinator_wa #
#                    ng\CC2538\Coordinator\Obj\MT_AF.o" "C:\Texas             #
#                    Instruments\Z-Stack Home 1.2.0\Projects\zstack\HomeAutom #
#                    ation_test\Coordinator_wang\CC2538\Coordinator\Obj\MT_AP #
#                    P.o" "C:\Texas Instruments\Z-Stack Home                  #
#                    1.2.0\Projects\zstack\HomeAutomation_test\Coordinator_wa #
#                    ng\CC2538\Coordinator\Obj\MT_DEBUG.o" "C:\Texas          #
#                    Instruments\Z-Stack Home 1.2.0\Projects\zstack\HomeAutom #
#                    ation_test\Coordinator_wang\CC2538\Coordinator\Obj\MT_NW #
#                    K.o" "C:\Texas Instruments\Z-Stack Home                  #
#                    1.2.0\Projects\zstack\HomeAutomation_test\Coordinator_wa #
#                    ng\CC2538\Coordinator\Obj\MT_SYS.o" "C:\Texas            #
#                    Instruments\Z-Stack Home 1.2.0\Projects\zstack\HomeAutom #
#                    ation_test\Coordinator_wang\CC2538\Coordinator\Obj\MT_TA #
#                    SK.o" "C:\Texas Instruments\Z-Stack Home                 #
#                    1.2.0\Projects\zstack\HomeAutomation_test\Coordinator_wa #
#                    ng\CC2538\Coordinator\Obj\MT_UART.o" "C:\Texas           #
#                    Instruments\Z-Stack Home 1.2.0\Projects\zstack\HomeAutom #
#                    ation_test\Coordinator_wang\CC2538\Coordinator\Obj\MT_UT #
#                    IL.o" "C:\Texas Instruments\Z-Stack Home                 #
#                    1.2.0\Projects\zstack\HomeAutomation_test\Coordinator_wa #
#                    ng\CC2538\Coordinator\Obj\MT_VERSION.o" "C:\Texas        #
#                    Instruments\Z-Stack Home 1.2.0\Projects\zstack\HomeAutom #
#                    ation_test\Coordinator_wang\CC2538\Coordinator\Obj\MT_ZD #
#                    O.o" "C:\Texas Instruments\Z-Stack Home                  #
#                    1.2.0\Projects\zstack\HomeAutomation_test\Coordinator_wa #
#                    ng\CC2538\Coordinator\Obj\nwk_globals.o" "C:\Texas       #
#                    Instruments\Z-Stack Home 1.2.0\Projects\zstack\HomeAutom #
#                    ation_test\Coordinator_wang\CC2538\Coordinator\Obj\OnBoa #
#                    rd.o" "C:\Texas Instruments\Z-Stack Home                 #
#                    1.2.0\Projects\zstack\HomeAutomation_test\Coordinator_wa #
#                    ng\CC2538\Coordinator\Obj\OSAL.o" "C:\Texas              #
#                    Instruments\Z-Stack Home 1.2.0\Projects\zstack\HomeAutom #
#                    ation_test\Coordinator_wang\CC2538\Coordinator\Obj\OSAL_ #
#                    Clock.o" "C:\Texas Instruments\Z-Stack Home              #
#                    1.2.0\Projects\zstack\HomeAutomation_test\Coordinator_wa #
#                    ng\CC2538\Coordinator\Obj\OSAL_Coordinator.o" "C:\Texas  #
#                    Instruments\Z-Stack Home 1.2.0\Projects\zstack\HomeAutom #
#                    ation_test\Coordinator_wang\CC2538\Coordinator\Obj\OSAL_ #
#                    Memory.o" "C:\Texas Instruments\Z-Stack Home             #
#                    1.2.0\Projects\zstack\HomeAutomation_test\Coordinator_wa #
#                    ng\CC2538\Coordinator\Obj\osal_nv.o" "C:\Texas           #
#                    Instruments\Z-Stack Home 1.2.0\Projects\zstack\HomeAutom #
#                    ation_test\Coordinator_wang\CC2538\Coordinator\Obj\OSAL_ #
#                    PwrMgr.o" "C:\Texas Instruments\Z-Stack Home             #
#                    1.2.0\Projects\zstack\HomeAutomation_test\Coordinator_wa #
#                    ng\CC2538\Coordinator\Obj\OSAL_Timers.o" "C:\Texas       #
#                    Instruments\Z-Stack Home 1.2.0\Projects\zstack\HomeAutom #
#                    ation_test\Coordinator_wang\CC2538\Coordinator\Obj\saddr #
#                    .o" "C:\Texas Instruments\Z-Stack Home                   #
#                    1.2.0\Projects\zstack\HomeAutomation_test\Coordinator_wa #
#                    ng\CC2538\Coordinator\Obj\startup_ewarm.o" "C:\Texas     #
#                    Instruments\Z-Stack Home 1.2.0\Projects\zstack\HomeAutom #
#                    ation_test\Coordinator_wang\CC2538\Coordinator\Obj\stub_ #
#                    aps.o" "C:\Texas Instruments\Z-Stack Home                #
#                    1.2.0\Projects\zstack\HomeAutomation_test\Coordinator_wa #
#                    ng\CC2538\Coordinator\Obj\uartstdio.o" "C:\Texas         #
#                    Instruments\Z-Stack Home 1.2.0\Projects\zstack\HomeAutom #
#                    ation_test\Coordinator_wang\CC2538\Coordinator\Obj\zcl.o #
#                    " "C:\Texas Instruments\Z-Stack Home                     #
#                    1.2.0\Projects\zstack\HomeAutomation_test\Coordinator_wa #
#                    ng\CC2538\Coordinator\Obj\zcl_Coordinator.o" "C:\Texas   #
#                    Instruments\Z-Stack Home 1.2.0\Projects\zstack\HomeAutom #
#                    ation_test\Coordinator_wang\CC2538\Coordinator\Obj\zcl_C #
#                    oordinator_data.o" "C:\Texas Instruments\Z-Stack Home    #
#                    1.2.0\Projects\zstack\HomeAutomation_test\Coordinator_wa #
#                    ng\CC2538\Coordinator\Obj\zcl_ezmode.o" "C:\Texas        #
#                    Instruments\Z-Stack Home 1.2.0\Projects\zstack\HomeAutom #
#                    ation_test\Coordinator_wang\CC2538\Coordinator\Obj\zcl_g #
#                    eneral.o" "C:\Texas Instruments\Z-Stack Home             #
#                    1.2.0\Projects\zstack\HomeAutomation_test\Coordinator_wa #
#                    ng\CC2538\Coordinator\Obj\zcl_ha.o" "C:\Texas            #
#                    Instruments\Z-Stack Home 1.2.0\Projects\zstack\HomeAutom #
#                    ation_test\Coordinator_wang\CC2538\Coordinator\Obj\zcl_h #
#                    vac.o" "C:\Texas Instruments\Z-Stack Home                #
#                    1.2.0\Projects\zstack\HomeAutomation_test\Coordinator_wa #
#                    ng\CC2538\Coordinator\Obj\zcl_ms.o" "C:\Texas            #
#                    Instruments\Z-Stack Home 1.2.0\Projects\zstack\HomeAutom #
#                    ation_test\Coordinator_wang\CC2538\Coordinator\Obj\ZDApp #
#                    .o" "C:\Texas Instruments\Z-Stack Home                   #
#                    1.2.0\Projects\zstack\HomeAutomation_test\Coordinator_wa #
#                    ng\CC2538\Coordinator\Obj\ZDConfig.o" "C:\Texas          #
#                    Instruments\Z-Stack Home 1.2.0\Projects\zstack\HomeAutom #
#                    ation_test\Coordinator_wang\CC2538\Coordinator\Obj\ZDNwk #
#                    Mgr.o" "C:\Texas Instruments\Z-Stack Home                #
#                    1.2.0\Projects\zstack\HomeAutomation_test\Coordinator_wa #
#                    ng\CC2538\Coordinator\Obj\ZDObject.o" "C:\Texas          #
#                    Instruments\Z-Stack Home 1.2.0\Projects\zstack\HomeAutom #
#                    ation_test\Coordinator_wang\CC2538\Coordinator\Obj\ZDPro #
#                    file.o" "C:\Texas Instruments\Z-Stack Home               #
#                    1.2.0\Projects\zstack\HomeAutomation_test\Coordinator_wa #
#                    ng\CC2538\Coordinator\Obj\ZDSecMgr.o" "C:\Texas          #
#                    Instruments\Z-Stack Home 1.2.0\Projects\zstack\HomeAutom #
#                    ation_test\Coordinator_wang\CC2538\Coordinator\Obj\ZGlob #
#                    als.o" "C:\Texas Instruments\Z-Stack Home                #
#                    1.2.0\Projects\zstack\HomeAutomation_test\Coordinator_wa #
#                    ng\CC2538\Coordinator\Obj\zmac.o" "C:\Texas              #
#                    Instruments\Z-Stack Home 1.2.0\Projects\zstack\HomeAutom #
#                    ation_test\Coordinator_wang\CC2538\Coordinator\Obj\zmac_ #
#                    cb.o" "C:\Texas Instruments\Z-Stack Home                 #
#                    1.2.0\Projects\zstack\HomeAutomation_test\Coordinator_wa #
#                    ng\CC2538\Coordinator\Obj\ZMain.o" --redirect            #
#                    _Printf=_PrintfTiny --redirect _Scanf=_ScanfSmall -o     #
#                    "C:\Texas Instruments\Z-Stack Home                       #
#                    1.2.0\Projects\zstack\HomeAutomation_test\Coordinator_wa #
#                    ng\CC2538\Coordinator\Exe\Coordinator.out" --map         #
#                    "C:\Texas Instruments\Z-Stack Home                       #
#                    1.2.0\Projects\zstack\HomeAutomation_test\Coordinator_wa #
#                    ng\CC2538\Coordinator\List\Coordinator.map" --config     #
#                    "C:\Texas Instruments\Z-Stack Home                       #
#                    1.2.0\Projects\zstack\HomeAutomation_test\Coordinator_wa #
#                    ng\CC2538\..\..\..\Tools\CC2538DB\CC2538.icf"            #
#                    --semihosting "C:\Texas Instruments\Z-Stack Home         #
#                    1.2.0\Projects\zstack\HomeAutomation_test\Coordinator_wa #
#                    ng\CC2538\..\..\..\Libraries\CC2538\bin\Router.a"        #
#                    "C:\Texas Instruments\Z-Stack Home                       #
#                    1.2.0\Projects\zstack\HomeAutomation_test\Coordinator_wa #
#                    ng\CC2538\..\..\..\Libraries\TIMAC\bin\TIMAC-CC2538.a"   #
#                    "C:\Texas Instruments\Z-Stack Home                       #
#                    1.2.0\Projects\zstack\HomeAutomation_test\Coordinator_wa #
#                    ng\CC2538\..\..\..\..\..\Components\driverlib\cc2538\bin #
#                    \iar\sdriverlib.lib" "C:\Texas Instruments\Z-Stack Home  #
#                    1.2.0\Projects\zstack\HomeAutomation_test\Coordinator_wa #
#                    ng\CC2538\..\..\..\..\..\Components\bsp\srf06eb_cc2538\d #
#                    rivers\bin\iar\bsp.lib" --entry __iar_program_start      #
#                    --vfe                                                    #
#                                                                             #
#                                                                             #
###############################################################################

*******************************************************************************
*** RUNTIME MODEL ATTRIBUTES
***

CppFlavor       = *
__SystemLibrary = DLib


*******************************************************************************
*** PLACEMENT SUMMARY
***

"A1":  place at start of [0x00200000-0x0027c7ff] { ro section .intvec };
"A2":  place at start of [0x0027ffd4-0x0027ffdf] { ro section .cca };
"P1":  place in [from 0x00200000 to 0x0027c7ff] { ro };
"A7":  place at start of [0x20004000-0x20008fff] { section VTABLE };
"P2":  place in [from 0x20004000 to 0x20008fff] { rw, block HEAP };

  Section            Kind        Address     Size  Object
  -------            ----        -------     ----  ------
"A1":                                       0x100
  .intvec            const    0x00200000    0x100  startup_ewarm.o [1]
                            - 0x00200100    0x100

"P1":                                     0x20e34
  .text              ro code  0x00200100   0x27fc  mac_beacon.o [4]
  .text              ro code  0x002028fc    0x7a4  OSAL.o [1]
  .text              ro code  0x002030a0    0x20c  OSAL_Memory.o [1]
  .text              ro code  0x002032ac     0xa6  saddr.o [1]
  .text              ro code  0x00203352     0x22  zero_init3.o [8]
  .text              ro code  0x00203374    0x250  interrupt.o [9]
  .text              ro code  0x002035c4    0x170  mac_backoff_timer.o [1]
  .text              ro code  0x00203734    0x2d4  zmac_cb.o [1]
  .text              ro code  0x00203a08    0x2f0  mac_radio.o [1]
  .text              ro code  0x00203cf8    0x200  mac_pib.o [1]
  .text              ro code  0x00203ef8    0x4a4  mac_tx.o [1]
  .text              ro code  0x0020439c    0x204  mac_rx_onoff.o [1]
  .text              ro code  0x002045a0    0x29c  hal_assert.o [1]
  .text              ro code  0x0020483c     0x68  mac_low_level.o [1]
  .text              ro code  0x002048a4     0x36  strlen.o [8]
  .text              ro code  0x002048da     0x14  memset.o [6]
  .rodata            const    0x002048ee      0x2  MT_SYS.o [1]
  .text              ro code  0x002048f0      0x6  ABImemclr4.o [8]
  .rodata            const    0x002048f6      0x2  MT_SYS.o [1]
  .text              ro code  0x002048f8    0x110  OnBoard.o [1]
  .text              ro code  0x00204a08     0x44  strcpy_unaligned.o [8]
  .text              ro code  0x00204a4c     0x1c  strcat.o [6]
  .text              ro code  0x00204a68    0x308  OSAL_Timers.o [1]
  .text              ro code  0x00204d70     0x18  OSAL_PwrMgr.o [1]
  .text              ro code  0x00204d88     0x94  OSAL_Coordinator.o [1]
  .text              ro code  0x00204e1c     0x98  hal_drivers.o [1]
  .text              ro code  0x00204eb4     0x10  cpu.o [9]
  .text              ro code  0x00204ec4    0x6f8  mac_mcu.o [1]
  .text              ro code  0x002055bc    0x4cc  nwk_bufs.o [3]
  .text              ro code  0x00205a88     0x74  mac_mem.o [1]
  .text              ro code  0x00205afc    0xab0  mac_rx.o [1]
  .text              ro code  0x002065ac     0x76  ABImemcpy_unaligned.o [8]
  .rodata            const    0x00206622      0x2  nwk_globals.o [1]
  .text              ro code  0x00206624    0x5b4  mac_csp_tx.o [1]
  .text              ro code  0x00206bd8    0x198  hal_sys_ctrl.o [1]
  .text              ro code  0x00206d70    0x1c0  gpio.o [9]
  .text              ro code  0x00206f30     0x68  mac_sleep.o [1]
  .text              ro code  0x00206f98     0x66  ABImemset.o [8]
  .rodata            const    0x00206ffe      0x2  nwk_globals.o [1]
  .text              ro code  0x00207000     0x32  ABImemset48.o [8]
  .rodata            const    0x00207032      0x2  nwk_globals.o [1]
  .text              ro code  0x00207034    0x194  hal_key.o [1]
  .text              ro code  0x002071c8   0x1748  nwk.o [3]
  .text              ro code  0x00208910    0x190  MT_TASK.o [1]
  .text              ro code  0x00208aa0    0x73c  APS.o [3]
  .text              ro code  0x002091dc    0x63c  aps_frag.o [3]
  .text              ro code  0x00209818   0x1284  ZDApp.o [1]
  .text              ro code  0x0020aa9c    0x5f8  ZDNwkMgr.o [1]
  .text              ro code  0x0020b094   0x2332  zcl.o [1]
  .rodata            const    0x0020d3c6      0x2  nwk_globals.o [1]
  .text              ro code  0x0020d3c8   0x1858  zcl_Coordinator.o [1]
  .text              ro code  0x0020ec20     0x5c  hal_aes.o [1]
  .text              ro code  0x0020ec7c    0x1c0  hal_lcd.o [1]
  .text              ro code  0x0020ee3c    0x36c  hal_led.o [1]
  .text              ro code  0x0020f1a8    0x556  hal_uart.o [1]
  .rodata            const    0x0020f6fe      0x2  nwk_globals.o [1]
  .text              ro code  0x0020f700   0x256e  nwk_util.o [3]
  .rodata            const    0x00211c6e      0x2  nwk_globals.o [1]
  .text              ro code  0x00211c70    0x28c  zmac.o [1]
  .text              ro code  0x00211efc    0x46c  mac_autopend.o [1]
  .text              ro code  0x00212368    0x22c  sys_ctrl.o [9]
  .text              ro code  0x00212594    0x2e4  ioc.o [9]
  .text              ro code  0x00212878     0x90  mac_radio_defs.o [1]
  .text              ro code  0x00212908    0x30c  bsp_key.o [5]
  .text              ro code  0x00212c14    0x2e0  nwk_globals.o [1]
  .text              ro code  0x00212ef4    0x5d8  AssocList.o [3]
  .text              ro code  0x002134cc   0x1acc  rtg.o [3]
  .text              ro code  0x00214f98    0x500  NLMEDE.o [3]
  .text              ro code  0x00215498    0x260  NLMEDE_CB.o [3]
  .text              ro code  0x002156f8    0x598  ssp.o [3]
  .text              ro code  0x00215c90     0x58  aps_groups.o [3]
  .text              ro code  0x00215ce8    0x444  AddrMgr.o [3]
  .text              ro code  0x0021612c    0x25c  MT_UART.o [1]
  .text              ro code  0x00216388    0x102  MT.o [1]
  .rodata            const    0x0021648a      0x2  nwk_globals.o [1]
  .text              ro code  0x0021648c     0xc8  MT_AF.o [1]
  .text              ro code  0x00216554    0x8b4  MT_SYS.o [1]
  .text              ro code  0x00216e08     0xc2  MT_DEBUG.o [1]
  .rodata            const    0x00216eca      0x1  nwk_globals.o [1]
  .rodata            const    0x00216ecb      0x1  nwk_globals.o [1]
  .text              ro code  0x00216ecc    0x8bc  BindingTable.o [1]
  .text              ro code  0x00217788    0x68c  AF.o [1]
  .text              ro code  0x00217e14    0xce4  APSMEDE.o [3]
  .text              ro code  0x00218af8    0x148  reflecttrack.o [3]
  .text              ro code  0x00218c40    0x134  APSMEDE_CB.o [3]
  .text              ro code  0x00218d74    0x228  aps_util.o [3]
  .text              ro code  0x00218f9c   0x140a  ZDObject.o [1]
  .rodata            const    0x0021a3a6      0x1  nwk_globals.o [1]
  .rodata            const    0x0021a3a7      0x1  nwk_globals.o [1]
  .text              ro code  0x0021a3a8    0xb48  ZDSecMgr.o [1]
  .text              ro code  0x0021aef0    0x218  ZGlobals.o [1]
  .text              ro code  0x0021b108     0xdc  ZDConfig.o [1]
  .text              ro code  0x0021b1e4   0x1122  osal_nv.o [1]
  .rodata            const    0x0021c306      0x1  nwk_globals.o [1]
  .rodata            const    0x0021c307      0x1  nwk_globals.o [1]
  .text              ro code  0x0021c308   0x104c  ZDProfile.o [1]
  .text              ro code  0x0021d354     0x64  zcl_ha.o [1]
  .text              ro code  0x0021d3b8    0x2b6  zcl_general.o [1]
  .rodata            const    0x0021d66e      0x1  nwk_globals.o [1]
  .rodata            const    0x0021d66f      0x1  nwk_globals.o [1]
  .text              ro code  0x0021d670    0x39c  zcl_ezmode.o [1]
  .text              ro code  0x0021da0c     0x22  I64Shl.o [8]
  .rodata            const    0x0021da2e      0x1  nwk_globals.o [1]
  .rodata            const    0x0021da2f      0x1  nwk_globals.o [1]
  .text              ro code  0x0021da30     0x8c  uartstdio.o [1]
  .text              ro code  0x0021dabc    0x1ec  aes.o [9]
  .text              ro code  0x0021dca8     0xb4  bsp.o [5]
  .text              ro code  0x0021dd5c    0x120  lcd_srf06eb.o [5]
  .text              ro code  0x0021de7c     0x4c  DebugTrace.o [1]
  .text              ro code  0x0021dec8      0xc  memcpy.o [6]
  .text              ro code  0x0021ded4     0xe4  lcd_dogm128_6.o [5]
  .text              ro code  0x0021dfb8     0xea  uart.o [9]
  .rodata            const    0x0021e0a2      0x1  nwk_globals.o [1]
  .rodata            const    0x0021e0a3      0x1  nwk_globals.o [1]
  .text              ro code  0x0021e0a4    0x350  io_pin_int.o [5]
  .text              ro code  0x0021e3f4    0x2b2  ssp_hash.o [3]
  .rodata            const    0x0021e6a6      0x1  nwk_globals.o [1]
  .rodata            const    0x0021e6a7      0x1  nwk_globals.o [1]
  .text              ro code  0x0021e6a8    0x102  hal_ccm.o [1]
  .rodata            const    0x0021e7aa      0x1  nwk_globals.o [1]
  .rodata            const    0x0021e7ab      0x1  nwk_globals.o [1]
  .text              ro code  0x0021e7ac    0xcc0  MT_ZDO.o [1]
  .text              ro code  0x0021f46c     0x38  hal_adc.o [1]
  .text              ro code  0x0021f4a4    0x308  OSAL_Clock.o [1]
  .text              ro code  0x0021f7ac    0x1b6  armcm3flashutil.o [1]
  .rodata            const    0x0021f962      0x1  nwk_globals.o [1]
  .rodata            const    0x0021f963      0x1  nwk_globals.o [1]
  .text              ro code  0x0021f964     0x8a  ssi.o [9]
  .rodata            const    0x0021f9ee      0x1  nwk_globals.o [1]
  .rodata            const    0x0021f9ef      0x1  nwk_globals.o [1]
  .text              ro code  0x0021f9f0      0x6  ABImemclr.o [8]
  .rodata            const    0x0021f9f6      0x1  nwk_globals.o [1]
  .rodata            const    0x0021f9f7      0x1  nwk_globals.o [1]
  .text              ro code  0x0021f9f8    0x3b0  ccm.o [9]
  .text              ro code  0x0021fda8     0x34  systick.o [9]
  .text              ro code  0x0021fddc     0x38  flash.o [9]
  .text              ro code  0x0021fe14    0x29c  ZMain.o [1]
  .text              ro code  0x002200b0     0x2a  hal_systick.o [1]
  .rodata            const    0x002200da      0x1  nwk_globals.o [1]
  .rodata            const    0x002200db      0x1  nwk_globals.o [1]
  .rodata            const    0x002200dc    0x1d8  lcd_dogm128_6_alphabet.o [5]
  .rodata            const    0x002202b4    0x190  ZGlobals.o [1]
  .text              ro code  0x00220444     0xd4  packbits_init.o [8]
  .text              ro code  0x00220518      0x6  abort.o [6]
  .rodata            const    0x0022051e      0x1  nwk_globals.o [1]
  .rodata            const    0x0022051f      0x1  nwk_globals.o [1]
  .text              ro code  0x00220520     0x14  exit.o [10]
  .text              ro code  0x00220534     0xce  MT_APP.o [1]
  .rodata            const    0x00220602      0x1  OSAL_Coordinator.o [1]
  .rodata            const    0x00220603      0x1  zcl_Coordinator_data.o [1]
  .rodata            const    0x00220604     0xcc  mac_beacon.o [4]
  .rodata            const    0x002206d0     0xb8  zcl.o [1]
  .rodata            const    0x00220788     0xb4  zcl_Coordinator_data.o [1]
  .rodata            const    0x0022083c     0x90  mac_pib.o [1]
  .rodata            const    0x002208cc     0x68  ZDProfile.o [1]
  .rodata            const    0x00220934     0x4c  mac_pib.o [1]
  .text              ro code  0x00220980     0x42  startup_ewarm.o [1]
  .text              ro code  0x002209c2      0xc  cstartup_M.o [8]
  .rodata            const    0x002209ce      0x1  zcl_Coordinator_data.o [1]
  .rodata            const    0x002209cf      0x1  zcl_Coordinator_data.o [1]
  .text              ro code  0x002209d0     0x1a  cmain.o [8]
  .text              ro code  0x002209ea      0x4  low_level_init.o [6]
  .rodata            const    0x002209ee      0x1  ZDProfile.o [1]
  .text              ro code  0x002209f0     0x28  data_init.o [8]
  .text              ro code  0x00220a18      0x4  exit.o [6]
  .text              ro code  0x00220a1c      0xa  cexit.o [8]
  .rodata            const    0x00220a28     0x28  OSAL_Coordinator.o [1]
  .rodata            const    0x00220a50     0x24  mac_radio_defs.o [1]
  .iar.init_table    const    0x00220a74     0x34  - Linker created -
  .rodata            const    0x00220aa8     0x18  hal_lcd.o [1]
  .rodata            const    0x00220ac0     0x18  zcl_Coordinator.o [1]
  .rodata            const    0x00220ad8     0x18  zcl_Coordinator.o [1]
  .rodata            const    0x00220af0     0x18  zcl_Coordinator.o [1]
  .rodata            const    0x00220b08     0x18  zcl_Coordinator.o [1]
  .rodata            const    0x00220b20     0x18  zcl_Coordinator.o [1]
  .rodata            const    0x00220b38     0x18  zcl_Coordinator.o [1]
  .rodata            const    0x00220b50     0x18  ZMain.o [1]
  .rodata            const    0x00220b68     0x14  hal_uart.o [1]
  .rodata            const    0x00220b7c     0x14  zcl_Coordinator.o [1]
  .rodata            const    0x00220b90     0x14  zcl_Coordinator_data.o [1]
  .rodata            const    0x00220ba4     0x14  zcl_Coordinator_data.o [1]
  .rodata            const    0x00220bb8     0x14  zcl_Coordinator_data.o [1]
  .rodata            const    0x00220bcc     0x14  ZDNwkMgr.o [1]
  .rodata            const    0x00220be0     0x14  zmac_cb.o [1]
  .rodata            const    0x00220bf4     0x14  ZMain.o [1]
  .rodata            const    0x00220c08     0x10  nwk_globals.o [1]
  .rodata            const    0x00220c18     0x10  nwk_globals.o [1]
  .rodata            const    0x00220c28     0x10  nwk_globals.o [1]
  .rodata            const    0x00220c38     0x10  nwk_globals.o [1]
  .rodata            const    0x00220c48     0x10  nwk_globals.o [1]
  .rodata            const    0x00220c58     0x10  nwk_globals.o [1]
  .rodata            const    0x00220c68     0x10  nwk_globals.o [1]
  .rodata            const    0x00220c78     0x10  zcl_Coordinator.o [1]
  .rodata            const    0x00220c88     0x10  zcl_Coordinator.o [1]
  .rodata            const    0x00220c98     0x10  zcl_Coordinator.o [1]
  .rodata            const    0x00220ca8     0x10  zcl_Coordinator.o [1]
  .rodata            const    0x00220cb8     0x10  zcl_Coordinator.o [1]
  .rodata            const    0x00220cc8     0x10  zcl_Coordinator.o [1]
  .rodata            const    0x00220cd8     0x10  ZDObject.o [1]
  .rodata            const    0x00220ce8     0x10  ZDObject.o [1]
  .rodata            const    0x00220cf8     0x10  ZDObject.o [1]
  .rodata            const    0x00220d08     0x10  ZDObject.o [1]
  .rodata            const    0x00220d18      0xc  nwk_globals.o [1]
  .rodata            const    0x00220d24      0xc  nwk_globals.o [1]
  .rodata            const    0x00220d30      0xc  nwk_globals.o [1]
  .rodata            const    0x00220d3c      0xc  zcl_Coordinator.o [1]
  .rodata            const    0x00220d48      0xc  zcl_Coordinator.o [1]
  .rodata            const    0x00220d54      0xc  zcl_Coordinator_data.o [1]
  .rodata            const    0x00220d60      0xc  ZDObject.o [1]
  .rodata            const    0x00220d6c      0xc  ZDObject.o [1]
  .text              ro code  0x00220d78      0xa  hal_sleep.o [1]
  .rodata            const    0x00220d84      0x8  mac_cfg.o [1]
  .rodata            const    0x00220d8c      0x8  MT_SYS.o [1]
  .rodata            const    0x00220d94      0x8  MT_VERSION.o [1]
  .rodata            const    0x00220d9c      0x8  nwk_globals.o [1]
  .rodata            const    0x00220da4      0x8  nwk_globals.o [1]
  .rodata            const    0x00220dac      0x8  nwk_globals.o [1]
  .rodata            const    0x00220db4      0x8  nwk_globals.o [1]
  .rodata            const    0x00220dbc      0x8  nwk_globals.o [1]
  .rodata            const    0x00220dc4      0x8  osal_nv.o [1]
  .rodata            const    0x00220dcc      0x8  uartstdio.o [1]
  .rodata            const    0x00220dd4      0x8  uartstdio.o [1]
  .rodata            const    0x00220ddc      0x8  zcl_Coordinator.o [1]
  .rodata            const    0x00220de4      0x8  zcl_Coordinator.o [1]
  .rodata            const    0x00220dec      0x8  zcl_Coordinator.o [1]
  .rodata            const    0x00220df4      0x8  zcl_Coordinator.o [1]
  .rodata            const    0x00220dfc      0x8  zcl_Coordinator.o [1]
  .rodata            const    0x00220e04      0x8  zcl_Coordinator_data.o [1]
  .rodata            const    0x00220e0c      0x8  ZMain.o [1]
  .rodata            const    0x00220e14      0x8  ZMain.o [1]
  .rodata            const    0x00220e1c      0x4  mac_rx.o [1]
  .rodata            const    0x00220e20      0x4  nwk_globals.o [1]
  .rodata            const    0x00220e24      0x4  zcl_Coordinator.o [1]
  .rodata            const    0x00220e28      0x0  zero_init3.o [8]
  .rodata            const    0x00220e28      0x0  packbits_init.o [8]
  Initializer bytes  ro data  0x00220e28    0x10c  <for P2 s0>
                            - 0x00220f34  0x20e34

Absolute sections:                         0x3000
  .noinit            uninit   0x0027c800   0x3000  osal_nv.o [1]
                            - 0x0027f800   0x3000

"A2":                                         0xc
  .cca               const    0x0027ffd4      0xc  startup_ewarm.o [1]
                            - 0x0027ffe0      0xc

"A7":                                       0x100
  VTABLE             zero     0x20004000    0x100  interrupt.o [9]
                            - 0x20004100    0x100

"P2", part 1 of 3:                          0x248
  P2 s0                       0x20004100    0x248  <Init block>
    .data            inited   0x20004100     0x80  mac_beacon.o [4]
    .data            inited   0x20004180     0x5c  mac_beacon.o [4]
    .data            inited   0x200041dc     0x48  MT.o [1]
    .data            inited   0x20004224     0x30  zcl_Coordinator.o [1]
    .data            inited   0x20004254     0x1c  APS.o [3]
    .data            inited   0x20004270     0x14  zcl_Coordinator_data.o [1]
    .data            inited   0x20004284     0x14  zcl_Coordinator_data.o [1]
    .data            inited   0x20004298     0x14  nwk.o [3]
    .data            inited   0x200042ac     0x10  zcl_Coordinator.o [1]
    .data            inited   0x200042bc     0x10  ZDApp.o [1]
    .data            inited   0x200042cc     0x10  nwk_util.o [3]
    .data            inited   0x200042dc      0xc  aps_frag.o [3]
    .data            inited   0x200042e8      0x8  reflecttrack.o [3]
    .data            inited   0x200042f0      0x4  osal_nv.o [1]
    .data            inited   0x200042f4      0x4  zcl_Coordinator.o [1]
    .data            inited   0x200042f8      0x4  ZDProfile.o [1]
    .data            inited   0x200042fc      0x4  ZGlobals.o [1]
    .data            inited   0x20004300      0x4  mac_beacon.o [4]
    .data            inited   0x20004304      0x2  zcl_Coordinator.o [1]
    .data            inited   0x20004306      0x2  ZDApp.o [1]
    .data            inited   0x20004308      0x2  ZGlobals.o [1]
    .data            inited   0x2000430a      0x2  ZGlobals.o [1]
    .data            inited   0x2000430c      0x2  ZGlobals.o [1]
    .data            inited   0x2000430e      0x2  ZGlobals.o [1]
    .data            inited   0x20004310      0x2  ZGlobals.o [1]
    .data            inited   0x20004312      0x2  ZGlobals.o [1]
    .data            inited   0x20004314      0x2  ZGlobals.o [1]
    .data            inited   0x20004316      0x2  ZGlobals.o [1]
    .data            inited   0x20004318      0x2  ZGlobals.o [1]
    .data            inited   0x2000431a      0x2  ZGlobals.o [1]
    .data            inited   0x2000431c      0x2  NLMEDE.o [3]
    .data            inited   0x2000431e      0x2  reflecttrack.o [3]
    .data            inited   0x20004320      0x1  AF.o [1]
    .data            inited   0x20004321      0x1  mac_sleep.o [1]
    .data            inited   0x20004322      0x1  nwk_globals.o [1]
    .data            inited   0x20004323      0x1  OnBoard.o [1]
    .data            inited   0x20004324      0x1  OSAL.o [1]
    .data            inited   0x20004325      0x1  zcl.o [1]
    .data            inited   0x20004326      0x1  zcl_Coordinator.o [1]
    .data            inited   0x20004327      0x1  zcl_Coordinator_data.o [1]
    .data            inited   0x20004328      0x1  zcl_Coordinator_data.o [1]
    .data            inited   0x20004329      0x1  ZDApp.o [1]
    .data            inited   0x2000432a      0x1  ZDApp.o [1]
    .data            inited   0x2000432b      0x1  ZDSecMgr.o [1]
    .data            inited   0x2000432c      0x1  ZGlobals.o [1]
    .data            inited   0x2000432d      0x1  ZGlobals.o [1]
    .data            inited   0x2000432e      0x1  ZGlobals.o [1]
    .data            inited   0x2000432f      0x1  ZGlobals.o [1]
    .data            inited   0x20004330      0x1  ZGlobals.o [1]
    .data            inited   0x20004331      0x1  ZGlobals.o [1]
    .data            inited   0x20004332      0x1  ZGlobals.o [1]
    .data            inited   0x20004333      0x1  ZGlobals.o [1]
    .data            inited   0x20004334      0x1  ZGlobals.o [1]
    .data            inited   0x20004335      0x1  ZGlobals.o [1]
    .data            inited   0x20004336      0x1  ZGlobals.o [1]
    .data            inited   0x20004337      0x1  ZGlobals.o [1]
    .data            inited   0x20004338      0x1  ZGlobals.o [1]
    .data            inited   0x20004339      0x1  ZGlobals.o [1]
    .data            inited   0x2000433a      0x1  ZGlobals.o [1]
    .data            inited   0x2000433b      0x1  ZGlobals.o [1]
    .data            inited   0x2000433c      0x1  ZGlobals.o [1]
    .data            inited   0x2000433d      0x1  ZGlobals.o [1]
    .data            inited   0x2000433e      0x1  ZGlobals.o [1]
    .data            inited   0x2000433f      0x1  ZGlobals.o [1]
    .data            inited   0x20004340      0x1  ZGlobals.o [1]
    .data            inited   0x20004341      0x1  ZGlobals.o [1]
    .data            inited   0x20004342      0x1  ZGlobals.o [1]
    .data            inited   0x20004343      0x1  ZGlobals.o [1]
    .data            inited   0x20004344      0x1  ZGlobals.o [1]
    .data            inited   0x20004345      0x1  ZGlobals.o [1]
    .data            inited   0x20004346      0x1  nwk_util.o [3]
    .data            inited   0x20004347      0x1  NLMEDE.o [3]
                            - 0x20004348    0x248

"P2", part 2 of 3:                         0x17d8
  .bss               zero     0x20004348    0x400  lcd_dogm128_6.o [5]
  .bss               zero     0x20004748    0x320  zcl_Coordinator.o [1]
  .bss               zero     0x20004a68    0x1f8  nwk_globals.o [1]
  .bss               zero     0x20004c60    0x1c0  nwk_globals.o [1]
  .bss               zero     0x20004e20    0x140  nwk_globals.o [1]
  .bss               zero     0x20004f60     0xc8  zcl_Coordinator.o [1]
  .bss               zero     0x20005028     0xc8  zcl_Coordinator.o [1]
  .bss               zero     0x200050f0     0xc8  zcl_Coordinator.o [1]
  .bss               zero     0x200051b8     0xc8  zcl_Coordinator.o [1]
  .bss               zero     0x20005280     0x78  nwk.o [3]
  .bss               zero     0x200052f8     0x70  io_pin_int.o [5]
  .bss               zero     0x20005368     0x60  nwk_globals.o [1]
  .bss               zero     0x200053c8     0x60  mac_beacon.o [4]
  .bss               zero     0x20005428     0x50  nwk_globals.o [1]
  .bss               zero     0x20005478     0x50  ZDProfile.o [1]
  .bss               zero     0x200054c8     0x4c  mac_pib.o [1]
  .bss               zero     0x20005514     0x48  nwk_globals.o [1]
  .bss               zero     0x2000555c     0x38  nwk_globals.o [1]
  .bss               zero     0x20005594     0x38  mac_beacon.o [4]
  .bss               zero     0x200055cc     0x34  hal_led.o [1]
  .bss               zero     0x20005600     0x34  ZDObject.o [1]
  .bss               zero     0x20005634     0x2c  hal_uart.o [1]
  .bss               zero     0x20005660     0x2c  mac_beacon.o [4]
  .bss               zero     0x2000568c     0x24  nwk_globals.o [1]
  .bss               zero     0x200056b0     0x24  ZDSecMgr.o [1]
  .bss               zero     0x200056d4     0x20  bsp_key.o [5]
  .bss               zero     0x200056f4     0x20  mac_beacon.o [4]
  .bss               zero     0x20005714     0x20  io_pin_int.o [5]
  .bss               zero     0x20005734     0x1c  zcl_Coordinator.o [1]
  .bss               zero     0x20005750     0x1c  zcl_Coordinator.o [1]
  .bss               zero     0x2000576c     0x1c  ZDApp.o [1]
  .bss               zero     0x20005788     0x1c  nwk_util.o [3]
  .bss               zero     0x200057a4     0x18  nwk_globals.o [1]
  .bss               zero     0x200057bc     0x14  nwk_globals.o [1]
  .bss               zero     0x200057d0     0x14  zcl_Coordinator.o [1]
  .bss               zero     0x200057e4     0x14  zcl_Coordinator.o [1]
  .bss               zero     0x200057f8     0x14  APSMEDE.o [3]
  .bss               zero     0x2000580c     0x14  aes.o [9]
  .bss               zero     0x20005820     0x10  zcl_Coordinator.o [1]
  .bss               zero     0x20005830     0x10  zcl_ezmode.o [1]
  .bss               zero     0x20005840     0x10  zcl_ezmode.o [1]
  .bss               zero     0x20005850     0x10  ZDConfig.o [1]
  .bss               zero     0x20005860     0x10  nwk_util.o [3]
  .bss               zero     0x20005870     0x10  APS.o [3]
  .bss               zero     0x20005880      0xc  nwk_globals.o [1]
  .bss               zero     0x2000588c      0xc  osal_nv.o [1]
  .bss               zero     0x20005898      0xc  osal_nv.o [1]
  .bss               zero     0x200058a4      0xc  zcl_Coordinator.o [1]
  .bss               zero     0x200058b0      0xc  ZDApp.o [1]
  .bss               zero     0x200058bc      0xc  ZDNwkMgr.o [1]
  .bss               zero     0x200058c8      0xc  ZDNwkMgr.o [1]
  .bss               zero     0x200058d4      0xc  ZDSecMgr.o [1]
  .bss               zero     0x200058e0      0xc  nwk_util.o [3]
  .bss               zero     0x200058ec      0xc  nwk_util.o [3]
  .bss               zero     0x200058f8      0xc  NLMEDE.o [3]
  .bss               zero     0x20005904      0x8  OnBoard.o [1]
  .bss               zero     0x2000590c      0x8  osal_nv.o [1]
  .bss               zero     0x20005914      0x8  OSAL_PwrMgr.o [1]
  .bss               zero     0x2000591c      0x4  AF.o [1]
  .bss               zero     0x20005920      0x8  zcl_Coordinator.o [1]
  .bss               zero     0x20005928      0x8  zcl_Coordinator.o [1]
  .bss               zero     0x20005930      0x8  ZDApp.o [1]
  .bss               zero     0x20005938      0x8  ZGlobals.o [1]
  .bss               zero     0x20005940      0x8  ZGlobals.o [1]
  .bss               zero     0x20005948      0x8  ZGlobals.o [1]
  .bss               zero     0x20005950      0x8  AddrMgr.o [3]
  .bss               zero     0x20005958      0x8  ssp.o [3]
  .bss               zero     0x20005960      0x8  ssp.o [3]
  .bss               zero     0x20005968      0x4  BindingTable.o [1]
  .bss               zero     0x2000596c      0x4  BindingTable.o [1]
  .bss               zero     0x20005970      0x4  BindingTable.o [1]
  .bss               zero     0x20005974      0x4  BindingTable.o [1]
  .bss               zero     0x20005978      0x4  BindingTable.o [1]
  .bss               zero     0x2000597c      0x4  BindingTable.o [1]
  .bss               zero     0x20005980      0x4  BindingTable.o [1]
  .bss               zero     0x20005984      0x4  hal_aes.o [1]
  .bss               zero     0x20005988      0x4  hal_key.o [1]
  .bss               zero     0x2000598c      0x4  mac_backoff_timer.o [1]
  .bss               zero     0x20005990      0x4  mac_backoff_timer.o [1]
  .bss               zero     0x20005994      0x4  mac_mcu.o [1]
  .bss               zero     0x20005998      0x4  mac_mcu.o [1]
  .bss               zero     0x2000599c      0x4  mac_mcu.o [1]
  .bss               zero     0x200059a0      0x4  mac_rx.o [1]
  .bss               zero     0x200059a4      0x4  mac_rx.o [1]
  .bss               zero     0x200059a8      0x4  mac_rx.o [1]
  .bss               zero     0x200059ac      0x4  MT_AF.o [1]
  .bss               zero     0x200059b0      0x4  MT_AF.o [1]
  .bss               zero     0x200059b4      0x4  MT_UART.o [1]
  .bss               zero     0x200059b8      0x4  MT_ZDO.o [1]
  .bss               zero     0x200059bc      0x4  OSAL.o [1]
  .bss               zero     0x200059c0      0x4  OSAL_Clock.o [1]
  .bss               zero     0x200059c4      0x4  OSAL_Clock.o [1]
  .bss               zero     0x200059c8      0x4  OSAL_Coordinator.o [1]
  .bss               zero     0x200059cc      0x4  osal_nv.o [1]
  .bss               zero     0x200059d0      0x4  OSAL_Timers.o [1]
  .bss               zero     0x200059d4      0x4  OSAL_Timers.o [1]
  .bss               zero     0x200059d8      0x4  uartstdio.o [1]
  .bss               zero     0x200059dc      0x4  zcl.o [1]
  .bss               zero     0x200059e0      0x4  zcl.o [1]
  .bss               zero     0x200059e4      0x4  zcl.o [1]
  .bss               zero     0x200059e8      0x4  zcl.o [1]
  .bss               zero     0x200059ec      0x4  zcl.o [1]
  .bss               zero     0x200059f0      0x4  zcl_Coordinator.o [1]
  .bss               zero     0x200059f4      0x4  zcl_Coordinator.o [1]
  .bss               zero     0x200059f8      0x4  zcl_Coordinator.o [1]
  .bss               zero     0x200059fc      0x4  zcl_general.o [1]
  .bss               zero     0x20005a00      0x4  ZDApp.o [1]
  .bss               zero     0x20005a04      0x4  ZDApp.o [1]
  .bss               zero     0x20005a08      0x4  ZDConfig.o [1]
  .bss               zero     0x20005a0c      0x4  ZDNwkMgr.o [1]
  .bss               zero     0x20005a10      0x4  ZDNwkMgr.o [1]
  .bss               zero     0x20005a14      0x4  ZDNwkMgr.o [1]
  .bss               zero     0x20005a18      0x4  ZDNwkMgr.o [1]
  .bss               zero     0x20005a1c      0x4  ZDNwkMgr.o [1]
  .bss               zero     0x20005a20      0x4  ZDObject.o [1]
  .bss               zero     0x20005a24      0x4  ZDObject.o [1]
  .bss               zero     0x20005a28      0x4  ZDProfile.o [1]
  .bss               zero     0x20005a2c      0x4  ZDSecMgr.o [1]
  .bss               zero     0x20005a30      0x4  zmac.o [1]
  .bss               zero     0x20005a34      0x4  zmac.o [1]
  .bss               zero     0x20005a38      0x4  zmac_cb.o [1]
  .bss               zero     0x20005a3c      0x4  APSMEDE.o [3]
  .bss               zero     0x20005a40      0x4  nwk_util.o [3]
  .bss               zero     0x20005a44      0x4  rtg.o [3]
  .bss               zero     0x20005a48      0x4  rtg.o [3]
  .bss               zero     0x20005a4c      0x4  rtg.o [3]
  .bss               zero     0x20005a50      0x4  rtg.o [3]
  .bss               zero     0x20005a54      0x4  rtg.o [3]
  .bss               zero     0x20005a58      0x4  aps_groups.o [3]
  .bss               zero     0x20005a5c      0x4  APS.o [3]
  .bss               zero     0x20005a60      0x4  APS.o [3]
  .bss               zero     0x20005a64      0x4  APS.o [3]
  .bss               zero     0x20005a68      0x4  mac_beacon.o [4]
  .bss               zero     0x20005a6c      0x4  NLMEDE.o [3]
  .bss               zero     0x20005a70      0x4  NLMEDE.o [3]
  .bss               zero     0x20005a74      0x4  nwk_bufs.o [3]
  .bss               zero     0x20005a78      0x4  nwk_bufs.o [3]
  .bss               zero     0x20005a7c      0x2  zcl_Coordinator.o [1]
  .bss               zero     0x20005a7e      0x2  zcl_Coordinator.o [1]
  .bss               zero     0x20005a80      0x2  zcl_Coordinator.o [1]
  .bss               zero     0x20005a82      0x2  zcl_Coordinator.o [1]
  .bss               zero     0x20005a84      0x2  zcl_Coordinator.o [1]
  .bss               zero     0x20005a86      0x2  zcl_Coordinator.o [1]
  .bss               zero     0x20005a88      0x2  zcl_Coordinator.o [1]
  .bss               zero     0x20005a8a      0x2  zcl_Coordinator.o [1]
  .bss               zero     0x20005a8c      0x2  zcl_Coordinator.o [1]
  .bss               zero     0x20005a8e      0x2  zcl_Coordinator.o [1]
  .bss               zero     0x20005a90      0x2  zcl_Coordinator.o [1]
  .bss               zero     0x20005a92      0x2  zcl_Coordinator.o [1]
  .bss               zero     0x20005a94      0x2  zcl_Coordinator.o [1]
  .bss               zero     0x20005a96      0x2  zcl_Coordinator.o [1]
  .bss               zero     0x20005a98      0x2  zcl_Coordinator.o [1]
  .bss               zero     0x20005a9a      0x2  zcl_Coordinator.o [1]
  .bss               zero     0x20005a9c      0x2  zcl_Coordinator.o [1]
  .bss               zero     0x20005a9e      0x2  zcl_Coordinator.o [1]
  .bss               zero     0x20005aa0      0x2  zcl_Coordinator.o [1]
  .bss               zero     0x20005aa2      0x2  zcl_Coordinator.o [1]
  .bss               zero     0x20005aa4      0x2  zcl_Coordinator.o [1]
  .bss               zero     0x20005aa6      0x2  zcl_Coordinator.o [1]
  .bss               zero     0x20005aa8      0x2  zcl_Coordinator_data.o [1]
  .bss               zero     0x20005aaa      0x2  zcl_Coordinator_data.o [1]
  .bss               zero     0x20005aac      0x2  zcl_ezmode.o [1]
  .bss               zero     0x20005aae      0x2  ZDNwkMgr.o [1]
  .bss               zero     0x20005ab0      0x2  ZDNwkMgr.o [1]
  .bss               zero     0x20005ab2      0x2  ZDNwkMgr.o [1]
  .bss               zero     0x20005ab4      0x2  nwk_util.o [3]
  .bss               zero     0x20005ab6      0x2  nwk.o [3]
  .bss               zero     0x20005ab8      0x2  NLMEDE.o [3]
  .bss               zero     0x20005aba      0x1  BindingTable.o [1]
  .bss               zero     0x20005abb      0x1  hal_assert.o [1]
  .bss               zero     0x20005abc      0x1  hal_drivers.o [1]
  .bss               zero     0x20005abd      0x1  hal_key.o [1]
  .bss               zero     0x20005abe      0x1  hal_key.o [1]
  .bss               zero     0x20005abf      0x1  hal_key.o [1]
  .bss               zero     0x20005ac0      0x1  hal_led.o [1]
  .bss               zero     0x20005ac1      0x1  hal_led.o [1]
  .bss               zero     0x20005ac2      0x1  hal_uart.o [1]
  .bss               zero     0x20005ac3      0x1  mac_autopend.o [1]
  .bss               zero     0x20005ac4      0x1  mac_autopend.o [1]
  .bss               zero     0x20005ac5      0x1  mac_mcu.o [1]
  .bss               zero     0x20005ac6      0x1  mac_mcu.o [1]
  .bss               zero     0x20005ac7      0x1  mac_radio.o [1]
  .bss               zero     0x20005ac8      0x1  mac_radio.o [1]
  .bss               zero     0x20005ac9      0x1  mac_radio.o [1]
  .bss               zero     0x20005aca      0x1  mac_radio.o [1]
  .bss               zero     0x20005acb      0x1  mac_rx.o [1]
  .bss               zero     0x20005acc      0x1  mac_rx.o [1]
  .bss               zero     0x20005acd      0x1  mac_rx.o [1]
  .bss               zero     0x20005ace      0x1  mac_rx.o [1]
  .bss               zero     0x20005acf      0x1  mac_rx.o [1]
  .bss               zero     0x20005ad0      0x1  mac_rx.o [1]
  .bss               zero     0x20005ad1      0x1  mac_rx.o [1]
  .bss               zero     0x20005ad2      0x1  mac_rx.o [1]
  .bss               zero     0x20005ad3      0x1  mac_rx.o [1]
  .bss               zero     0x20005ad4      0x1  mac_rx.o [1]
  .bss               zero     0x20005ad5      0x1  mac_rx.o [1]
  .bss               zero     0x20005ad6      0x1  mac_rx_onoff.o [1]
  .bss               zero     0x20005ad7      0x1  mac_rx_onoff.o [1]
  .bss               zero     0x20005ad8      0x1  mac_tx.o [1]
  .bss               zero     0x20005ad9      0x1  mac_tx.o [1]
  .bss               zero     0x20005ada      0x1  mac_tx.o [1]
  .bss               zero     0x20005adb      0x1  mac_tx.o [1]
  .bss               zero     0x20005adc      0x1  mac_tx.o [1]
  .bss               zero     0x20005add      0x1  mac_tx.o [1]
  .bss               zero     0x20005ade      0x1  mac_tx.o [1]
  .bss               zero     0x20005adf      0x1  mac_tx.o [1]
  .bss               zero     0x20005ae0      0x1  mac_tx.o [1]
  .bss               zero     0x20005ae1      0x1  MT.o [1]
  .bss               zero     0x20005ae2      0x1  MT.o [1]
  .bss               zero     0x20005ae3      0x1  MT_TASK.o [1]
  .bss               zero     0x20005ae4      0x1  MT_UART.o [1]
  .bss               zero     0x20005ae5      0x1  MT_UART.o [1]
  .bss               zero     0x20005ae6      0x1  MT_UART.o [1]
  .bss               zero     0x20005ae7      0x1  MT_UART.o [1]
  .bss               zero     0x20005ae8      0x1  MT_UART.o [1]
  .bss               zero     0x20005ae9      0x1  nwk_globals.o [1]
  .bss               zero     0x20005aea      0x1  nwk_globals.o [1]
  .bss               zero     0x20005aeb      0x1  OnBoard.o [1]
  .bss               zero     0x20005aec      0x1  OSAL_Memory.o [1]
  .bss               zero     0x20005aed      0x1  osal_nv.o [1]
  .bss               zero     0x20005aee      0x1  zcl.o [1]
  .bss               zero     0x20005aef      0x1  zcl.o [1]
  .bss               zero     0x20005af0      0x1  zcl_Coordinator.o [1]
  .bss               zero     0x20005af1      0x1  zcl_Coordinator.o [1]
  .bss               zero     0x20005af2      0x1  zcl_Coordinator.o [1]
  .bss               zero     0x20005af3      0x1  zcl_Coordinator.o [1]
  .bss               zero     0x20005af4      0x1  zcl_Coordinator_data.o [1]
  .bss               zero     0x20005af5      0x1  zcl_Coordinator_data.o [1]
  .bss               zero     0x20005af6      0x1  zcl_Coordinator_data.o [1]
  .bss               zero     0x20005af7      0x1  zcl_ezmode.o [1]
  .bss               zero     0x20005af8      0x1  zcl_ezmode.o [1]
  .bss               zero     0x20005af9      0x1  zcl_ezmode.o [1]
  .bss               zero     0x20005afa      0x1  zcl_ezmode.o [1]
  .bss               zero     0x20005afb      0x1  zcl_ezmode.o [1]
  .bss               zero     0x20005afc      0x1  zcl_ezmode.o [1]
  .bss               zero     0x20005afd      0x1  zcl_general.o [1]
  .bss               zero     0x20005afe      0x1  ZDApp.o [1]
  .bss               zero     0x20005aff      0x1  ZDApp.o [1]
  .bss               zero     0x20005b00      0x1  ZDApp.o [1]
  .bss               zero     0x20005b01      0x1  ZDApp.o [1]
  .bss               zero     0x20005b02      0x1  ZDApp.o [1]
  .bss               zero     0x20005b03      0x1  ZDNwkMgr.o [1]
  .bss               zero     0x20005b04      0x1  ZDNwkMgr.o [1]
  .bss               zero     0x20005b05      0x1  ZDNwkMgr.o [1]
  .bss               zero     0x20005b06      0x1  ZDNwkMgr.o [1]
  .bss               zero     0x20005b07      0x1  ZDNwkMgr.o [1]
  .bss               zero     0x20005b08      0x1  ZDProfile.o [1]
  .bss               zero     0x20005b09      0x1  ZDProfile.o [1]
  .bss               zero     0x20005b0a      0x1  ZDSecMgr.o [1]
  .bss               zero     0x20005b0b      0x1  ZDSecMgr.o [1]
  .bss               zero     0x20005b0c      0x1  ZGlobals.o [1]
  .bss               zero     0x20005b0d      0x1  ZGlobals.o [1]
  .bss               zero     0x20005b0e      0x1  ZGlobals.o [1]
  .bss               zero     0x20005b0f      0x1  ZGlobals.o [1]
  .bss               zero     0x20005b10      0x1  ZGlobals.o [1]
  .bss               zero     0x20005b11      0x1  ZGlobals.o [1]
  .bss               zero     0x20005b12      0x1  ZGlobals.o [1]
  .bss               zero     0x20005b13      0x1  ZGlobals.o [1]
  .bss               zero     0x20005b14      0x1  ZGlobals.o [1]
  .bss               zero     0x20005b15      0x1  zmac_cb.o [1]
  .bss               zero     0x20005b16      0x1  nwk_util.o [3]
  .bss               zero     0x20005b17      0x1  nwk_util.o [3]
  .bss               zero     0x20005b18      0x1  rtg.o [3]
  .bss               zero     0x20005b19      0x1  rtg.o [3]
  .bss               zero     0x20005b1a      0x1  nwk.o [3]
  .bss               zero     0x20005b1b      0x1  bsp.o [5]
  .bss               zero     0x20005b1c      0x1  ssp.o [3]
                            - 0x20005b1d   0x17d5

"P2", part 3 of 3:                         0x2004
  .noinit            uninit   0x20005b20   0x1800  OSAL_Memory.o [1]
  .noinit            uninit   0x20007320    0x800  startup_ewarm.o [1]
  .noinit            uninit   0x20007b20      0x4  OSAL_Memory.o [1]
                            - 0x20007b24   0x2004


*******************************************************************************
*** INIT TABLE
***

          Address     Size
          -------     ----
Zero (__iar_zero_init3)
    2 destination ranges, total size 0x18d5:
          0x20004000   0x100
          0x20004348  0x17d5

Copy/packbits (__iar_packbits_init3)
    1 source range, total size 0x10c (45% of destination):
          0x00220e28   0x10c
    1 destination range, total size 0x248:
          0x20004100   0x248



*******************************************************************************
*** MODULE SUMMARY
***

    Module                    ro code  ro data  rw data  rw data
                                                          (abs)
    ------                    -------  -------  -------  -------
C:\Texas Instruments\Z-Stack Home 1.2.0\Projects\zstack\HomeAutomation_test\Coordinator_wang\CC2538\Coordinator\Obj: [1]
    AF.o                        1 676        1        5
    BindingTable.o              2 236                29
    DebugTrace.o                   76
    MT.o                          258       34       74
    MT_AF.o                       200                 8
    MT_APP.o                      206
    MT_DEBUG.o                    194
    MT_SYS.o                    2 228       12
    MT_TASK.o                     400                 1
    MT_UART.o                     604                 9
    MT_VERSION.o                             8
    MT_ZDO.o                    3 264                 4
    OSAL.o                      1 956                 5
    OSAL_Clock.o                  776                 8
    OSAL_Coordinator.o            148       41        4
    OSAL_Memory.o                 524             6 149
    OSAL_PwrMgr.o                  24                 8
    OSAL_Timers.o                 776                 8
    OnBoard.o                     272                10
    ZDApp.o                     4 740       10       81
    ZDConfig.o                    220                20
    ZDNwkMgr.o                  1 528       20       55
    ZDObject.o                  5 130       88       60
    ZDProfile.o                 4 172      107       90
    ZDSecMgr.o                  2 888        1       55
    ZGlobals.o                    536      422       83
    ZMain.o                       668       60
    armcm3flashutil.o             438
    hal_adc.o                      56
    hal_aes.o                      92                 4
    hal_assert.o                  668                 1
    hal_ccm.o                     258
    hal_drivers.o                 152                 1
    hal_key.o                     404                 7
    hal_lcd.o                     448       24
    hal_led.o                     876                54
    hal_sleep.o                    10
    hal_sys_ctrl.o                408
    hal_systick.o                  42
    hal_uart.o                  1 366       20       45
    mac_autopend.o              1 132                 2
    mac_backoff_timer.o           368                 8
    mac_cfg.o                                8
    mac_csp_tx.o                1 460
    mac_low_level.o               104
    mac_mcu.o                   1 784                14
    mac_mem.o                     116
    mac_pib.o                     512      220       76
    mac_radio.o                   752                 4
    mac_radio_defs.o              144       36
    mac_rx.o                    2 736        4       23
    mac_rx_onoff.o                516                 2
    mac_sleep.o                   104                 1
    mac_tx.o                    1 188                 9
    nwk_globals.o                 736      233    1 671
    osal_nv.o                   4 386       10       41   12 288
    saddr.o                       166
    startup_ewarm.o                66      268    2 048
    uartstdio.o                   140       16        4
    zcl.o                       9 010      185       23
    zcl_Coordinator.o           6 232      360    1 871
    zcl_Coordinator_data.o                 283       49
    zcl_ezmode.o                  924                40
    zcl_general.o                 694                 5
    zcl_ha.o                      100
    zmac.o                        652                 8
    zmac_cb.o                     724       20        5
    ------------------------------------------------------------
    Total:                     75 664    2 491   12 782   12 288

command line: [2]
    ------------------------------------------------------------
    Total:

Router.a: [3]
    APS.o                       1 852       12       56
    APSMEDE.o                   3 300                24
    APSMEDE_CB.o                  308
    AddrMgr.o                   1 092                 8
    AssocList.o                 1 496
    NLMEDE.o                    1 280        2       25
    NLMEDE_CB.o                   608
    aps_frag.o                  1 596        5       12
    aps_groups.o                   88                 4
    aps_util.o                    552
    nwk.o                       5 960        9      143
    nwk_bufs.o                  1 228                 8
    nwk_util.o                  9 582        7       93
    reflecttrack.o                328        5       10
    rtg.o                       6 860                22
    ssp.o                       1 432                17
    ssp_hash.o                    690
    ------------------------------------------------------------
    Total:                     38 252       40      422

TIMAC-CC2538.a: [4]
    mac_beacon.o               10 236      306      456
    ------------------------------------------------------------
    Total:                     10 236      306      456

bsp.lib: [5]
    bsp.o                         180                 1
    bsp_key.o                     780                32
    io_pin_int.o                  848               144
    lcd_dogm128_6.o               228             1 024
    lcd_dogm128_6_alphabet.o               472
    lcd_srf06eb.o                 288
    ------------------------------------------------------------
    Total:                      2 324      472    1 201

dl7M_tln.a: [6]
    abort.o                         6
    exit.o                          4
    low_level_init.o                4
    memcpy.o                       12
    memset.o                       20
    strcat.o                       28
    ------------------------------------------------------------
    Total:                         74

m7M_tl.a: [7]
    ------------------------------------------------------------
    Total:

rt7M_tl.a: [8]
    ABImemclr.o                     6
    ABImemclr4.o                    6
    ABImemcpy_unaligned.o         118
    ABImemset.o                   102
    ABImemset48.o                  50
    I64Shl.o                       34
    cexit.o                        10
    cmain.o                        26
    cstartup_M.o                   12
    data_init.o                    40
    packbits_init.o               212
    strcpy_unaligned.o             68
    strlen.o                       54
    zero_init3.o                   34
    ------------------------------------------------------------
    Total:                        772

sdriverlib.lib: [9]
    aes.o                         492                20
    ccm.o                         944
    cpu.o                          16
    flash.o                        56
    gpio.o                        448
    interrupt.o                   592               256
    ioc.o                         740
    ssi.o                         138
    sys_ctrl.o                    556
    systick.o                      52
    uart.o                        234
    ------------------------------------------------------------
    Total:                      4 268               276

shb_l.a: [10]
    exit.o                         20
    ------------------------------------------------------------
    Total:                         20

    Gaps                            1        4
    Linker created                          52
----------------------------------------------------------------
    Grand Total:              131 611    3 365   15 137   12 288


*******************************************************************************
*** ENTRY LIST
***

Entry                      Address    Size  Type      Object
-----                      -------    ----  ----      ------
?main                   0x002209d1          Code  Gb  cmain.o [8]
ADC_DELAY               0x20005a9c     0x2  Data  Gb  zcl_Coordinator.o [1]
ADD_0                   0x20005aa4     0x2  Data  Gb  zcl_Coordinator.o [1]
ADD_1                   0x20005aa2     0x2  Data  Gb  zcl_Coordinator.o [1]
ADD_2                   0x20005aa0     0x2  Data  Gb  zcl_Coordinator.o [1]
ADD_3                   0x20005a9e     0x2  Data  Gb  zcl_Coordinator.o [1]
AESECBCheckResult       0x0021dc15    0x16  Code  Gb  aes.o [9]
AESECBGetResult         0x0021dc2b    0x5a  Code  Gb  aes.o [9]
AESECBStart             0x0021db8d    0x88  Code  Gb  aes.o [9]
AESLoadKey              0x0021dabd    0xce  Code  Gb  aes.o [9]
AF_DataRequest          0x00217ab9   0x206  Code  Gb  AF.o [1]
AF_DataRequestDiscoverRoute
                        0x20004320     0x1  Data  Gb  AF.o [1]
AIB_MaxBindingTime      0x20004258     0x2  Data  Gb  APS.o [3]
AIB_apsTrustCenterAddress
                        0x2000425c     0x4  Data  Gb  APS.o [3]
AIB_apsUseExtendedPANID
                        0x20004268     0x8  Data  Gb  APS.o [3]
AIB_apsUseInsecureJoin  0x20004256     0x1  Data  Gb  APS.o [3]
APSDE_DataCnf           0x00218c59     0xa  Code  Gb  APSMEDE_CB.o [3]
APSDE_DataConfirm       0x00218c41    0x18  Code  Gb  APSMEDE_CB.o [3]
APSDE_DataIndication    0x00218c63    0xa0  Code  Gb  APSMEDE_CB.o [3]
APSDE_DataReq           0x00217e15   0x1da  Code  Gb  APSMEDE.o [3]
APSDE_DataReqMTU        0x00217fef    0x28  Code  Gb  APSMEDE.o [3]
APSDE_FrameAlloc        0x00218741   0x114  Code  Gb  APSMEDE.o [3]
APSDE_FrameHdrSet       0x00218511    0xee  Code  Gb  APSMEDE.o [3]
APSDE_FrameSend         0x00218865    0x42  Code  Gb  APSMEDE.o [3]
APSDE_ParseMsg          0x00218d75   0x102  Code  Gb  aps_util.o [3]
APSF_AllocRxObj         0x00209511    0xf6  Code  Lc  aps_frag.o [3]
APSF_FindObj            0x00209203    0x2a  Code  Lc  aps_frag.o [3]
APSF_FreeObj            0x0020922d    0x28  Code  Lc  aps_frag.o [3]
APSF_IncomingData       0x00209607   0x136  Code  Lc  aps_frag.o [3]
APSF_Init               0x002091dd    0x26  Code  Gb  aps_frag.o [3]
APSF_ObjList            0x200042e0     0x4  Data  Lc  aps_frag.o [3]
APSF_ProcessAck         0x0020948d    0x84  Code  Gb  aps_frag.o [3]
APSF_ProcessEvent       0x00209747    0xb0  Code  Gb  aps_frag.o [3]
APSF_SendFragmented     0x00209255   0x134  Code  Gb  aps_frag.o [3]
APSF_SendOsalMsg        0x0020973d     0xa  Code  Gb  aps_frag.o [3]
APSF_TxNextFrame        0x00209389   0x102  Code  Lc  aps_frag.o [3]
APSF_taskID             0x200042dc     0x1  Data  Gb  aps_frag.o [3]
APSME_BindRequest       0x00218017    0x26  Code  Gb  APSMEDE.o [3]
APSME_CmdPkt            0x002186f9    0x3e  Code  Gb  APSMEDE.o [3]
APSME_CmdPktCM_CD       0x0021869d    0x5c  Code  Gb  APSMEDE.o [3]
APSME_CmdPktHook        0x20005808     0x4  Data  Gb  APSMEDE.o [3]
APSME_FrameSecApplyCM   0x002184a1    0x6c  Code  Gb  APSMEDE.o [3]
APSME_FrameSecApplyExtCM
                        0x0021850d     0x4  Code  Gb  APSMEDE.o [3]
APSME_FrameSecApplyExtHook
                        0x20005800     0x4  Data  Gb  APSMEDE.o [3]
APSME_FrameSecApplyHook
                        0x200057fc     0x4  Data  Gb  APSMEDE.o [3]
APSME_FrameSecKeySetup  0x0021832b    0x76  Code  Gb  APSMEDE.o [3]
APSME_FrameSecKeySync   0x002182c9    0x62  Code  Gb  APSMEDE.o [3]
APSME_FrameSecRemoveCM  0x00218425    0x7c  Code  Gb  APSMEDE.o [3]
APSME_FrameSecRemoveHook
                        0x20005804     0x4  Data  Gb  APSMEDE.o [3]
APSME_FrameSecSetupCM   0x002183a1    0x84  Code  Gb  APSMEDE.o [3]
APSME_FrameSecSetupHook
                        0x200057f8     0x4  Data  Gb  APSMEDE.o [3]
APSME_FrameSecurityRemove
                        0x002188ad    0x20  Code  Gb  APSMEDE.o [3]
APSME_FrameTunnel       0x002185ff    0x98  Code  Gb  APSMEDE.o [3]
APSME_GetRequest        0x00218051    0x5a  Code  Gb  APSMEDE.o [3]
APSME_HoldDataRequests  0x00209103    0x2a  Code  Gb  APS.o [3]
APSME_IsDefaultTCLK     0x0021acdd    0x10  Code  Gb  ZDSecMgr.o [1]
APSME_IsDistributedSecurity
                        0x00218ac9     0xc  Code  Gb  APSMEDE.o [3]
APSME_LinkKeyLoad       0x0021824b    0x7e  Code  Gb  APSMEDE.o [3]
APSME_LinkKeyNVIdGet    0x0021a9e7    0x2a  Code  Gb  ZDSecMgr.o [1]
APSME_LinkKeySync       0x002181a3    0x5e  Code  Gb  APSMEDE.o [3]
APSME_LookupExtAddr     0x002180d5    0x3e  Code  Gb  APSMEDE.o [3]
APSME_LookupNwkAddr     0x00218113    0x2e  Code  Gb  APSMEDE.o [3]
APSME_NwkKeyLoad        0x00218201    0x4a  Code  Gb  APSMEDE.o [3]
APSME_NwkKeySync        0x00218179    0x2a  Code  Gb  APSMEDE.o [3]
APSME_RemoveDeviceReq   0x00218a4d    0x52  Code  Gb  APSMEDE.o [3]
APSME_RequestKeyInd     0x00218d2f    0x2c  Code  Gb  APSMEDE_CB.o [3]
APSME_SecurityCM_CD     0x00218aad    0x18  Code  Gb  APSMEDE.o [3]
APSME_SetRequest        0x002180ab    0x2a  Code  Gb  APSMEDE.o [3]
APSME_TCLinkKeyInit     0x0021aa15    0xb6  Code  Gb  ZDSecMgr.o [1]
APSME_TCLinkKeyLoad     0x0021abdd    0xf4  Code  Gb  ZDSecMgr.o [1]
APSME_TCLinkKeySync     0x0021aacb   0x10e  Code  Gb  ZDSecMgr.o [1]
APSME_TransportKeyReq   0x002188ed    0xf8  Code  Gb  APSMEDE.o [3]
APSME_UnBindRequest     0x0021803d    0x14  Code  Gb  APSMEDE.o [3]
APSME_UpdateDeviceInd   0x00218d03    0x2c  Code  Gb  APSMEDE_CB.o [3]
APSME_UpdateDeviceReq   0x002189e5    0x60  Code  Gb  APSMEDE.o [3]
APS_AllowDataRequests   0x20004257     0x1  Data  Gb  APS.o [3]
APS_CmdInd              0x00208bf5    0x60  Code  Gb  APS.o [3]
APS_Counter             0x20004255     0x1  Data  Gb  APS.o [3]
APS_DataConfirmReflect  0x00208d35    0x18  Code  Lc  APS.o [3]
APS_DataIndReflect      0x00208d4d   0x11c  Code  Lc  APS.o [3]
APS_GetBind             0x00208c8d    0xa8  Code  Lc  APS.o [3]
APS_Init                0x00208ac5    0x30  Code  Gb  APS.o [3]
APS_IsDuplicate         0x0020912d    0x82  Code  Lc  APS.o [3]
APS_ReReflect           0x0020903f    0x78  Code  Lc  APS.o [3]
APS_Reflect             0x00208e6f   0x1d0  Code  Lc  APS.o [3]
APS_ReflectorInit       0x00208aa1    0x24  Code  Gb  APS.o [3]
APS_SetEndDeviceBindTimeout
                        0x00208bd7    0x1e  Code  Gb  APS.o [3]
APS_TaskID              0x20004254     0x1  Data  Gb  APS.o [3]
APS_UnBind              0x00208c55    0x38  Code  Lc  APS.o [3]
APS_event_loop          0x00208af5    0xdc  Code  Gb  APS.o [3]
AddrMgrEntryAdd         0x00215d55    0x58  Code  Lc  AddrMgr.o [3]
AddrMgrEntryAddRef      0x00215ea3    0x3c  Code  Gb  AddrMgr.o [3]
AddrMgrEntryData        0x20005954     0x4  Data  Lc  AddrMgr.o [3]
AddrMgrEntryGet         0x00215f97    0x46  Code  Gb  AddrMgr.o [3]
AddrMgrEntryLookupExt   0x00215f3d    0x5a  Code  Gb  AddrMgr.o [3]
AddrMgrEntryLookupNwk   0x00215edf    0x5e  Code  Gb  AddrMgr.o [3]
AddrMgrEntryRelease     0x00215e6f    0x34  Code  Gb  AddrMgr.o [3]
AddrMgrEntrySet         0x00215d0d    0x48  Code  Lc  AddrMgr.o [3]
AddrMgrEntryTotal       0x20005950     0x2  Data  Lc  AddrMgr.o [3]
AddrMgrEntryUpdate      0x00215fdd   0x124  Code  Gb  AddrMgr.o [3]
AddrMgrEntryValidate    0x00215ce9    0x24  Code  Lc  AddrMgr.o [3]
AddrMgrExtAddrEqual     0x00215dff    0x18  Code  Gb  AddrMgr.o [3]
AddrMgrExtAddrLookup    0x00215e17    0x28  Code  Gb  AddrMgr.o [3]
AddrMgrExtAddrSet       0x00215dd7     0xe  Code  Gb  AddrMgr.o [3]
AddrMgrExtAddrValid     0x00215de5    0x1a  Code  Gb  AddrMgr.o [3]
AddrMgrInit             0x00215dad    0x2a  Code  Gb  AddrMgr.o [3]
AddrMgrIsFull           0x00216101    0x28  Code  Gb  AddrMgr.o [3]
AddrMgrNwkAddrLookup    0x00215e3f    0x30  Code  Gb  AddrMgr.o [3]
AddrMgrWriteNVRequest   0x0020a67b     0x2  Code  Gb  ZDApp.o [1]
App_TaskID              0x20005ae4     0x1  Data  Gb  MT_UART.o [1]
ApsLinkKeyFrmCntr       0x200056b0    0x24  Data  Gb  ZDSecMgr.o [1]
AssocAddNew             0x00212f1d   0x12a  Code  Gb  AssocList.o [3]
AssocChangeNwkAddr      0x0021304d    0x62  Code  Gb  AssocList.o [3]
AssocCheckDupNeighbors  0x0021336d    0x6a  Code  Gb  AssocList.o [3]
AssocChildAging         0x002133d7    0x62  Code  Gb  AssocList.o [3]
AssocChildTableManagement
                        0x00213455    0x3a  Code  Gb  AssocList.o [3]
AssocChildTableUpdateTimeout
                        0x00213439    0x1c  Code  Gb  AssocList.o [3]
AssocCnfFailStr         0x00220c58    0x10  Data  Gb  nwk_globals.o [1]
AssocCnfStr             0x00220d18     0xc  Data  Gb  nwk_globals.o [1]
AssocCount              0x00212ef7    0x26  Code  Gb  AssocList.o [3]
AssocFindDevice         0x00213343    0x2a  Code  Gb  AssocList.o [3]
AssocGetNextNode        0x00213269    0x6a  Code  Lc  AssocList.o [3]
AssocGetWithAddress     0x0021319d    0x74  Code  Gb  AssocList.o [3]
AssocGetWithExt         0x0021313b    0x62  Code  Gb  AssocList.o [3]
AssocGetWithShort       0x00213107    0x34  Code  Gb  AssocList.o [3]
AssocInit               0x00212ef5     0x2  Code  Gb  AssocList.o [3]
AssocIsChild            0x002130af    0x20  Code  Gb  AssocList.o [3]
AssocIsParent           0x002130ef    0x18  Code  Gb  AssocList.o [3]
AssocIsRFChild          0x002130cf    0x20  Code  Gb  AssocList.o [3]
AssocMakeList           0x002132e9    0x48  Code  Gb  AssocList.o [3]
AssocRemove             0x00213217    0x52  Code  Gb  AssocList.o [3]
AssocRspFailStr         0x00220c48    0x10  Data  Gb  nwk_globals.o [1]
AssociatedDevList       0x20004a68   0x1f8  Data  Gb  nwk_globals.o [1]
BUILD_UINT32_16         0x0020e9d9     0xe  Code  Gb  zcl_Coordinator.o [1]
BUILD_UINT64_16         0x0020e9e7    0x46  Code  Gb  zcl_Coordinator.o [1]
BindInitNV              0x002174b9    0x2e  Code  Gb  BindingTable.o [1]
BindRestoreFromNV       0x00217501    0x46  Code  Gb  BindingTable.o [1]
BindSetDefaultNV        0x002174e9    0x16  Code  Gb  BindingTable.o [1]
BindWriteNV             0x00217549    0x6e  Code  Gb  BindingTable.o [1]
BindingTable            0x2000555c    0x38  Data  Gb  nwk_globals.o [1]
BuzzerControl           0x00204a07     0x2  Code  Gb  OnBoard.o [1]
CCMAuthEncryptCheckResult
                        0x0021fb15    0x16  Code  Gb  ccm.o [9]
CCMAuthEncryptGetResult
                        0x0021fb2d    0x88  Code  Gb  ccm.o [9]
CCMAuthEncryptStart     0x0021f9f9   0x11c  Code  Gb  ccm.o [9]
CCMInvAuthDecryptCheckResult
                        0x0021fcc9     0x2  Code  Gb  ccm.o [9]
CCMInvAuthDecryptGetResult
                        0x0021fccd    0xae  Code  Gb  ccm.o [9]
CCMInvAuthDecryptStart  0x0021fbb5   0x114  Code  Gb  ccm.o [9]
CPUcpsid                0x00204eb5     0x8  Code  Gb  cpu.o [9]
CPUcpsie                0x00204ebd     0x8  Code  Gb  cpu.o [9]
Coordinator_TestEp      0x200042ac    0x10  Data  Lc  zcl_Coordinator.o [1]
CskipChldrn             0x20005aea     0x1  Data  Gb  nwk_globals.o [1]
CskipRtrs               0x20005ae9     0x1  Data  Gb  nwk_globals.o [1]
ENERGY_RESET_VALUE      0x200059f0     0x4  Data  Gb  zcl_Coordinator.o [1]
EnergyLevelStr          0x00220c68    0x10  Data  Gb  nwk_globals.o [1]
FSC_Token               0x20005ae7     0x1  Data  Gb  MT_UART.o [1]
FailedStr               0x00220dbc     0x8  Data  Gb  nwk_globals.o [1]
FaultISR                0x002209bf     0x2  Code  Lc  startup_ewarm.o [1]
FlashCacheModeSet       0x0021fdfd    0x12  Code  Gb  flash.o [9]
FlashMainPageErase      0x0021fddd    0x10  Code  Gb  flash.o [9]
GPIODirModeSet          0x00206d9f    0x28  Code  Gb  gpio.o [9]
GPIOGetIntNumber        0x00206d71    0x2e  Code  Gb  gpio.o [9]
GPIOIntTypeSet          0x00206dc7    0x38  Code  Gb  gpio.o [9]
[...]
sspMMOHash              0x0021e499   0x1b6  Code  Gb  ssp_hash.o [3]
ssp_HW_KeyInit          0x0020ec45     0xe  Code  Gb  hal_aes.o [1]
state                   0x20005ae5     0x1  Data  Gb  MT_UART.o [1]
storedRand              0x20005b1c     0x1  Data  Lc  ssp.o [3]
strcat                  0x00204a4d    0x1c  Code  Gb  strcat.o [6]
strlen                  0x002048a5          Code  Gb  strlen.o [8]
tasksArr                0x00220a28    0x28  Data  Gb  OSAL_Coordinator.o [1]
tasksCnt                0x00220602     0x1  Data  Gb  OSAL_Coordinator.o [1]
tasksEvents             0x200059c8     0x4  Data  Gb  OSAL_Coordinator.o [1]
tempDataLen             0x20005ae8     0x1  Data  Gb  MT_UART.o [1]
theHeap                 0x20005b20  0x1800  Data  Lc  OSAL_Memory.o [1]
timeMSec                0x200059c0     0x4  Data  Lc  OSAL_Clock.o [1]
timerAlignedQ           0x200041cc     0x4  Data  Gb  mac_beacon.o [4]
timerHead               0x200059d0     0x4  Data  Gb  OSAL_Timers.o [1]
timerUnalignedQ         0x200041c8     0x4  Data  Gb  mac_beacon.o [4]
txAckReq                0x20005adf     0x1  Data  Lc  mac_tx.o [1]
txComplete              0x00204311    0x26  Code  Lc  mac_tx.o [1]
txCsmaGo                0x00204115    0x2c  Code  Lc  mac_tx.o [1]
txCsmaPrep              0x00204085    0x2c  Code  Lc  mac_tx.o [1]
txGo                    0x002040df    0x36  Code  Lc  mac_tx.o [1]
txGreenPowerPrep        0x002040b1    0x2e  Code  Lc  mac_tx.o [1]
txMT                    0x20005ac2     0x1  Data  Lc  hal_uart.o [1]
txRetransmitFlag        0x20005ae0     0x1  Data  Lc  mac_tx.o [1]
txSeqn                  0x20005ade     0x1  Data  Lc  mac_tx.o [1]
uartRecord              0x20005634    0x2c  Data  Lc  hal_uart.o [1]
ui8BspKeyMode           0x200056f0     0x4  Data  Lc  bsp_key.o [5]
ui8PortAPinHasIsr       0x20005358     0x4  Data  Lc  io_pin_int.o [5]
ui8PortBPinHasIsr       0x2000535c     0x4  Data  Lc  io_pin_int.o [5]
ui8PortCPinHasIsr       0x20005360     0x4  Data  Lc  io_pin_int.o [5]
ui8PortDPinHasIsr       0x20005364     0x4  Data  Lc  io_pin_int.o [5]
updateRolloverflag      0x20005ac6     0x1  Data  Lc  mac_mcu.o [1]
writeBuf                0x0021b9a3   0x16c  Code  Lc  osal_nv.o [1]
writeItem               0x0021bcc5   0x17c  Code  Lc  osal_nv.o [1]
xferBuf                 0x0021bb0f   0x1b6  Code  Lc  osal_nv.o [1]
zclAnalogDataType       0x0020c283    0x26  Code  Gb  zcl.o [1]
zclAuthorizeRead        0x0020c54f    0x2c  Code  Lc  zcl.o [1]
zclAuthorizeWrite       0x0020c663    0x2c  Code  Lc  zcl.o [1]
zclBuildHdr             0x0020beb7    0x60  Code  Lc  zcl.o [1]
zclCalcHdrSize          0x0020bf17    0x14  Code  Lc  zcl.o [1]
zclCmdTable             0x002206d0    0xb8  Data  Lc  zcl.o [1]
zclCoordinatorSeqNum    0x20005af1     0x1  Data  Gb  zcl_Coordinator.o [1]
zclCoordinator_Attrs    0x00220788    0xb4  Data  Gb  zcl_Coordinator_data.o [1]
zclCoordinator_BasicResetCB
                        0x0020dd53    0x14  Code  Lc  zcl_Coordinator.o [1]
zclCoordinator_CmdCallbacks
                        0x20004224    0x30  Data  Lc  zcl_Coordinator.o [1]
zclCoordinator_ControlSequenceOfOperation
                        0x20004328     0x1  Data  Gb  zcl_Coordinator_data.o [1]
zclCoordinator_DateCode
                        0x00220bb8    0x14  Data  Gb  zcl_Coordinator_data.o [1]
zclCoordinator_DeviceEnable
                        0x20004327     0x1  Data  Gb  zcl_Coordinator_data.o [1]
zclCoordinator_DstAddr  0x200058a4     0xc  Data  Gb  zcl_Coordinator.o [1]
zclCoordinator_EZModeCB
                        0x0020ea5b    0xe2  Code  Lc  zcl_Coordinator.o [1]
zclCoordinator_HWRevision
                        0x00220603     0x1  Data  Gb  zcl_Coordinator_data.o [1]
zclCoordinator_HandleKeys
                        0x0020d66f    0x1c  Code  Lc  zcl_Coordinator.o [1]
zclCoordinator_IdentifyCB
                        0x0020dd67    0x10  Code  Lc  zcl_Coordinator.o [1]
zclCoordinator_IdentifyQueryRspCB
                        0x0020ddd5    0x12  Code  Lc  zcl_Coordinator.o [1]
zclCoordinator_IdentifyTime
                        0x20005aa8     0x2  Data  Gb  zcl_Coordinator_data.o [1]
zclCoordinator_InClusterList
                        0x00220e04     0x8  Data  Gb  zcl_Coordinator_data.o [1]
zclCoordinator_Init     0x0020d3c9   0x198  Code  Gb  zcl_Coordinator.o [1]
zclCoordinator_LCDDisplayUpdate
                        0x0020d70d    0x86  Code  Gb  zcl_Coordinator.o [1]
zclCoordinator_LcdDisplayTestMode
                        0x0020d793    0xf6  Code  Gb  zcl_Coordinator.o [1]
zclCoordinator_LcdDisplayTestMode_smaddr
                        0x0020d889   0x156  Code  Gb  zcl_Coordinator.o [1]
zclCoordinator_LocalTemperature
                        0x20005aaa     0x2  Data  Gb  zcl_Coordinator_data.o [1]
zclCoordinator_LocationDescription
                        0x20004270    0x14  Data  Gb  zcl_Coordinator_data.o [1]
zclCoordinator_ManufacturerName
                        0x00220b90    0x14  Data  Gb  zcl_Coordinator_data.o [1]
zclCoordinator_ModelId  0x00220ba4    0x14  Data  Gb  zcl_Coordinator_data.o [1]
zclCoordinator_NetDiscov
                        0x0020e6ad    0x9c  Code  Lc  zcl_Coordinator.o [1]
zclCoordinator_NwkState
                        0x20004326     0x1  Data  Gb  zcl_Coordinator.o [1]
zclCoordinator_OnOff    0x20005af5     0x1  Data  Gb  zcl_Coordinator_data.o [1]
zclCoordinator_OutClusterList
                        0x00220d54     0xc  Data  Gb  zcl_Coordinator_data.o [1]
zclCoordinator_PhysicalEnvironment
                        0x20005af4     0x1  Data  Gb  zcl_Coordinator_data.o [1]
zclCoordinator_PowerSource
                        0x002209cf     0x1  Data  Gb  zcl_Coordinator_data.o [1]
zclCoordinator_ProcessAppMsg
                        0x0020da3d   0x128  Code  Lc  zcl_Coordinator.o [1]
zclCoordinator_ProcessFoundationMsg
                        0x0020db65   0x1ee  Code  Lc  zcl_Coordinator.o [1]
zclCoordinator_ProcessIdentifyTimeChange
                        0x0020d9df    0x52  Code  Lc  zcl_Coordinator.o [1]
zclCoordinator_ProcessInDefaultRspCmd
                        0x0020ea2d     0x6  Code  Lc  zcl_Coordinator.o [1]
zclCoordinator_ProcessInReadRspCmd
                        0x0020de45    0x1a  Code  Lc  zcl_Coordinator.o [1]
zclCoordinator_ProcessInReportCmd
                        0x0020de79   0x65a  Code  Lc  zcl_Coordinator.o [1]
zclCoordinator_ProcessInWriteRspCmd
                        0x0020de5f    0x1a  Code  Lc  zcl_Coordinator.o [1]
zclCoordinator_ProcessIncomingMsg
                        0x0020dde7    0x5e  Code  Lc  zcl_Coordinator.o [1]
zclCoordinator_ProcessZDOMsgs
                        0x0020ea33    0x28  Code  Lc  zcl_Coordinator.o [1]
zclCoordinator_RegisterEZModeData
                        0x00220cc8    0x10  Data  Lc  zcl_Coordinator.o [1]
zclCoordinator_SendAck  0x0020e74d    0xaa  Code  Lc  zcl_Coordinator.o [1]
zclCoordinator_SendParam
                        0x0020e4d9    0x74  Code  Lc  zcl_Coordinator.o [1]
zclCoordinator_SetParam
                        0x0020e561   0x142  Code  Lc  zcl_Coordinator.o [1]
zclCoordinator_SimpleDesc
                        0x20004284    0x14  Data  Gb  zcl_Coordinator_data.o [1]
zclCoordinator_SmartMeterParamCompare
                        0x0020e93d    0x40  Code  Gb  zcl_Coordinator.o [1]
zclCoordinator_SystemMode
                        0x20005af6     0x1  Data  Gb  zcl_Coordinator_data.o [1]
zclCoordinator_TaskID   0x20005af0     0x1  Data  Gb  zcl_Coordinator.o [1]
zclCoordinator_ZCLVersion
                        0x002209ce     0x1  Data  Gb  zcl_Coordinator_data.o [1]
zclCoordinator_controlRegInit
                        0x0020e895    0x86  Code  Lc  zcl_Coordinator.o [1]
zclCoordinator_dataRegInit
                        0x0020e97d    0x24  Code  Lc  zcl_Coordinator.o [1]
zclCoordinator_event_loop
                        0x0020d561   0x10e  Code  Gb  zcl_Coordinator.o [1]
zclCoordinator_nvReadParam
                        0x0020e91b    0x22  Code  Lc  zcl_Coordinator.o [1]
zclCoordinator_parameterInit
                        0x0020e7f7    0x9e  Code  Lc  zcl_Coordinator.o [1]
zclEZModeErr            0x20005af8     0x1  Data  Gb  zcl_ezmode.o [1]
zclEZModeInvokeData     0x20005840    0x10  Data  Gb  zcl_ezmode.o [1]
zclEZModeMatched        0x20005afb     0x1  Data  Gb  zcl_ezmode.o [1]
zclEZModeOpener         0x20005afa     0x1  Data  Gb  zcl_ezmode.o [1]
zclEZModeQueryRspEP     0x20005afc     0x1  Data  Gb  zcl_ezmode.o [1]
zclEZModeQueryRspNwkAddr
                        0x20005aac     0x2  Data  Gb  zcl_ezmode.o [1]
zclEZModeRegisterData   0x20005830    0x10  Data  Gb  zcl_ezmode.o [1]
zclEZModeRegistered     0x20005af7     0x1  Data  Gb  zcl_ezmode.o [1]
zclEZModeState          0x20005af9     0x1  Data  Gb  zcl_ezmode.o [1]
zclFindAttrRec          0x0020bf79    0x78  Code  Gb  zcl.o [1]
zclFindAttrRecsList     0x0020bf53    0x20  Code  Lc  zcl.o [1]
zclFindClusterOption    0x0020c025    0x4a  Code  Lc  zcl.o [1]
zclFindPlugin           0x0020bf2b    0x28  Code  Lc  zcl.o [1]
zclGenCBs               0x200059fc     0x4  Data  Lc  zcl_general.o [1]
zclGenPluginRegisted    0x20005afd     0x1  Data  Lc  zcl_general.o [1]
zclGeneral_FindCallbacks
                        0x0021d467    0x20  Code  Lc  zcl_general.o [1]
zclGeneral_HdlInSpecificCommands
                        0x0021d4c5    0x56  Code  Lc  zcl_general.o [1]
zclGeneral_HdlIncoming  0x0021d491    0x34  Code  Lc  zcl_general.o [1]
zclGeneral_ProcessInBasic
                        0x0021d51b    0x28  Code  Lc  zcl_general.o [1]
zclGeneral_ProcessInIdentity
                        0x0021d543    0xfa  Code  Lc  zcl_general.o [1]
zclGeneral_ProcessInOnOff
                        0x0021d63d    0x32  Code  Lc  zcl_general.o [1]
zclGeneral_RegisterCmdCallbacks
                        0x0021d3b9    0x5c  Code  Gb  zcl_general.o [1]
zclGeneral_SendIdentifyQueryResponse
                        0x0021d415    0x52  Code  Gb  zcl_general.o [1]
zclGetAttrDataLength    0x0020c401    0x46  Code  Gb  zcl.o [1]
zclGetAttrDataLengthUsingCB
                        0x0020c4d1    0x38  Code  Lc  zcl.o [1]
zclGetAuthorizeCB       0x0020c00b    0x1a  Code  Lc  zcl.o [1]
zclGetClusterOption     0x0020c06f    0x26  Code  Lc  zcl.o [1]
zclGetDataTypeLength    0x0020c307    0xfa  Code  Gb  zcl.o [1]
zclGetReadWriteCB       0x0020bff1    0x1a  Code  Lc  zcl.o [1]
zclHA_Init              0x0021d355    0x26  Code  Gb  zcl_ha.o [1]
zclHA_uint16toa         0x0021d37b    0x3a  Code  Gb  zcl_ha.o [1]
zclIsLittleEndianMachine
                        0x0020c2a9    0x10  Code  Lc  zcl.o [1]
zclParseHdr             0x0020be39    0x7e  Code  Gb  zcl.o [1]
zclParseInConfigReportCmd
                        0x0020c96b   0x17e  Code  Gb  zcl.o [1]
zclParseInConfigReportRspCmd
                        0x0020cae9    0x62  Code  Lc  zcl.o [1]
zclParseInDefaultRspCmd
                        0x0020ce2b    0x20  Code  Lc  zcl.o [1]
zclParseInReadCmd       0x0020c68f    0x46  Code  Gb  zcl.o [1]
zclParseInReadReportCfgCmd
                        0x0020cb4b    0x56  Code  Gb  zcl.o [1]
zclParseInReadReportCfgRspCmd
                        0x0020cba1   0x184  Code  Lc  zcl.o [1]
zclParseInReadRspCmd    0x0020c6d5   0x132  Code  Lc  zcl.o [1]
zclParseInReportCmd     0x0020cd25   0x106  Code  Gb  zcl.o [1]
zclParseInWriteCmd      0x0020c807   0x106  Code  Gb  zcl.o [1]
zclParseInWriteRspCmd   0x0020c90d    0x5e  Code  Lc  zcl.o [1]
zclProcessInReadCmd     0x0020ce4b    0xea  Code  Lc  zcl.o [1]
zclProcessInWriteCmd    0x0020cf35   0x16a  Code  Lc  zcl.o [1]
zclProcessInWriteUndividedCmd
                        0x0020d115   0x2b2  Code  Lc  zcl.o [1]
zclReadAttrData         0x0020c447    0x32  Code  Gb  zcl.o [1]
zclReadAttrDataUsingCB  0x0020c509    0x46  Code  Lc  zcl.o [1]
zclRevertWriteUndividedCmd
                        0x0020d09f    0x76  Code  Lc  zcl.o [1]
zclSerializeData        0x0020c0c9   0x1ba  Code  Gb  zcl.o [1]
zclSetSecurityOption    0x0020c095    0x34  Code  Lc  zcl.o [1]
zclWriteAttrData        0x0020c57b    0x70  Code  Lc  zcl.o [1]
zclWriteAttrDataUsingCB
                        0x0020c605    0x5e  Code  Lc  zcl.o [1]
zcl_BuildAnalogData     0x0020c2b9    0x4e  Code  Lc  zcl.o [1]
zcl_DeviceOperational   0x0020b21f    0x5c  Code  Lc  zcl.o [1]
zcl_EZModeAction        0x0021d6fb   0x130  Code  Gb  zcl_ezmode.o [1]
zcl_HandleExternal      0x0020b11d    0x58  Code  Gb  zcl.o [1]
zcl_Init                0x0020b095     0x8  Code  Gb  zcl.o [1]
zcl_InvokeEZMode        0x0021d68b    0x70  Code  Gb  zcl_ezmode.o [1]
zcl_ProcessEZMode       0x0021d84b   0x19a  Code  Lc  zcl_ezmode.o [1]
zcl_ProcessMessageMSG   0x0020bb3f   0x2fa  Code  Gb  zcl.o [1]
zcl_ReadAttrData        0x0020c479    0x58  Code  Gb  zcl.o [1]
zcl_RegisterEZMode      0x0021d671    0x1a  Code  Gb  zcl_ezmode.o [1]
zcl_RegisteredMsgTaskID
                        0x20004325     0x1  Data  Gb  zcl.o [1]
zcl_SendCommand         0x0020b27b   0x160  Code  Gb  zcl.o [1]
zcl_SendConfigReportCmd
                        0x0020b7b9   0x188  Code  Gb  zcl.o [1]
zcl_SendDefaultRspCmd   0x0020bae7    0x58  Code  Gb  zcl.o [1]
zcl_SendRead            0x0020b3f1    0xa8  Code  Gb  zcl.o [1]
zcl_SendReadReportCfgCmd
                        0x0020b941    0xba  Code  Gb  zcl.o [1]
zcl_SendReadRsp         0x0020b499   0x168  Code  Gb  zcl.o [1]
zcl_SendReportCmd       0x0020b9fb    0xec  Code  Gb  zcl.o [1]
zcl_SendWriteRequest    0x0020b601    0xee  Code  Gb  zcl.o [1]
zcl_SendWriteRsp        0x0020b6ef    0xca  Code  Gb  zcl.o [1]
zcl_SetEZModeError      0x0021d845     0x6  Code  Lc  zcl_ezmode.o [1]
zcl_SetEZModeState      0x0021d82b    0x1a  Code  Lc  zcl_ezmode.o [1]
zcl_TaskID              0x20005aee     0x1  Data  Gb  zcl.o [1]
zcl_TransID             0x20005aef     0x1  Data  Lc  zcl.o [1]
zcl_ValidateAttrDataCB  0x200059dc     0x4  Data  Gb  zcl.o [1]
zcl_event_loop          0x0020b09d    0x6a  Code  Gb  zcl.o [1]
zcl_getRawAFMsg         0x0020b175     0x6  Code  Gb  zcl.o [1]
zcl_registerAttrList    0x0020b1cb    0x54  Code  Gb  zcl.o [1]
zcl_registerForMsg      0x0020b107    0x16  Code  Gb  zcl.o [1]
zcl_registerPlugin      0x0020b17b    0x50  Code  Gb  zcl.o [1]
zclscoordinator_startEZmode
                        0x0020d68b    0x82  Code  Lc  zcl_Coordinator.o [1]
zdappHoldKeys           0x20005b02     0x1  Data  Lc  ZDApp.o [1]
zdoCBFunc               0x2000576c    0x1c  Data  Gb  ZDApp.o [1]
zdoMsgCBs               0x20005a28     0x4  Data  Gb  ZDProfile.o [1]
zdoSendStateChangeMsg   0x0021905f    0x46  Code  Lc  ZDObject.o [1]
zdpMsgProcs             0x002208cc    0x68  Data  Gb  ZDProfile.o [1]
zdpProcessAddrReq       0x0021c7df   0x262  Code  Gb  ZDProfile.o [1]
zgApsAckWaitMultiplier  0x2000433d     0x1  Data  Gb  ZGlobals.o [1]
zgApsAllowR19Sec        0x20005b13     0x1  Data  Gb  ZGlobals.o [1]
zgApsDefaultMaxBindingTime
                        0x20004312     0x2  Data  Gb  ZGlobals.o [1]
zgApsLinkKeyType        0x20004341     0x1  Data  Gb  ZGlobals.o [1]
zgApsMinDupRejTableSize
                        0x20004318     0x2  Data  Gb  ZGlobals.o [1]
zgApsNonMemberRadius    0x2000433f     0x1  Data  Gb  ZGlobals.o [1]
zgApsTrustCenterAddr    0x20005938     0x8  Data  Gb  ZGlobals.o [1]
zgApsUseExtendedPANID   0x20005948     0x8  Data  Gb  ZGlobals.o [1]
zgApsUseInsecureJoin    0x2000433e     0x1  Data  Gb  ZGlobals.o [1]
zgApscAckWaitDurationPolled
                        0x20004310     0x2  Data  Gb  ZGlobals.o [1]
zgApscDupRejTimeoutCount
                        0x20004340     0x1  Data  Gb  ZGlobals.o [1]
zgApscDupRejTimeoutInc  0x20004316     0x2  Data  Gb  ZGlobals.o [1]
zgApscMaxFrameRetries   0x2000433c     0x1  Data  Gb  ZGlobals.o [1]
zgBcastDeliveryTime     0x20004337     0x1  Data  Gb  ZGlobals.o [1]
zgChildAgingEnable      0x20005b10     0x1  Data  Gb  ZGlobals.o [1]
zgConcentratorDiscoveryTime
                        0x20005b0d     0x1  Data  Gb  ZGlobals.o [1]
zgConcentratorEnable    0x20005b0c     0x1  Data  Gb  ZGlobals.o [1]
zgConcentratorRC        0x20005b0e     0x1  Data  Gb  ZGlobals.o [1]
zgConcentratorRadius    0x20004339     0x1  Data  Gb  ZGlobals.o [1]
zgConfigPANID           0x2000431a     0x2  Data  Gb  ZGlobals.o [1]
zgDefaultChannelList    0x200042fc     0x4  Data  Gb  ZGlobals.o [1]
zgDefaultStartingScanDuration
                        0x2000432e     0x1  Data  Gb  ZGlobals.o [1]
zgDeviceLogicalType     0x20005b14     0x1  Data  Gb  ZGlobals.o [1]
zgExtendedPANID         0x20005940     0x8  Data  Gb  ZGlobals.o [1]
zgIndirectMsgTimeout    0x20004330     0x1  Data  Gb  ZGlobals.o [1]
zgInit                  0x0021af4b    0x42  Code  Gb  ZGlobals.o [1]
zgInitItems             0x0021af8d    0x52  Code  Gb  ZGlobals.o [1]
zgItemInit              0x0021aef1    0x5a  Code  Lc  ZGlobals.o [1]
zgItemTable             0x002202b4   0x190  Data  Lc  ZGlobals.o [1]
zgMaxBcastRetires       0x20004335     0x1  Data  Gb  ZGlobals.o [1]
zgMaxDataRetries        0x2000432c     0x1  Data  Gb  ZGlobals.o [1]
zgMaxPollFailureRetries
                        0x2000432d     0x1  Data  Gb  ZGlobals.o [1]
zgNwkCommissionedNwkAddr
                        0x20004314     0x2  Data  Gb  ZGlobals.o [1]
zgNwkLeaveRequestAllowed
                        0x2000433b     0x1  Data  Gb  ZGlobals.o [1]
zgNwkMgrMinTransmissions
                        0x20004343     0x1  Data  Gb  ZGlobals.o [1]
zgNwkMgrMode            0x20004344     0x1  Data  Gb  ZGlobals.o [1]
zgNwkMode               0x20004338     0x1  Data  Gb  ZGlobals.o [1]
zgNwkSrcRtgExpiryTime   0x2000433a     0x1  Data  Gb  ZGlobals.o [1]
zgPassiveAckTimeout     0x20004336     0x1  Data  Gb  ZGlobals.o [1]
zgPollRate              0x20004308     0x2  Data  Gb  ZGlobals.o [1]
zgPreConfigKeys         0x20005b11     0x1  Data  Gb  ZGlobals.o [1]
zgPreconfigKeyInit      0x0021b0ad    0x48  Code  Lc  ZGlobals.o [1]
zgQueuedPollRate        0x2000430a     0x2  Data  Gb  ZGlobals.o [1]
zgReadStartupOptions    0x0021afdf    0x28  Code  Gb  ZGlobals.o [1]
zgRejoinPollRate        0x2000430e     0x2  Data  Gb  ZGlobals.o [1]
zgResponsePollRate      0x2000430c     0x2  Data  Gb  ZGlobals.o [1]
zgRouteDiscoveryTime    0x20004333     0x1  Data  Gb  ZGlobals.o [1]
zgRouteExpiryTime       0x20004334     0x1  Data  Gb  ZGlobals.o [1]
zgRouterOffAssocCleanup
                        0x20005b0f     0x1  Data  Gb  ZGlobals.o [1]
zgSapiEndpoint          0x20004345     0x1  Data  Gb  ZGlobals.o [1]
zgSecurePermitJoin      0x20004332     0x1  Data  Gb  ZGlobals.o [1]
zgSecurityMode          0x20004331     0x1  Data  Gb  ZGlobals.o [1]
zgSetItem               0x0021b05d    0x50  Code  Gb  ZGlobals.o [1]
zgStackProfile          0x2000432f     0x1  Data  Gb  ZGlobals.o [1]
zgStartDelay            0x20004342     0x1  Data  Gb  ZGlobals.o [1]
zgUseDefaultTCLK        0x20005b12     0x1  Data  Gb  ZGlobals.o [1]
zgWriteStartupOptions   0x0021b007    0x56  Code  Gb  ZGlobals.o [1]
zmacCBSizeTable         0x00220be0    0x14  Data  Gb  zmac_cb.o [1]
zmain_dev_info          0x0021fff5    0x70  Code  Lc  ZMain.o [1]
zmain_ext_addr          0x0021feed   0x108  Code  Lc  ZMain.o [1]
zmain_lcd_init          0x00220065    0x14  Code  Lc  ZMain.o [1]


[1] = C:\Texas Instruments\Z-Stack Home 1.2.0\Projects\zstack\HomeAutomation_test\Coordinator_wang\CC2538\Coordinator\Obj
[2] = command line
[3] = Router.a
[4] = TIMAC-CC2538.a
[5] = bsp.lib
[6] = dl7M_tln.a
[7] = m7M_tl.a
[8] = rt7M_tl.a
[9] = sdriverlib.lib
[10] = shb_l.a

  131 611 bytes of readonly  code memory
    3 365 bytes of readonly  data memory
   15 137 bytes of readwrite data memory (+ 12 288 absolute)

Errors: none
Warnings: none
